Archive member included to satisfy reference by file (symbol)

C:\Users\vovan\Documents\MCUXpressoIDE_11.0.0_2516\workspace\lpc_board_nxp_lpcxpresso_1549\Debug\liblpc_board_nxp_lpcxpresso_1549.a(board.o)
                              ./src/Lab1.3.o (Board_LED_Set)
C:\Users\vovan\Documents\MCUXpressoIDE_11.0.0_2516\workspace\lpc_board_nxp_lpcxpresso_1549\Debug\liblpc_board_nxp_lpcxpresso_1549.a(board_sysinit.o)
                              ./src/sysinit.o (Board_SystemInit)
C:\Users\vovan\Documents\MCUXpressoIDE_11.0.0_2516\workspace\lpc_chip_15xx\Debug\liblpc_chip_15xx.a(chip_15xx.o)
                              ./src/Lab1.3.o (SystemCoreClockUpdate)
C:\Users\vovan\Documents\MCUXpressoIDE_11.0.0_2516\workspace\lpc_chip_15xx\Debug\liblpc_chip_15xx.a(clock_15xx.o)
                              C:\Users\vovan\Documents\MCUXpressoIDE_11.0.0_2516\workspace\lpc_board_nxp_lpcxpresso_1549\Debug\liblpc_board_nxp_lpcxpresso_1549.a(board.o) (Chip_Clock_GetMainClockRate)
C:\Users\vovan\Documents\MCUXpressoIDE_11.0.0_2516\workspace\lpc_chip_15xx\Debug\liblpc_chip_15xx.a(gpio_15xx.o)
                              C:\Users\vovan\Documents\MCUXpressoIDE_11.0.0_2516\workspace\lpc_board_nxp_lpcxpresso_1549\Debug\liblpc_board_nxp_lpcxpresso_1549.a(board.o) (Chip_GPIO_Init)
C:\Users\vovan\Documents\MCUXpressoIDE_11.0.0_2516\workspace\lpc_chip_15xx\Debug\liblpc_chip_15xx.a(iocon_15xx.o)
                              C:\Users\vovan\Documents\MCUXpressoIDE_11.0.0_2516\workspace\lpc_board_nxp_lpcxpresso_1549\Debug\liblpc_board_nxp_lpcxpresso_1549.a(board_sysinit.o) (Chip_IOCON_SetPinMuxing)
C:\Users\vovan\Documents\MCUXpressoIDE_11.0.0_2516\workspace\lpc_chip_15xx\Debug\liblpc_chip_15xx.a(sct_15xx.o)
                              ./src/Lab1.3.o (Chip_SCT_Init)
C:\Users\vovan\Documents\MCUXpressoIDE_11.0.0_2516\workspace\lpc_chip_15xx\Debug\liblpc_chip_15xx.a(swm_15xx.o)
                              C:\Users\vovan\Documents\MCUXpressoIDE_11.0.0_2516\workspace\lpc_board_nxp_lpcxpresso_1549\Debug\liblpc_board_nxp_lpcxpresso_1549.a(board.o) (Chip_SWM_MovablePinAssign)
C:\Users\vovan\Documents\MCUXpressoIDE_11.0.0_2516\workspace\lpc_chip_15xx\Debug\liblpc_chip_15xx.a(sysctl_15xx.o)
                              C:\Users\vovan\Documents\MCUXpressoIDE_11.0.0_2516\workspace\lpc_board_nxp_lpcxpresso_1549\Debug\liblpc_board_nxp_lpcxpresso_1549.a(board_sysinit.o) (Chip_SYSCTL_AssertPeriphReset)
C:\Users\vovan\Documents\MCUXpressoIDE_11.0.0_2516\workspace\lpc_chip_15xx\Debug\liblpc_chip_15xx.a(sysinit_15xx.o)
                              C:\Users\vovan\Documents\MCUXpressoIDE_11.0.0_2516\workspace\lpc_board_nxp_lpcxpresso_1549\Debug\liblpc_board_nxp_lpcxpresso_1549.a(board_sysinit.o) (Chip_SetupXtalClocking)
C:\Users\vovan\Documents\MCUXpressoIDE_11.0.0_2516\workspace\lpc_chip_15xx\Debug\liblpc_chip_15xx.a(uart_15xx.o)
                              C:\Users\vovan\Documents\MCUXpressoIDE_11.0.0_2516\workspace\lpc_board_nxp_lpcxpresso_1549\Debug\liblpc_board_nxp_lpcxpresso_1549.a(board.o) (Chip_UART_Init)
C:\Users\vovan\Documents\MCUXpressoIDE_11.0.0_2516\workspace\lpc_chip_15xx\Debug\liblpc_chip_15xx.a(ring_buffer.o)
                              C:\Users\vovan\Documents\MCUXpressoIDE_11.0.0_2516\workspace\lpc_chip_15xx\Debug\liblpc_chip_15xx.a(uart_15xx.o) (RingBuffer_Insert)
C:\Users\vovan\Documents\MCUXpressoIDE_11.0.0_2516\workspace\FreeRTOS\Debug\libFreeRTOS.a(tasks.o)
                              ./src/Lab1.3.o (xTaskCreate)
C:\Users\vovan\Documents\MCUXpressoIDE_11.0.0_2516\workspace\FreeRTOS\Debug\libFreeRTOS.a(heap_3.o)
                              C:\Users\vovan\Documents\MCUXpressoIDE_11.0.0_2516\workspace\FreeRTOS\Debug\libFreeRTOS.a(tasks.o) (pvPortMalloc)
C:\Users\vovan\Documents\MCUXpressoIDE_11.0.0_2516\workspace\FreeRTOS\Debug\libFreeRTOS.a(port.o)
                              C:\Users\vovan\Documents\MCUXpressoIDE_11.0.0_2516\workspace\FreeRTOS\Debug\libFreeRTOS.a(tasks.o) (pxPortInitialiseStack)
C:\Users\vovan\Documents\MCUXpressoIDE_11.0.0_2516\workspace\FreeRTOS\Debug\libFreeRTOS.a(FreeRTOSCommonHooks.o)
                              C:\Users\vovan\Documents\MCUXpressoIDE_11.0.0_2516\workspace\FreeRTOS\Debug\libFreeRTOS.a(heap_3.o) (vApplicationMallocFailedHook)
C:\Users\vovan\Documents\MCUXpressoIDE_11.0.0_2516\workspace\FreeRTOS\Debug\libFreeRTOS.a(list.o)
                              C:\Users\vovan\Documents\MCUXpressoIDE_11.0.0_2516\workspace\FreeRTOS\Debug\libFreeRTOS.a(tasks.o) (vListInitialise)
c:/nxp/mcuxpressoide_11.0.0_2516/ide/plugins/com.nxp.mcuxpresso.tools.win32_11.0.0.201905131304/tools/bin/../lib/gcc/arm-none-eabi/8.2.1/thumb/v7-m/nofp\libgcc.a(_aeabi_uldivmod.o)
                              C:\Users\vovan\Documents\MCUXpressoIDE_11.0.0_2516\workspace\lpc_chip_15xx\Debug\liblpc_chip_15xx.a(clock_15xx.o) (__aeabi_uldivmod)
c:/nxp/mcuxpressoide_11.0.0_2516/ide/plugins/com.nxp.mcuxpresso.tools.win32_11.0.0.201905131304/tools/bin/../lib/gcc/arm-none-eabi/8.2.1/thumb/v7-m/nofp\libgcc.a(_udivmoddi4.o)
[...]
Memory Configuration

Name             Origin             Length             Attributes
MFlash256        0x00000000         0x00040000         xr
Ram0_16          0x02000000         0x00004000         xrw
Ram1_16          0x02004000         0x00004000         xrw
Ram2_4           0x02008000         0x00001000         xrw
*default*        0x00000000         0xffffffff

Linker script and memory map

LOAD ./src/DigitalIoPin.o
LOAD ./src/Lab1.3.o
LOAD ./src/cr_cpp_config.o
LOAD ./src/cr_startup_lpc15xx.o
LOAD ./src/crp.o
LOAD ./src/sysinit.o
LOAD C:\Users\vovan\Documents\MCUXpressoIDE_11.0.0_2516\workspace\lpc_board_nxp_lpcxpresso_1549\Debug\liblpc_board_nxp_lpcxpresso_1549.a
LOAD C:\Users\vovan\Documents\MCUXpressoIDE_11.0.0_2516\workspace\lpc_chip_15xx\Debug\liblpc_chip_15xx.a
LOAD C:\Users\vovan\Documents\MCUXpressoIDE_11.0.0_2516\workspace\FreeRTOS\Debug\libFreeRTOS.a
START GROUP
LOAD c:/nxp/mcuxpressoide_11.0.0_2516/ide/plugins/com.nxp.mcuxpresso.tools.win32_11.0.0.201905131304/tools/bin/../lib/gcc/arm-none-eabi/8.2.1/thumb/v7-m/nofp\libgcc.a
LOAD c:/nxp/mcuxpressoide_11.0.0_2516/ide/plugins/com.nxp.mcuxpresso.tools.win32_11.0.0.201905131304/tools/bin/../lib/gcc/arm-none-eabi/8.2.1/../../../../arm-none-eabi/lib/thumb/v7-m/nofp\libc.a
LOAD c:/nxp/mcuxpressoide_11.0.0_2516/ide/plugins/com.nxp.mcuxpresso.tools.win32_11.0.0.201905131304/tools/bin/../lib/gcc/arm-none-eabi/8.2.1/../../../../arm-none-eabi/lib/thumb/v7-m/nofp\libstdc++.a
LOAD c:/nxp/mcuxpressoide_11.0.0_2516/ide/plugins/com.nxp.mcuxpresso.tools.win32_11.0.0.201905131304/tools/bin/../lib/gcc/arm-none-eabi/8.2.1/../../../../arm-none-eabi/lib/thumb/v7-m/nofp\libm.a
LOAD c:/nxp/mcuxpressoide_11.0.0_2516/ide/plugins/com.nxp.mcuxpresso.tools.win32_11.0.0.201905131304/tools/bin/../lib/gcc/arm-none-eabi/8.2.1/../../../../arm-none-eabi/lib/thumb/v7-m/nofp\libcr_newlib_nohost.a
LOAD c:/nxp/mcuxpressoide_11.0.0_2516/ide/plugins/com.nxp.mcuxpresso.tools.win32_11.0.0.201905131304/tools/bin/../lib/gcc/arm-none-eabi/8.2.1/thumb/v7-m/nofp\crti.o
LOAD c:/nxp/mcuxpressoide_11.0.0_2516/ide/plugins/com.nxp.mcuxpresso.tools.win32_11.0.0.201905131304/tools/bin/../lib/gcc/arm-none-eabi/8.2.1/thumb/v7-m/nofp\crtn.o
LOAD c:/nxp/mcuxpressoide_11.0.0_2516/ide/plugins/com.nxp.mcuxpresso.tools.win32_11.0.0.201905131304/tools/bin/../lib/gcc/arm-none-eabi/8.2.1/thumb/v7-m/nofp\crtbegin.o
LOAD c:/nxp/mcuxpressoide_11.0.0_2516/ide/plugins/com.nxp.mcuxpresso.tools.win32_11.0.0.201905131304/tools/bin/../lib/gcc/arm-none-eabi/8.2.1/thumb/v7-m/nofp\crtend.o
END GROUP
                0x00000000                __base_MFlash256 = 0x0
                0x00000000                __base_Flash = 0x0
                0x00040000                __top_MFlash256 = 0x40000
                0x00040000                __top_Flash = 0x40000
                0x02000000                __base_Ram0_16 = 0x2000000
                0x02000000                __base_RAM = 0x2000000
                0x02004000                __top_Ram0_16 = 0x2004000
                0x02004000                __top_RAM = 0x2004000
                0x02004000                __base_Ram1_16 = 0x2004000
                0x02004000                __base_RAM2 = 0x2004000
                0x02008000                __top_Ram1_16 = 0x2008000
                0x02008000                __top_RAM2 = 0x2008000
                0x02008000                __base_Ram2_4 = 0x2008000
                0x02008000                __base_RAM3 = 0x2008000
                0x02009000                __top_Ram2_4 = 0x2009000
                0x02009000                __top_RAM3 = 0x2009000

.text           0x00000000     0x8394
 FILL mask 0xff
                0x00000000                __vectors_start__ = ABSOLUTE (.)
 *(.isr_vector)
 .isr_vector    0x00000000       0xfc ./src/cr_startup_lpc15xx.o
                0x00000000                g_pfnVectors
                0x000000fc                . = ALIGN (0x4)
                0x000000fc                __section_table_start = .
                0x000000fc                __data_section_table = .
                0x000000fc        0x4 LONG 0x839c LOADADDR (.data)
                0x00000100        0x4 LONG 0x2000000 ADDR (.data)
                0x00000104        0x4 LONG 0x9ac SIZEOF (.data)
                0x00000108        0x4 LONG 0x839c LOADADDR (.data_RAM2)
                0x0000010c        0x4 LONG 0x2004000 ADDR (.data_RAM2)
                0x00000110        0x4 LONG 0x0 SIZEOF (.data_RAM2)
                0x00000114        0x4 LONG 0x839c LOADADDR (.data_RAM3)
                0x00000118        0x4 LONG 0x2008000 ADDR (.data_RAM3)
                0x0000011c        0x4 LONG 0x0 SIZEOF (.data_RAM3)
                0x00000120                __data_section_table_end = .
                0x00000120                __bss_section_table = .
                0x00000120        0x4 LONG 0x20009ac ADDR (.bss)
                0x00000124        0x4 LONG 0x1c8 SIZEOF (.bss)
                0x00000128        0x4 LONG 0x2004000 ADDR (.bss_RAM2)
                0x0000012c        0x4 LONG 0x0 SIZEOF (.bss_RAM2)
                0x00000130        0x4 LONG 0x2008000 ADDR (.bss_RAM3)
                0x00000134        0x4 LONG 0x0 SIZEOF (.bss_RAM3)
                0x00000138                __bss_section_table_end = .
                0x00000138                __section_table_end = .
 *(.after_vectors*)
 .after_vectors
                0x00000138      0x140 ./src/cr_startup_lpc15xx.o
                0x00000138                data_init(unsigned int, unsigned int, unsigned int)
                0x0000017a                bss_init(unsigned int, unsigned int)
                0x000001b0                ResetISR
                0x0000023c                NMI_Handler
                0x00000242                HardFault_Handler
                0x00000248                MemManage_Handler
                0x0000024e                BusFault_Handler
                0x00000254                UsageFault_Handler
                0x00000260                DebugMon_Handler
                0x00000272                UART1_IRQHandler
                0x00000272                RTC_WAKE_IRQHandler
                0x00000272                UART0_IRQHandler
                0x00000272                MRT_IRQHandler
                0x00000272                ADC1_THCMP_IRQHandler
                0x00000272                SPI1_IRQHandler
                0x00000272                PIN_INT6_IRQHandler
                0x00000272                IntDefaultHandler
                0x00000272                PIN_INT4_IRQHandler
                0x00000272                CAN_IRQHandler
                0x00000272                RTC_ALARM_IRQHandler
                0x00000272                ADC1B_IRQHandler
                0x00000272                ADC1_OVR_IRQHandler
                0x00000272                USBWakeup_IRQHandler
                0x00000272                UART2_IRQHandler
                0x00000272                ADC0_OVR_IRQHandler
                0x00000272                SCT1_IRQHandler
                0x00000272                PIN_INT2_IRQHandler
                0x00000272                USB_FIQHandler
                0x00000272                SCT3_IRQHandler
                0x00000272                PIN_INT7_IRQHandler
                0x00000272                I2C0_IRQHandler
                0x00000272                PIN_INT1_IRQHandler
                0x00000272                USB_IRQHandler
                0x00000272                BOD_IRQHandler
                0x00000272                ADC0B_IRQHandler
                0x00000272                ACMP0_IRQHandler
                0x00000272                RIT_IRQHandler
                0x00000272                SCT2_IRQHandler
                0x00000272                WDT_IRQHandler
                0x00000272                PIN_INT0_IRQHandler
                0x00000272                QEI_IRQHandler
                0x00000272                ACMP3_IRQHandler
                0x00000272                GINT0_IRQHandler
                0x00000272                DAC_IRQHandler
                0x00000272                SPI0_IRQHandler
                0x00000272                EEPROM_IRQHandler
                0x00000272                ACMP2_IRQHandler
                0x00000272                PIN_INT5_IRQHandler
                0x00000272                ADC1A_IRQHandler
                0x00000272                DMA_IRQHandler
                0x00000272                PIN_INT3_IRQHandler
                0x00000272                ACMP1_IRQHandler
                0x00000272                SCT0_IRQHandler
                0x00000272                ADC0A_IRQHandler
                0x00000272                FMC_IRQHandler
                0x00000272                GINT1_IRQHandler
                0x00000272                ADC0_THCMP_IRQHandler
 *(.text*)
 .text.Chip_IOCON_PinMuxSet
                0x00000278       0x2c ./src/DigitalIoPin.o
 .text.Chip_GPIO_GetPinState
                0x000002a4       0x34 ./src/DigitalIoPin.o
 .text.Chip_GPIO_SetPinDIROutput
                0x000002d8       0x3c ./src/DigitalIoPin.o
 .text.Chip_GPIO_SetPinDIRInput
                0x00000314       0x3e ./src/DigitalIoPin.o
 *fill*         0x00000352        0x2 ff
 .text._ZN12DigitalIoPinC2EiiNS_7pinModeEb
                0x00000354       0xc0 ./src/DigitalIoPin.o
                0x00000354                DigitalIoPin::DigitalIoPin(int, int, DigitalIoPin::pinMode, bool)
                0x00000354                DigitalIoPin::DigitalIoPin(int, int, DigitalIoPin::pinMode, bool)
 .text._ZN12DigitalIoPinD2Ev
                0x00000414       0x20 ./src/DigitalIoPin.o
                0x00000414                DigitalIoPin::~DigitalIoPin()
                0x00000414                DigitalIoPin::~DigitalIoPin()
 .text._ZN12DigitalIoPinD0Ev
                0x00000434       0x20 ./src/DigitalIoPin.o
                0x00000434                DigitalIoPin::~DigitalIoPin()
 .text._ZN12DigitalIoPin4readEv
                0x00000454       0x28 ./src/DigitalIoPin.o
                0x00000454                DigitalIoPin::read()
 .text._ZL16prvSetupHardwarev
                0x0000047c       0x18 ./src/Lab1.3.o
 .text._ZL9vLEDTask1Pv
                0x00000494       0x9e ./src/Lab1.3.o
 .text._ZL9vLEDTask2Pv
                0x00000532       0x28 ./src/Lab1.3.o
 *fill*         0x0000055a        0x2 ff
 .text._ZL9vUARTTaskPv
                0x0000055c       0xb4 ./src/Lab1.3.o
 .text.main     0x00000610       0x6c ./src/Lab1.3.o
                0x00000610                main
 .text._ZdlPv   0x0000067c       0x16 ./src/cr_cpp_config.o
                0x0000067c                operator delete(void*)
 .text.SystemInit
                0x00000692        0xc ./src/sysinit.o
                0x00000692                SystemInit
 .text.Chip_IOCON_PinMuxSet
                0x0000069e       0x2c C:\Users\vovan\Documents\MCUXpressoIDE_11.0.0_2516\workspace\lpc_board_nxp_lpcxpresso_1549\Debug\liblpc_board_nxp_lpcxpresso_1549.a(board.o)
 .text.Chip_SWM_MovablePortPinAssign
                0x000006ca       0x30 C:\Users\vovan\Documents\MCUXpressoIDE_11.0.0_2516\workspace\lpc_board_nxp_lpcxpresso_1549\Debug\liblpc_board_nxp_lpcxpresso_1549.a(board.o)
 .text.Chip_GPIO_SetPinState
                0x000006fa       0x36 C:\Users\vovan\Documents\MCUXpressoIDE_11.0.0_2516\workspace\lpc_board_nxp_lpcxpresso_1549\Debug\liblpc_board_nxp_lpcxpresso_1549.a(board.o)
 .text.Chip_GPIO_SetPinDIROutput
                0x00000730       0x3c C:\Users\vovan\Documents\MCUXpressoIDE_11.0.0_2516\workspace\lpc_board_nxp_lpcxpresso_1549\Debug\liblpc_board_nxp_lpcxpresso_1549.a(board.o)
 .text.Chip_UART_Enable
                0x0000076c       0x1e C:\Users\vovan\Documents\MCUXpressoIDE_11.0.0_2516\workspace\lpc_board_nxp_lpcxpresso_1549\Debug\liblpc_board_nxp_lpcxpresso_1549.a(board.o)
 .text.Chip_UART_TXEnable
                0x0000078a       0x1e C:\Users\vovan\Documents\MCUXpressoIDE_11.0.0_2516\workspace\lpc_board_nxp_lpcxpresso_1549\Debug\liblpc_board_nxp_lpcxpresso_1549.a(board.o)
 .text.Chip_UART_ConfigData
                0x000007a8       0x28 C:\Users\vovan\Documents\MCUXpressoIDE_11.0.0_2516\workspace\lpc_board_nxp_lpcxpresso_1549\Debug\liblpc_board_nxp_lpcxpresso_1549.a(board.o)
 .text._write   0x000007d0       0x38 C:\Users\vovan\Documents\MCUXpressoIDE_11.0.0_2516\workspace\lpc_board_nxp_lpcxpresso_1549\Debug\liblpc_board_nxp_lpcxpresso_1549.a(board.o)
                0x000007d0                _write
 .text._read    0x00000808       0x48 C:\Users\vovan\Documents\MCUXpressoIDE_11.0.0_2516\workspace\lpc_board_nxp_lpcxpresso_1549\Debug\liblpc_board_nxp_lpcxpresso_1549.a(board.o)
                0x00000808                _read
 .text.Board_UARTPutChar
                0x00000850       0x24 C:\Users\vovan\Documents\MCUXpressoIDE_11.0.0_2516\workspace\lpc_board_nxp_lpcxpresso_1549\Debug\liblpc_board_nxp_lpcxpresso_1549.a(board.o)
                0x00000850                Board_UARTPutChar
 .text.Board_UARTGetChar
                0x00000874       0x2c C:\Users\vovan\Documents\MCUXpressoIDE_11.0.0_2516\workspace\lpc_board_nxp_lpcxpresso_1549\Debug\liblpc_board_nxp_lpcxpresso_1549.a(board.o)
                0x00000874                Board_UARTGetChar
 .text.Board_Debug_Init
                0x000008a0       0x70 C:\Users\vovan\Documents\MCUXpressoIDE_11.0.0_2516\workspace\lpc_board_nxp_lpcxpresso_1549\Debug\liblpc_board_nxp_lpcxpresso_1549.a(board.o)
                0x000008a0                Board_Debug_Init
 .text.Board_LED_Init
                0x00000910       0x5c C:\Users\vovan\Documents\MCUXpressoIDE_11.0.0_2516\workspace\lpc_board_nxp_lpcxpresso_1549\Debug\liblpc_board_nxp_lpcxpresso_1549.a(board.o)
 .text.Board_LED_Set
                0x0000096c       0x54 C:\Users\vovan\Documents\MCUXpressoIDE_11.0.0_2516\workspace\lpc_board_nxp_lpcxpresso_1549\Debug\liblpc_board_nxp_lpcxpresso_1549.a(board.o)
                0x0000096c                Board_LED_Set
 .text.Board_Init
                0x000009c0       0x18 C:\Users\vovan\Documents\MCUXpressoIDE_11.0.0_2516\workspace\lpc_board_nxp_lpcxpresso_1549\Debug\liblpc_board_nxp_lpcxpresso_1549.a(board.o)
                0x000009c0                Board_Init
 .text.Chip_SYSCTL_PeriphReset
                0x000009d8       0x22 C:\Users\vovan\Documents\MCUXpressoIDE_11.0.0_2516\workspace\lpc_board_nxp_lpcxpresso_1549\Debug\liblpc_board_nxp_lpcxpresso_1549.a(board_sysinit.o)
 *fill*         0x000009fa        0x2 ff
 .text.Chip_Clock_SetUSBPLLSource
                0x000009fc       0x20 C:\Users\vovan\Documents\MCUXpressoIDE_11.0.0_2516\workspace\lpc_board_nxp_lpcxpresso_1549\Debug\liblpc_board_nxp_lpcxpresso_1549.a(board_sysinit.o)
 .text.Chip_Clock_SetupUSBPLL
                0x00000a1c       0x34 C:\Users\vovan\Documents\MCUXpressoIDE_11.0.0_2516\workspace\lpc_board_nxp_lpcxpresso_1549\Debug\liblpc_board_nxp_lpcxpresso_1549.a(board_sysinit.o)
 .text.Chip_Clock_IsUSBPLLLocked
                0x00000a50       0x24 C:\Users\vovan\Documents\MCUXpressoIDE_11.0.0_2516\workspace\lpc_board_nxp_lpcxpresso_1549\Debug\liblpc_board_nxp_lpcxpresso_1549.a(board_sysinit.o)
 .text.Chip_Clock_SetSysTickClockDiv
                0x00000a74       0x20 C:\Users\vovan\Documents\MCUXpressoIDE_11.0.0_2516\workspace\lpc_board_nxp_lpcxpresso_1549\Debug\liblpc_board_nxp_lpcxpresso_1549.a(board_sysinit.o)
 .text.Chip_SWM_MovablePortPinAssign
                0x00000a94       0x30 C:\Users\vovan\Documents\MCUXpressoIDE_11.0.0_2516\workspace\lpc_board_nxp_lpcxpresso_1549\Debug\liblpc_board_nxp_lpcxpresso_1549.a(board_sysinit.o)
 .text.Board_SetupMuxing
                0x00000ac4       0x80 C:\Users\vovan\Documents\MCUXpressoIDE_11.0.0_2516\workspace\lpc_board_nxp_lpcxpresso_1549\Debug\liblpc_board_nxp_lpcxpresso_1549.a(board_sysinit.o)
                0x00000ac4                Board_SetupMuxing
 .text.Board_SetupClocking
                0x00000b44       0x3a C:\Users\vovan\Documents\MCUXpressoIDE_11.0.0_2516\workspace\lpc_board_nxp_lpcxpresso_1549\Debug\liblpc_board_nxp_lpcxpresso_1549.a(board_sysinit.o)
                0x00000b44                Board_SetupClocking
 *fill*         0x00000b7e        0x2 ff
 .text.Board_SystemInit
                0x00000b80       0x1c C:\Users\vovan\Documents\MCUXpressoIDE_11.0.0_2516\workspace\lpc_board_nxp_lpcxpresso_1549\Debug\liblpc_board_nxp_lpcxpresso_1549.a(board_sysinit.o)
                0x00000b80                Board_SystemInit
 .text.SystemCoreClockUpdate
                0x00000b9c       0x18 C:\Users\vovan\Documents\MCUXpressoIDE_11.0.0_2516\workspace\lpc_chip_15xx\Debug\liblpc_chip_15xx.a(chip_15xx.o)
                0x00000b9c                SystemCoreClockUpdate
 .text.Chip_Clock_SetMain_A_ClockSource
                0x00000bb4       0x20 C:\Users\vovan\Documents\MCUXpressoIDE_11.0.0_2516\workspace\lpc_chip_15xx\Debug\liblpc_chip_15xx.a(clock_15xx.o)
 .text.Chip_Clock_GetMain_A_ClockSource
                0x00000bd4       0x18 C:\Users\vovan\Documents\MCUXpressoIDE_11.0.0_2516\workspace\lpc_chip_15xx\Debug\liblpc_chip_15xx.a(clock_15xx.o)
 .text.Chip_Clock_SetMain_B_ClockSource
                0x00000bec       0x20 C:\Users\vovan\Documents\MCUXpressoIDE_11.0.0_2516\workspace\lpc_chip_15xx\Debug\liblpc_chip_15xx.a(clock_15xx.o)
 .text.Chip_Clock_GetMain_B_ClockSource
                0x00000c0c       0x18 C:\Users\vovan\Documents\MCUXpressoIDE_11.0.0_2516\workspace\lpc_chip_15xx\Debug\liblpc_chip_15xx.a(clock_15xx.o)
 .text.Chip_Clock_SetUARTFRGDivider
                0x00000c24       0x20 C:\Users\vovan\Documents\MCUXpressoIDE_11.0.0_2516\workspace\lpc_chip_15xx\Debug\liblpc_chip_15xx.a(clock_15xx.o)
 .text.Chip_Clock_GetUARTFRGDivider
                0x00000c44       0x18 C:\Users\vovan\Documents\MCUXpressoIDE_11.0.0_2516\workspace\lpc_chip_15xx\Debug\liblpc_chip_15xx.a(clock_15xx.o)
 .text.Chip_Clock_GetMainOscRate
                0x00000c5c       0x14 C:\Users\vovan\Documents\MCUXpressoIDE_11.0.0_2516\workspace\lpc_chip_15xx\Debug\liblpc_chip_15xx.a(clock_15xx.o)
 .text.Chip_Clock_GetIntOscRate
                0x00000c70       0x14 C:\Users\vovan\Documents\MCUXpressoIDE_11.0.0_2516\workspace\lpc_chip_15xx\Debug\liblpc_chip_15xx.a(clock_15xx.o)
 .text.Chip_Clock_GetRTCOscRate
                0x00000c84       0x14 C:\Users\vovan\Documents\MCUXpressoIDE_11.0.0_2516\workspace\lpc_chip_15xx\Debug\liblpc_chip_15xx.a(clock_15xx.o)
 .text.Chip_Clock_GetWDTOSCRate
                0x00000c98       0x14 C:\Users\vovan\Documents\MCUXpressoIDE_11.0.0_2516\workspace\lpc_chip_15xx\Debug\liblpc_chip_15xx.a(clock_15xx.o)
 .text.Chip_Clock_GetPLLFreq
                0x00000cac       0x26 C:\Users\vovan\Documents\MCUXpressoIDE_11.0.0_2516\workspace\lpc_chip_15xx\Debug\liblpc_chip_15xx.a(clock_15xx.o)
 .text.Chip_Clock_GetPLLInClockRate
                0x00000cd2       0x38 C:\Users\vovan\Documents\MCUXpressoIDE_11.0.0_2516\workspace\lpc_chip_15xx\Debug\liblpc_chip_15xx.a(clock_15xx.o)
 *fill*         0x00000d0a        0x2 ff
 .text.Chip_Clock_GetSystemPLLInClockRate
                0x00000d0c       0x1c C:\Users\vovan\Documents\MCUXpressoIDE_11.0.0_2516\workspace\lpc_chip_15xx\Debug\liblpc_chip_15xx.a(clock_15xx.o)
                0x00000d0c                Chip_Clock_GetSystemPLLInClockRate
 .text.Chip_Clock_GetSystemPLLOutClockRate
                0x00000d28       0x24 C:\Users\vovan\Documents\MCUXpressoIDE_11.0.0_2516\workspace\lpc_chip_15xx\Debug\liblpc_chip_15xx.a(clock_15xx.o)
                0x00000d28                Chip_Clock_GetSystemPLLOutClockRate
 .text.Chip_Clock_GetMain_A_ClockRate
                0x00000d4c       0x44 C:\Users\vovan\Documents\MCUXpressoIDE_11.0.0_2516\workspace\lpc_chip_15xx\Debug\liblpc_chip_15xx.a(clock_15xx.o)
                0x00000d4c                Chip_Clock_GetMain_A_ClockRate
 .text.Chip_Clock_GetMain_B_ClockRate
                0x00000d90       0x58 C:\Users\vovan\Documents\MCUXpressoIDE_11.0.0_2516\workspace\lpc_chip_15xx\Debug\liblpc_chip_15xx.a(clock_15xx.o)
                0x00000d90                Chip_Clock_GetMain_B_ClockRate
 .text.Chip_Clock_SetMainClockSource
                0x00000de8       0x3c C:\Users\vovan\Documents\MCUXpressoIDE_11.0.0_2516\workspace\lpc_chip_15xx\Debug\liblpc_chip_15xx.a(clock_15xx.o)
                0x00000de8                Chip_Clock_SetMainClockSource
 .text.Chip_Clock_GetMainClockRate
                0x00000e24       0x28 C:\Users\vovan\Documents\MCUXpressoIDE_11.0.0_2516\workspace\lpc_chip_15xx\Debug\liblpc_chip_15xx.a(clock_15xx.o)
                0x00000e24                Chip_Clock_GetMainClockRate
 .text.Chip_Clock_EnablePeriphClock
                0x00000e4c       0x58 C:\Users\vovan\Documents\MCUXpressoIDE_11.0.0_2516\workspace\lpc_chip_15xx\Debug\liblpc_chip_15xx.a(clock_15xx.o)
                0x00000e4c                Chip_Clock_EnablePeriphClock
 .text.Chip_Clock_GetUARTBaseClockRate
                0x00000ea4       0x8c C:\Users\vovan\Documents\MCUXpressoIDE_11.0.0_2516\workspace\lpc_chip_15xx\Debug\liblpc_chip_15xx.a(clock_15xx.o)
                0x00000ea4                Chip_Clock_GetUARTBaseClockRate
 .text.Chip_Clock_SetUARTBaseClockRate
                0x00000f30       0xa4 C:\Users\vovan\Documents\MCUXpressoIDE_11.0.0_2516\workspace\lpc_chip_15xx\Debug\liblpc_chip_15xx.a(clock_15xx.o)
                0x00000f30                Chip_Clock_SetUARTBaseClockRate
 .text.Chip_Clock_GetSystemClockRate
                0x00000fd4       0x1c C:\Users\vovan\Documents\MCUXpressoIDE_11.0.0_2516\workspace\lpc_chip_15xx\Debug\liblpc_chip_15xx.a(clock_15xx.o)
                0x00000fd4                Chip_Clock_GetSystemClockRate
 .text.Chip_SYSCTL_PeriphReset
                0x00000ff0       0x22 C:\Users\vovan\Documents\MCUXpressoIDE_11.0.0_2516\workspace\lpc_chip_15xx\Debug\liblpc_chip_15xx.a(gpio_15xx.o)
 .text.Chip_GPIO_Init
                0x00001012       0x2e C:\Users\vovan\Documents\MCUXpressoIDE_11.0.0_2516\workspace\lpc_chip_15xx\Debug\liblpc_chip_15xx.a(gpio_15xx.o)
                0x00001012                Chip_GPIO_Init
 .text.Chip_IOCON_PinMuxSet
                0x00001040       0x2c C:\Users\vovan\Documents\MCUXpressoIDE_11.0.0_2516\workspace\lpc_chip_15xx\Debug\liblpc_chip_15xx.a(iocon_15xx.o)
 .text.Chip_IOCON_SetPinMuxing
                0x0000106c       0x4e C:\Users\vovan\Documents\MCUXpressoIDE_11.0.0_2516\workspace\lpc_chip_15xx\Debug\liblpc_chip_15xx.a(iocon_15xx.o)
                0x0000106c                Chip_IOCON_SetPinMuxing
 *fill*         0x000010ba        0x2 ff
 .text.Chip_SWM_MovablePinAssign
                0x000010bc       0x5c C:\Users\vovan\Documents\MCUXpressoIDE_11.0.0_2516\workspace\lpc_chip_15xx\Debug\liblpc_chip_15xx.a(swm_15xx.o)
                0x000010bc                Chip_SWM_MovablePinAssign
 .text.Chip_SYSCTL_AssertPeriphReset
                0x00001118       0x4c C:\Users\vovan\Documents\MCUXpressoIDE_11.0.0_2516\workspace\lpc_chip_15xx\Debug\liblpc_chip_15xx.a(sysctl_15xx.o)
                0x00001118                Chip_SYSCTL_AssertPeriphReset
 .text.Chip_SYSCTL_DeassertPeriphReset
                0x00001164       0x50 C:\Users\vovan\Documents\MCUXpressoIDE_11.0.0_2516\workspace\lpc_chip_15xx\Debug\liblpc_chip_15xx.a(sysctl_15xx.o)
                0x00001164                Chip_SYSCTL_DeassertPeriphReset
 .text.Chip_SYSCTL_PowerDown
                0x000011b4       0x40 C:\Users\vovan\Documents\MCUXpressoIDE_11.0.0_2516\workspace\lpc_chip_15xx\Debug\liblpc_chip_15xx.a(sysctl_15xx.o)
                0x000011b4                Chip_SYSCTL_PowerDown
 .text.Chip_SYSCTL_PowerUp
                0x000011f4       0x40 C:\Users\vovan\Documents\MCUXpressoIDE_11.0.0_2516\workspace\lpc_chip_15xx\Debug\liblpc_chip_15xx.a(sysctl_15xx.o)
                0x000011f4                Chip_SYSCTL_PowerUp
 .text.Chip_FMC_SetFLASHAccess
                0x00001234       0x38 C:\Users\vovan\Documents\MCUXpressoIDE_11.0.0_2516\workspace\lpc_chip_15xx\Debug\liblpc_chip_15xx.a(sysinit_15xx.o)
 .text.Chip_Clock_SetSystemPLLSource
                0x0000126c       0x20 C:\Users\vovan\Documents\MCUXpressoIDE_11.0.0_2516\workspace\lpc_chip_15xx\Debug\liblpc_chip_15xx.a(sysinit_15xx.o)
 .text.Chip_Clock_SetupSystemPLL
                0x0000128c       0x34 C:\Users\vovan\Documents\MCUXpressoIDE_11.0.0_2516\workspace\lpc_chip_15xx\Debug\liblpc_chip_15xx.a(sysinit_15xx.o)
 .text.Chip_Clock_IsSystemPLLLocked
                0x000012c0       0x24 C:\Users\vovan\Documents\MCUXpressoIDE_11.0.0_2516\workspace\lpc_chip_15xx\Debug\liblpc_chip_15xx.a(sysinit_15xx.o)
 .text.Chip_Clock_SetSysClockDiv
                0x000012e4       0x20 C:\Users\vovan\Documents\MCUXpressoIDE_11.0.0_2516\workspace\lpc_chip_15xx\Debug\liblpc_chip_15xx.a(sysinit_15xx.o)
 .text.Chip_SetupXtalClocking
                0x00001304       0x6c C:\Users\vovan\Documents\MCUXpressoIDE_11.0.0_2516\workspace\lpc_chip_15xx\Debug\liblpc_chip_15xx.a(sysinit_15xx.o)
                0x00001304                Chip_SetupXtalClocking
 .text.Chip_SYSCTL_PeriphReset
                0x00001370       0x22 C:\Users\vovan\Documents\MCUXpressoIDE_11.0.0_2516\workspace\lpc_chip_15xx\Debug\liblpc_chip_15xx.a(uart_15xx.o)
 .text.Chip_UART_SendByte
                0x00001392       0x1c C:\Users\vovan\Documents\MCUXpressoIDE_11.0.0_2516\workspace\lpc_chip_15xx\Debug\liblpc_chip_15xx.a(uart_15xx.o)
 .text.Chip_UART_ReadByte
                0x000013ae       0x1a C:\Users\vovan\Documents\MCUXpressoIDE_11.0.0_2516\workspace\lpc_chip_15xx\Debug\liblpc_chip_15xx.a(uart_15xx.o)
 .text.Chip_UART_GetStatus
                0x000013c8       0x16 C:\Users\vovan\Documents\MCUXpressoIDE_11.0.0_2516\workspace\lpc_chip_15xx\Debug\liblpc_chip_15xx.a(uart_15xx.o)
 *fill*         0x000013de        0x2 ff
 .text.getUARTClockID
                0x000013e0       0x34 C:\Users\vovan\Documents\MCUXpressoIDE_11.0.0_2516\workspace\lpc_chip_15xx\Debug\liblpc_chip_15xx.a(uart_15xx.o)
 .text.Chip_UART_Init
                0x00001414       0x4c C:\Users\vovan\Documents\MCUXpressoIDE_11.0.0_2516\workspace\lpc_chip_15xx\Debug\liblpc_chip_15xx.a(uart_15xx.o)
                0x00001414                Chip_UART_Init
 .text.Chip_UART_Send
                0x00001460       0x50 C:\Users\vovan\Documents\MCUXpressoIDE_11.0.0_2516\workspace\lpc_chip_15xx\Debug\liblpc_chip_15xx.a(uart_15xx.o)
                0x00001460                Chip_UART_Send
 .text.Chip_UART_SendBlocking
                0x000014b0       0x4a C:\Users\vovan\Documents\MCUXpressoIDE_11.0.0_2516\workspace\lpc_chip_15xx\Debug\liblpc_chip_15xx.a(uart_15xx.o)
                0x000014b0                Chip_UART_SendBlocking
 .text.Chip_UART_Read
                0x000014fa       0x52 C:\Users\vovan\Documents\MCUXpressoIDE_11.0.0_2516\workspace\lpc_chip_15xx\Debug\liblpc_chip_15xx.a(uart_15xx.o)
                0x000014fa                Chip_UART_Read
 .text.Chip_UART_SetBaud
                0x0000154c       0x2a C:\Users\vovan\Documents\MCUXpressoIDE_11.0.0_2516\workspace\lpc_chip_15xx\Debug\liblpc_chip_15xx.a(uart_15xx.o)
                0x0000154c                Chip_UART_SetBaud
 .text.xTaskCreate
                0x00001576       0x84 C:\Users\vovan\Documents\MCUXpressoIDE_11.0.0_2516\workspace\FreeRTOS\Debug\libFreeRTOS.a(tasks.o)
                0x00001576                xTaskCreate
 .text.prvInitialiseNewTask
                0x000015fa      0x18a C:\Users\vovan\Documents\MCUXpressoIDE_11.0.0_2516\workspace\FreeRTOS\Debug\libFreeRTOS.a(tasks.o)
 .text.prvAddNewTaskToReadyList
                0x00001784       0xdc C:\Users\vovan\Documents\MCUXpressoIDE_11.0.0_2516\workspace\FreeRTOS\Debug\libFreeRTOS.a(tasks.o)
 .text.vTaskDelay
                0x00001860       0x48 C:\Users\vovan\Documents\MCUXpressoIDE_11.0.0_2516\workspace\FreeRTOS\Debug\libFreeRTOS.a(tasks.o)
                0x00001860                vTaskDelay
 .text.vTaskStartScheduler
                0x000018a8       0xa0 C:\Users\vovan\Documents\MCUXpressoIDE_11.0.0_2516\workspace\FreeRTOS\Debug\libFreeRTOS.a(tasks.o)
                0x000018a8                vTaskStartScheduler
 .text.vTaskSuspendAll
                0x00001948       0x1c C:\Users\vovan\Documents\MCUXpressoIDE_11.0.0_2516\workspace\FreeRTOS\Debug\libFreeRTOS.a(tasks.o)
                0x00001948                vTaskSuspendAll
 .text.xTaskResumeAll
                0x00001964      0x11c C:\Users\vovan\Documents\MCUXpressoIDE_11.0.0_2516\workspace\FreeRTOS\Debug\libFreeRTOS.a(tasks.o)
                0x00001964                xTaskResumeAll
 .text.xTaskIncrementTick
                0x00001a80      0x150 C:\Users\vovan\Documents\MCUXpressoIDE_11.0.0_2516\workspace\FreeRTOS\Debug\libFreeRTOS.a(tasks.o)
                0x00001a80                xTaskIncrementTick
 .text.vTaskSwitchContext
                0x00001bd0      0x120 C:\Users\vovan\Documents\MCUXpressoIDE_11.0.0_2516\workspace\FreeRTOS\Debug\libFreeRTOS.a(tasks.o)
                0x00001bd0                vTaskSwitchContext
 .text.prvIdleTask
                0x00001cf0        0xe C:\Users\vovan\Documents\MCUXpressoIDE_11.0.0_2516\workspace\FreeRTOS\Debug\libFreeRTOS.a(tasks.o)
 *fill*         0x00001cfe        0x2 ff
 .text.prvInitialiseTaskLists
                0x00001d00       0x80 C:\Users\vovan\Documents\MCUXpressoIDE_11.0.0_2516\workspace\FreeRTOS\Debug\libFreeRTOS.a(tasks.o)
 .text.prvCheckTasksWaitingTermination
                0x00001d80       0x58 C:\Users\vovan\Documents\MCUXpressoIDE_11.0.0_2516\workspace\FreeRTOS\Debug\libFreeRTOS.a(tasks.o)
 .text.prvDeleteTCB
                0x00001dd8       0x2a C:\Users\vovan\Documents\MCUXpressoIDE_11.0.0_2516\workspace\FreeRTOS\Debug\libFreeRTOS.a(tasks.o)
 *fill*         0x00001e02        0x2 ff
 .text.prvResetNextTaskUnblockTime
                0x00001e04       0x40 C:\Users\vovan\Documents\MCUXpressoIDE_11.0.0_2516\workspace\FreeRTOS\Debug\libFreeRTOS.a(tasks.o)
 .text.prvAddCurrentTaskToDelayedList
                0x00001e44       0xcc C:\Users\vovan\Documents\MCUXpressoIDE_11.0.0_2516\workspace\FreeRTOS\Debug\libFreeRTOS.a(tasks.o)
 .text.pvPortMalloc
                0x00001f10       0x2e C:\Users\vovan\Documents\MCUXpressoIDE_11.0.0_2516\workspace\FreeRTOS\Debug\libFreeRTOS.a(heap_3.o)
                0x00001f10                pvPortMalloc
 .text.vPortFree
                0x00001f3e       0x24 C:\Users\vovan\Documents\MCUXpressoIDE_11.0.0_2516\workspace\FreeRTOS\Debug\libFreeRTOS.a(heap_3.o)
                0x00001f3e                vPortFree
 *fill*         0x00001f62        0x2 ff
 .text.pxPortInitialiseStack
                0x00001f64       0x58 C:\Users\vovan\Documents\MCUXpressoIDE_11.0.0_2516\workspace\FreeRTOS\Debug\libFreeRTOS.a(port.o)
                0x00001f64                pxPortInitialiseStack
 .text.prvTaskExitError
                0x00001fbc       0x2e C:\Users\vovan\Documents\MCUXpressoIDE_11.0.0_2516\workspace\FreeRTOS\Debug\libFreeRTOS.a(port.o)
 *fill*         0x00001fea        0x6 ff
 .text.SVC_Handler
                0x00001ff0       0x28 C:\Users\vovan\Documents\MCUXpressoIDE_11.0.0_2516\workspace\FreeRTOS\Debug\libFreeRTOS.a(port.o)
                0x00001ff0                SVC_Handler
 .text.prvPortStartFirstTask
                0x00002018       0x20 C:\Users\vovan\Documents\MCUXpressoIDE_11.0.0_2516\workspace\FreeRTOS\Debug\libFreeRTOS.a(port.o)
 .text.xPortStartScheduler
                0x00002038       0x40 C:\Users\vovan\Documents\MCUXpressoIDE_11.0.0_2516\workspace\FreeRTOS\Debug\libFreeRTOS.a(port.o)
                0x00002038                xPortStartScheduler
 .text.vPortEnterCritical
                0x00002078       0x30 C:\Users\vovan\Documents\MCUXpressoIDE_11.0.0_2516\workspace\FreeRTOS\Debug\libFreeRTOS.a(port.o)
                0x00002078                vPortEnterCritical
 .text.vPortExitCritical
                0x000020a8       0x30 C:\Users\vovan\Documents\MCUXpressoIDE_11.0.0_2516\workspace\FreeRTOS\Debug\libFreeRTOS.a(port.o)
                0x000020a8                vPortExitCritical
 *fill*         0x000020d8        0x8 ff
 .text.PendSV_Handler
                0x000020e0       0x48 C:\Users\vovan\Documents\MCUXpressoIDE_11.0.0_2516\workspace\FreeRTOS\Debug\libFreeRTOS.a(port.o)
                0x000020e0                PendSV_Handler
 .text.SysTick_Handler
                0x00002128       0x40 C:\Users\vovan\Documents\MCUXpressoIDE_11.0.0_2516\workspace\FreeRTOS\Debug\libFreeRTOS.a(port.o)
                0x00002128                SysTick_Handler
 .text.vPortSetupTimerInterrupt
                0x00002168       0x44 C:\Users\vovan\Documents\MCUXpressoIDE_11.0.0_2516\workspace\FreeRTOS\Debug\libFreeRTOS.a(port.o)
                0x00002168                vPortSetupTimerInterrupt
 .text.vApplicationMallocFailedHook
                0x000021ac       0x1c C:\Users\vovan\Documents\MCUXpressoIDE_11.0.0_2516\workspace\FreeRTOS\Debug\libFreeRTOS.a(FreeRTOSCommonHooks.o)
                0x000021ac                vApplicationMallocFailedHook
 .text.vApplicationStackOverflowHook
                0x000021c8       0x20 C:\Users\vovan\Documents\MCUXpressoIDE_11.0.0_2516\workspace\FreeRTOS\Debug\libFreeRTOS.a(FreeRTOSCommonHooks.o)
                0x000021c8                vApplicationStackOverflowHook
 .text.vListInitialise
                0x000021e8       0x3e C:\Users\vovan\Documents\MCUXpressoIDE_11.0.0_2516\workspace\FreeRTOS\Debug\libFreeRTOS.a(list.o)
                0x000021e8                vListInitialise
 .text.vListInitialiseItem
                0x00002226       0x18 C:\Users\vovan\Documents\MCUXpressoIDE_11.0.0_2516\workspace\FreeRTOS\Debug\libFreeRTOS.a(list.o)
                0x00002226                vListInitialiseItem
 .text.vListInsertEnd
                0x0000223e       0x46 C:\Users\vovan\Documents\MCUXpressoIDE_11.0.0_2516\workspace\FreeRTOS\Debug\libFreeRTOS.a(list.o)
                0x0000223e                vListInsertEnd
 .text.vListInsert
                0x00002284       0x70 C:\Users\vovan\Documents\MCUXpressoIDE_11.0.0_2516\workspace\FreeRTOS\Debug\libFreeRTOS.a(list.o)
                0x00002284                vListInsert
 .text.uxListRemove
                0x000022f4       0x52 C:\Users\vovan\Documents\MCUXpressoIDE_11.0.0_2516\workspace\FreeRTOS\Debug\libFreeRTOS.a(list.o)
                0x000022f4                uxListRemove
 *fill*         0x00002346        0x2 ff
 .text          0x00002348       0x30 c:/nxp/mcuxpressoide_11.0.0_2516/ide/plugins/com.nxp.mcuxpresso.tools.win32_11.0.0.201905131304/tools/bin/../lib/gcc/arm-none-eabi/8.2.1/thumb/v7-m/nofp\libgcc.a(_aeabi_uldivmod.o)
                0x00002348                __aeabi_uldivmod
 .text          0x00002378      0x2d0 c:/nxp/mcuxpressoide_11.0.0_2516/ide/plugins/com.nxp.mcuxpresso.tools.win32_11.0.0.201905131304/tools/bin/../lib/gcc/arm-none-eabi/8.2.1/thumb/v7-m/nofp\libgcc.a(_udivmoddi4.o)
                0x00002378                __udivmoddi4
 .text          0x00002648        0x4 c:/nxp/mcuxpressoide_11.0.0_2516/ide/plugins/com.nxp.mcuxpresso.tools.win32_11.0.0.201905131304/tools/bin/../lib/gcc/arm-none-eabi/8.2.1/thumb/v7-m/nofp\libgcc.a(_dvmd_tls.o)
                0x00002648                __aeabi_idiv0
                0x00002648                __aeabi_ldiv0
 .text.__libc_init_array
                0x0000264c       0x48 c:/nxp/mcuxpressoide_11.0.0_2516/ide/plugins/com.nxp.mcuxpresso.tools.win32_11.0.0.201905131304/tools/bin/../lib/gcc/arm-none-eabi/8.2.1/../../../../arm-none-eabi/lib/thumb/v7-m/nofp\libc.a(lib_a-init.o)
                0x0000264c                __libc_init_array
 .text.malloc   0x00002694       0x10 c:/nxp/mcuxpressoide_11.0.0_2516/ide/plugins/com.nxp.mcuxpresso.tools.win32_11.0.0.201905131304/tools/bin/../lib/gcc/arm-none-eabi/8.2.1/../../../../arm-none-eabi/lib/thumb/v7-m/nofp\libc.a(lib_a-malloc.o)
                0x00002694                malloc
 .text.free     0x000026a4       0x10 c:/nxp/mcuxpressoide_11.0.0_2516/ide/plugins/com.nxp.mcuxpresso.tools.win32_11.0.0.201905131304/tools/bin/../lib/gcc/arm-none-eabi/8.2.1/../../../../arm-none-eabi/lib/thumb/v7-m/nofp\libc.a(lib_a-malloc.o)
                0x000026a4                free
 .text._malloc_r
                0x000026b4      0x558 c:/nxp/mcuxpressoide_11.0.0_2516/ide/plugins/com.nxp.mcuxpresso.tools.win32_11.0.0.201905131304/tools/bin/../lib/gcc/arm-none-eabi/8.2.1/../../../../arm-none-eabi/lib/thumb/v7-m/nofp\libc.a(lib_a-mallocr.o)
                0x000026b4                _malloc_r
 .text          0x00002c0c       0xec c:/nxp/mcuxpressoide_11.0.0_2516/ide/plugins/com.nxp.mcuxpresso.tools.win32_11.0.0.201905131304/tools/bin/../lib/gcc/arm-none-eabi/8.2.1/../../../../arm-none-eabi/lib/thumb/v7-m/nofp\libc.a(lib_a-memcpy.o)
                0x00002c0c                memcpy
 .text.memset   0x00002cf8       0xa0 c:/nxp/mcuxpressoide_11.0.0_2516/ide/plugins/com.nxp.mcuxpresso.tools.win32_11.0.0.201905131304/tools/bin/../lib/gcc/arm-none-eabi/8.2.1/../../../../arm-none-eabi/lib/thumb/v7-m/nofp\libc.a(lib_a-memset.o)
                0x00002cf8                memset
 .text.__malloc_lock
                0x00002d98        0xc c:/nxp/mcuxpressoide_11.0.0_2516/ide/plugins/com.nxp.mcuxpresso.tools.win32_11.0.0.201905131304/tools/bin/../lib/gcc/arm-none-eabi/8.2.1/../../../../arm-none-eabi/lib/thumb/v7-m/nofp\libc.a(lib_a-mlock.o)
                0x00002d98                __malloc_lock
 .text.__malloc_unlock
                0x00002da4        0xc c:/nxp/mcuxpressoide_11.0.0_2516/ide/plugins/com.nxp.mcuxpresso.tools.win32_11.0.0.201905131304/tools/bin/../lib/gcc/arm-none-eabi/8.2.1/../../../../arm-none-eabi/lib/thumb/v7-m/nofp\libc.a(lib_a-mlock.o)
                0x00002da4                __malloc_unlock
 .text.printf   0x00002db0       0x28 c:/nxp/mcuxpressoide_11.0.0_2516/ide/plugins/com.nxp.mcuxpresso.tools.win32_11.0.0.201905131304/tools/bin/../lib/gcc/arm-none-eabi/8.2.1/../../../../arm-none-eabi/lib/thumb/v7-m/nofp\libc.a(lib_a-printf.o)
                0x00002db0                printf
 .text.cleanup_glue
                0x00002dd8       0x1c c:/nxp/mcuxpressoide_11.0.0_2516/ide/plugins/com.nxp.mcuxpresso.tools.win32_11.0.0.201905131304/tools/bin/../lib/gcc/arm-none-eabi/8.2.1/../../../../arm-none-eabi/lib/thumb/v7-m/nofp\libc.a(lib_a-reent.o)
                0x00002dd8                cleanup_glue
 .text._reclaim_reent
                0x00002df4       0x88 c:/nxp/mcuxpressoide_11.0.0_2516/ide/plugins/com.nxp.mcuxpresso.tools.win32_11.0.0.201905131304/tools/bin/../lib/gcc/arm-none-eabi/8.2.1/../../../../arm-none-eabi/lib/thumb/v7-m/nofp\libc.a(lib_a-reent.o)
                0x00002df4                _reclaim_reent
 .text._sbrk_r  0x00002e7c       0x24 c:/nxp/mcuxpressoide_11.0.0_2516/ide/plugins/com.nxp.mcuxpresso.tools.win32_11.0.0.201905131304/tools/bin/../lib/gcc/arm-none-eabi/8.2.1/../../../../arm-none-eabi/lib/thumb/v7-m/nofp\libc.a(lib_a-sbrkr.o)
                0x00002e7c                _sbrk_r
 .text.strlen   0x00002ea0       0x5c c:/nxp/mcuxpressoide_11.0.0_2516/ide/plugins/com.nxp.mcuxpresso.tools.win32_11.0.0.201905131304/tools/bin/../lib/gcc/arm-none-eabi/8.2.1/../../../../arm-none-eabi/lib/thumb/v7-m/nofp\libc.a(lib_a-strlen-stub.o)
                0x00002ea0                strlen
 .text._vfprintf_r
                0x00002efc     0x1b6c c:/nxp/mcuxpressoide_11.0.0_2516/ide/plugins/com.nxp.mcuxpresso.tools.win32_11.0.0.201905131304/tools/bin/../lib/gcc/arm-none-eabi/8.2.1/../../../../arm-none-eabi/lib/thumb/v7-m/nofp\libc.a(lib_a-vfprintf.o)
                0x00002efc                _vfprintf_r
 .text.__sbprintf
                0x00004a68       0x88 c:/nxp/mcuxpressoide_11.0.0_2516/ide/plugins/com.nxp.mcuxpresso.tools.win32_11.0.0.201905131304/tools/bin/../lib/gcc/arm-none-eabi/8.2.1/../../../../arm-none-eabi/lib/thumb/v7-m/nofp\libc.a(lib_a-vfprintf.o)
 .text.__swsetup_r
                0x00004af0       0xcc c:/nxp/mcuxpressoide_11.0.0_2516/ide/plugins/com.nxp.mcuxpresso.tools.win32_11.0.0.201905131304/tools/bin/../lib/gcc/arm-none-eabi/8.2.1/../../../../arm-none-eabi/lib/thumb/v7-m/nofp\libc.a(lib_a-wsetup.o)
                0x00004af0                __swsetup_r
 .text.quorem   0x00004bbc      0x12c c:/nxp/mcuxpressoide_11.0.0_2516/ide/plugins/com.nxp.mcuxpresso.tools.win32_11.0.0.201905131304/tools/bin/../lib/gcc/arm-none-eabi/8.2.1/../../../../arm-none-eabi/lib/thumb/v7-m/nofp\libc.a(lib_a-dtoa.o)
 .text._dtoa_r  0x00004ce8      0xe6c c:/nxp/mcuxpressoide_11.0.0_2516/ide/plugins/com.nxp.mcuxpresso.tools.win32_11.0.0.201905131304/tools/bin/../lib/gcc/arm-none-eabi/8.2.1/../../../../arm-none-eabi/lib/thumb/v7-m/nofp\libc.a(lib_a-dtoa.o)
                0x00004ce8                _dtoa_r
 .text.__sflush_r
                0x00005b54      0x13c c:/nxp/mcuxpressoide_11.0.0_2516/ide/plugins/com.nxp.mcuxpresso.tools.win32_11.0.0.201905131304/tools/bin/../lib/gcc/arm-none-eabi/8.2.1/../../../../arm-none-eabi/lib/thumb/v7-m/nofp\libc.a(lib_a-fflush.o)
                0x00005b54                __sflush_r
 .text._fflush_r
                0x00005c90       0x5c c:/nxp/mcuxpressoide_11.0.0_2516/ide/plugins/com.nxp.mcuxpresso.tools.win32_11.0.0.201905131304/tools/bin/../lib/gcc/arm-none-eabi/8.2.1/../../../../arm-none-eabi/lib/thumb/v7-m/nofp\libc.a(lib_a-fflush.o)
                0x00005c90                _fflush_r
 .text.std      0x00005cec       0x50 c:/nxp/mcuxpressoide_11.0.0_2516/ide/plugins/com.nxp.mcuxpresso.tools.win32_11.0.0.201905131304/tools/bin/../lib/gcc/arm-none-eabi/8.2.1/../../../../arm-none-eabi/lib/thumb/v7-m/nofp\libc.a(lib_a-findfp.o)
 .text._cleanup_r
                0x00005d3c        0xc c:/nxp/mcuxpressoide_11.0.0_2516/ide/plugins/com.nxp.mcuxpresso.tools.win32_11.0.0.201905131304/tools/bin/../lib/gcc/arm-none-eabi/8.2.1/../../../../arm-none-eabi/lib/thumb/v7-m/nofp\libc.a(lib_a-findfp.o)
                0x00005d3c                _cleanup_r
 .text.__sinit  0x00005d48       0x5c c:/nxp/mcuxpressoide_11.0.0_2516/ide/plugins/com.nxp.mcuxpresso.tools.win32_11.0.0.201905131304/tools/bin/../lib/gcc/arm-none-eabi/8.2.1/../../../../arm-none-eabi/lib/thumb/v7-m/nofp\libc.a(lib_a-findfp.o)
                0x00005d48                __sinit
 .text.__sfp_lock_acquire
                0x00005da4        0xc c:/nxp/mcuxpressoide_11.0.0_2516/ide/plugins/com.nxp.mcuxpresso.tools.win32_11.0.0.201905131304/tools/bin/../lib/gcc/arm-none-eabi/8.2.1/../../../../arm-none-eabi/lib/thumb/v7-m/nofp\libc.a(lib_a-findfp.o)
                0x00005da4                __sfp_lock_acquire
 .text.__sfp_lock_release
                0x00005db0        0xc c:/nxp/mcuxpressoide_11.0.0_2516/ide/plugins/com.nxp.mcuxpresso.tools.win32_11.0.0.201905131304/tools/bin/../lib/gcc/arm-none-eabi/8.2.1/../../../../arm-none-eabi/lib/thumb/v7-m/nofp\libc.a(lib_a-findfp.o)
                0x00005db0                __sfp_lock_release
 .text._malloc_trim_r
                0x00005dbc       0xa0 c:/nxp/mcuxpressoide_11.0.0_2516/ide/plugins/com.nxp.mcuxpresso.tools.win32_11.0.0.201905131304/tools/bin/../lib/gcc/arm-none-eabi/8.2.1/../../../../arm-none-eabi/lib/thumb/v7-m/nofp\libc.a(lib_a-freer.o)
                0x00005dbc                _malloc_trim_r
 .text._free_r  0x00005e5c      0x1ec c:/nxp/mcuxpressoide_11.0.0_2516/ide/plugins/com.nxp.mcuxpresso.tools.win32_11.0.0.201905131304/tools/bin/../lib/gcc/arm-none-eabi/8.2.1/../../../../arm-none-eabi/lib/thumb/v7-m/nofp\libc.a(lib_a-freer.o)
                0x00005e5c                _free_r
 .text._fwalk_reent
                0x00006048       0x50 c:/nxp/mcuxpressoide_11.0.0_2516/ide/plugins/com.nxp.mcuxpresso.tools.win32_11.0.0.201905131304/tools/bin/../lib/gcc/arm-none-eabi/8.2.1/../../../../arm-none-eabi/lib/thumb/v7-m/nofp\libc.a(lib_a-fwalk.o)
                0x00006048                _fwalk_reent
 .text._localeconv_r
                0x00006098        0x8 c:/nxp/mcuxpressoide_11.0.0_2516/ide/plugins/com.nxp.mcuxpresso.tools.win32_11.0.0.201905131304/tools/bin/../lib/gcc/arm-none-eabi/8.2.1/../../../../arm-none-eabi/lib/thumb/v7-m/nofp\libc.a(lib_a-localeconv.o)
                0x00006098                _localeconv_r
 .text.__retarget_lock_init_recursive
                0x000060a0        0x4 c:/nxp/mcuxpressoide_11.0.0_2516/ide/plugins/com.nxp.mcuxpresso.tools.win32_11.0.0.201905131304/tools/bin/../lib/gcc/arm-none-eabi/8.2.1/../../../../arm-none-eabi/lib/thumb/v7-m/nofp\libc.a(lib_a-lock.o)
                0x000060a0                __retarget_lock_init_recursive
 .text.__retarget_lock_close_recursive
                0x000060a4        0x4 c:/nxp/mcuxpressoide_11.0.0_2516/ide/plugins/com.nxp.mcuxpresso.tools.win32_11.0.0.201905131304/tools/bin/../lib/gcc/arm-none-eabi/8.2.1/../../../../arm-none-eabi/lib/thumb/v7-m/nofp\libc.a(lib_a-lock.o)
                0x000060a4                __retarget_lock_close_recursive
 .text.__retarget_lock_acquire_recursive
                0x000060a8        0x4 c:/nxp/mcuxpressoide_11.0.0_2516/ide/plugins/com.nxp.mcuxpresso.tools.win32_11.0.0.201905131304/tools/bin/../lib/gcc/arm-none-eabi/8.2.1/../../../../arm-none-eabi/lib/thumb/v7-m/nofp\libc.a(lib_a-lock.o)
                0x000060a8                __retarget_lock_acquire_recursive
 .text.__retarget_lock_release_recursive
                0x000060ac        0x4 c:/nxp/mcuxpressoide_11.0.0_2516/ide/plugins/com.nxp.mcuxpresso.tools.win32_11.0.0.201905131304/tools/bin/../lib/gcc/arm-none-eabi/8.2.1/../../../../arm-none-eabi/lib/thumb/v7-m/nofp\libc.a(lib_a-lock.o)
                0x000060ac                __retarget_lock_release_recursive
 .text.__swhatbuf_r
                0x000060b0       0x5c c:/nxp/mcuxpressoide_11.0.0_2516/ide/plugins/com.nxp.mcuxpresso.tools.win32_11.0.0.201905131304/tools/bin/../lib/gcc/arm-none-eabi/8.2.1/../../../../arm-none-eabi/lib/thumb/v7-m/nofp\libc.a(lib_a-makebuf.o)
                0x000060b0                __swhatbuf_r
 .text.__smakebuf_r
                0x0000610c       0x94 c:/nxp/mcuxpressoide_11.0.0_2516/ide/plugins/com.nxp.mcuxpresso.tools.win32_11.0.0.201905131304/tools/bin/../lib/gcc/arm-none-eabi/8.2.1/../../../../arm-none-eabi/lib/thumb/v7-m/nofp\libc.a(lib_a-makebuf.o)
                0x0000610c                __smakebuf_r
 .text.memchr   0x000061a0       0x8c c:/nxp/mcuxpressoide_11.0.0_2516/ide/plugins/com.nxp.mcuxpresso.tools.win32_11.0.0.201905131304/tools/bin/../lib/gcc/arm-none-eabi/8.2.1/../../../../arm-none-eabi/lib/thumb/v7-m/nofp\libc.a(lib_a-memchr-stub.o)
                0x000061a0                memchr
 .text._Balloc  0x0000622c       0x4c c:/nxp/mcuxpressoide_11.0.0_2516/ide/plugins/com.nxp.mcuxpresso.tools.win32_11.0.0.201905131304/tools/bin/../lib/gcc/arm-none-eabi/8.2.1/../../../../arm-none-eabi/lib/thumb/v7-m/nofp\libc.a(lib_a-mprec.o)
                0x0000622c                _Balloc
 .text._Bfree   0x00006278       0x14 c:/nxp/mcuxpressoide_11.0.0_2516/ide/plugins/com.nxp.mcuxpresso.tools.win32_11.0.0.201905131304/tools/bin/../lib/gcc/arm-none-eabi/8.2.1/../../../../arm-none-eabi/lib/thumb/v7-m/nofp\libc.a(lib_a-mprec.o)
                0x00006278                _Bfree
 .text.__multadd
                0x0000628c       0x8c c:/nxp/mcuxpressoide_11.0.0_2516/ide/plugins/com.nxp.mcuxpresso.tools.win32_11.0.0.201905131304/tools/bin/../lib/gcc/arm-none-eabi/8.2.1/../../../../arm-none-eabi/lib/thumb/v7-m/nofp\libc.a(lib_a-mprec.o)
                0x0000628c                __multadd
 .text.__hi0bits
                0x00006318       0x40 c:/nxp/mcuxpressoide_11.0.0_2516/ide/plugins/com.nxp.mcuxpresso.tools.win32_11.0.0.201905131304/tools/bin/../lib/gcc/arm-none-eabi/8.2.1/../../../../arm-none-eabi/lib/thumb/v7-m/nofp\libc.a(lib_a-mprec.o)
                0x00006318                __hi0bits
 .text.__lo0bits
                0x00006358       0x60 c:/nxp/mcuxpressoide_11.0.0_2516/ide/plugins/com.nxp.mcuxpresso.tools.win32_11.0.0.201905131304/tools/bin/../lib/gcc/arm-none-eabi/8.2.1/../../../../arm-none-eabi/lib/thumb/v7-m/nofp\libc.a(lib_a-mprec.o)
                0x00006358                __lo0bits
 .text.__i2b    0x000063b8       0x14 c:/nxp/mcuxpressoide_11.0.0_2516/ide/plugins/com.nxp.mcuxpresso.tools.win32_11.0.0.201905131304/tools/bin/../lib/gcc/arm-none-eabi/8.2.1/../../../../arm-none-eabi/lib/thumb/v7-m/nofp\libc.a(lib_a-mprec.o)
                0x000063b8                __i2b
 .text.__multiply
                0x000063cc      0x130 c:/nxp/mcuxpressoide_11.0.0_2516/ide/plugins/com.nxp.mcuxpresso.tools.win32_11.0.0.201905131304/tools/bin/../lib/gcc/arm-none-eabi/8.2.1/../../../../arm-none-eabi/lib/thumb/v7-m/nofp\libc.a(lib_a-mprec.o)
                0x000063cc                __multiply
 .text.__pow5mult
                0x000064fc       0xa0 c:/nxp/mcuxpressoide_11.0.0_2516/ide/plugins/com.nxp.mcuxpresso.tools.win32_11.0.0.201905131304/tools/bin/../lib/gcc/arm-none-eabi/8.2.1/../../../../arm-none-eabi/lib/thumb/v7-m/nofp\libc.a(lib_a-mprec.o)
                0x000064fc                __pow5mult
 .text.__lshift
                0x0000659c       0xb4 c:/nxp/mcuxpressoide_11.0.0_2516/ide/plugins/com.nxp.mcuxpresso.tools.win32_11.0.0.201905131304/tools/bin/../lib/gcc/arm-none-eabi/8.2.1/../../../../arm-none-eabi/lib/thumb/v7-m/nofp\libc.a(lib_a-mprec.o)
                0x0000659c                __lshift
 .text.__mcmp   0x00006650       0x38 c:/nxp/mcuxpressoide_11.0.0_2516/ide/plugins/com.nxp.mcuxpresso.tools.win32_11.0.0.201905131304/tools/bin/../lib/gcc/arm-none-eabi/8.2.1/../../../../arm-none-eabi/lib/thumb/v7-m/nofp\libc.a(lib_a-mprec.o)
                0x00006650                __mcmp
 .text.__mdiff  0x00006688      0x100 c:/nxp/mcuxpressoide_11.0.0_2516/ide/plugins/com.nxp.mcuxpresso.tools.win32_11.0.0.201905131304/tools/bin/../lib/gcc/arm-none-eabi/8.2.1/../../../../arm-none-eabi/lib/thumb/v7-m/nofp\libc.a(lib_a-mprec.o)
                0x00006688                __mdiff
 .text.__d2b    0x00006788       0xac c:/nxp/mcuxpressoide_11.0.0_2516/ide/plugins/com.nxp.mcuxpresso.tools.win32_11.0.0.201905131304/tools/bin/../lib/gcc/arm-none-eabi/8.2.1/../../../../arm-none-eabi/lib/thumb/v7-m/nofp\libc.a(lib_a-mprec.o)
                0x00006788                __d2b
 .text.frexp    0x00006834       0x70 c:/nxp/mcuxpressoide_11.0.0_2516/ide/plugins/com.nxp.mcuxpresso.tools.win32_11.0.0.201905131304/tools/bin/../lib/gcc/arm-none-eabi/8.2.1/../../../../arm-none-eabi/lib/thumb/v7-m/nofp\libc.a(lib_a-s_frexp.o)
                0x00006834                frexp
 .text.__sread  0x000068a4       0x24 c:/nxp/mcuxpressoide_11.0.0_2516/ide/plugins/com.nxp.mcuxpresso.tools.win32_11.0.0.201905131304/tools/bin/../lib/gcc/arm-none-eabi/8.2.1/../../../../arm-none-eabi/lib/thumb/v7-m/nofp\libc.a(lib_a-stdio.o)
                0x000068a4                __sread
 .text.__swrite
                0x000068c8       0x40 c:/nxp/mcuxpressoide_11.0.0_2516/ide/plugins/com.nxp.mcuxpresso.tools.win32_11.0.0.201905131304/tools/bin/../lib/gcc/arm-none-eabi/8.2.1/../../../../arm-none-eabi/lib/thumb/v7-m/nofp\libc.a(lib_a-stdio.o)
                0x000068c8                __swrite
 .text.__sseek  0x00006908       0x20 c:/nxp/mcuxpressoide_11.0.0_2516/ide/plugins/com.nxp.mcuxpresso.tools.win32_11.0.0.201905131304/tools/bin/../lib/gcc/arm-none-eabi/8.2.1/../../../../arm-none-eabi/lib/thumb/v7-m/nofp\libc.a(lib_a-stdio.o)
                0x00006908                __sseek
 .text.__sclose
                0x00006928        0x8 c:/nxp/mcuxpressoide_11.0.0_2516/ide/plugins/com.nxp.mcuxpresso.tools.win32_11.0.0.201905131304/tools/bin/../lib/gcc/arm-none-eabi/8.2.1/../../../../arm-none-eabi/lib/thumb/v7-m/nofp\libc.a(lib_a-stdio.o)
                0x00006928                __sclose
 .text.strncpy  0x00006930       0x74 c:/nxp/mcuxpressoide_11.0.0_2516/ide/plugins/com.nxp.mcuxpresso.tools.win32_11.0.0.201905131304/tools/bin/../lib/gcc/arm-none-eabi/8.2.1/../../../../arm-none-eabi/lib/thumb/v7-m/nofp\libc.a(lib_a-strncpy.o)
                0x00006930                strncpy
 .text.__sprint_r.part.0
                0x000069a4       0x78 c:/nxp/mcuxpressoide_11.0.0_2516/ide/plugins/com.nxp.mcuxpresso.tools.win32_11.0.0.201905131304/tools/bin/../lib/gcc/arm-none-eabi/8.2.1/../../../../arm-none-eabi/lib/thumb/v7-m/nofp\libc.a(lib_a-vfiprintf.o)
 .text.__sprint_r
                0x00006a1c       0x14 c:/nxp/mcuxpressoide_11.0.0_2516/ide/plugins/com.nxp.mcuxpresso.tools.win32_11.0.0.201905131304/tools/bin/../lib/gcc/arm-none-eabi/8.2.1/../../../../arm-none-eabi/lib/thumb/v7-m/nofp\libc.a(lib_a-vfiprintf.o)
                0x00006a1c                __sprint_r
 .text._write_r
                0x00006a30       0x2c c:/nxp/mcuxpressoide_11.0.0_2516/ide/plugins/com.nxp.mcuxpresso.tools.win32_11.0.0.201905131304/tools/bin/../lib/gcc/arm-none-eabi/8.2.1/../../../../arm-none-eabi/lib/thumb/v7-m/nofp\libc.a(lib_a-writer.o)
                0x00006a30                _write_r
 .text._calloc_r
                0x00006a5c       0x60 c:/nxp/mcuxpressoide_11.0.0_2516/ide/plugins/com.nxp.mcuxpresso.tools.win32_11.0.0.201905131304/tools/bin/../lib/gcc/arm-none-eabi/8.2.1/../../../../arm-none-eabi/lib/thumb/v7-m/nofp\libc.a(lib_a-callocr.o)
                0x00006a5c                _calloc_r
 .text._close_r
                0x00006abc       0x24 c:/nxp/mcuxpressoide_11.0.0_2516/ide/plugins/com.nxp.mcuxpresso.tools.win32_11.0.0.201905131304/tools/bin/../lib/gcc/arm-none-eabi/8.2.1/../../../../arm-none-eabi/lib/thumb/v7-m/nofp\libc.a(lib_a-closer.o)
                0x00006abc                _close_r
 .text._fclose_r
                0x00006ae0       0xd0 c:/nxp/mcuxpressoide_11.0.0_2516/ide/plugins/com.nxp.mcuxpresso.tools.win32_11.0.0.201905131304/tools/bin/../lib/gcc/arm-none-eabi/8.2.1/../../../../arm-none-eabi/lib/thumb/v7-m/nofp\libc.a(lib_a-fclose.o)
                0x00006ae0                _fclose_r
 .text.__fputwc
                0x00006bb0       0x94 c:/nxp/mcuxpressoide_11.0.0_2516/ide/plugins/com.nxp.mcuxpresso.tools.win32_11.0.0.201905131304/tools/bin/../lib/gcc/arm-none-eabi/8.2.1/../../../../arm-none-eabi/lib/thumb/v7-m/nofp\libc.a(lib_a-fputwc.o)
                0x00006bb0                __fputwc
 .text._fputwc_r
                0x00006c44       0x64 c:/nxp/mcuxpressoide_11.0.0_2516/ide/plugins/com.nxp.mcuxpresso.tools.win32_11.0.0.201905131304/tools/bin/../lib/gcc/arm-none-eabi/8.2.1/../../../../arm-none-eabi/lib/thumb/v7-m/nofp\libc.a(lib_a-fputwc.o)
                0x00006c44                _fputwc_r
 .text._fstat_r
                0x00006ca8       0x28 c:/nxp/mcuxpressoide_11.0.0_2516/ide/plugins/com.nxp.mcuxpresso.tools.win32_11.0.0.201905131304/tools/bin/../lib/gcc/arm-none-eabi/8.2.1/../../../../arm-none-eabi/lib/thumb/v7-m/nofp\libc.a(lib_a-fstatr.o)
                0x00006ca8                _fstat_r
 .text.__sfvwrite_r
                0x00006cd0      0x300 c:/nxp/mcuxpressoide_11.0.0_2516/ide/plugins/com.nxp.mcuxpresso.tools.win32_11.0.0.201905131304/tools/bin/../lib/gcc/arm-none-eabi/8.2.1/../../../../arm-none-eabi/lib/thumb/v7-m/nofp\libc.a(lib_a-fvwrite.o)
                0x00006cd0                __sfvwrite_r
 .text._isatty_r
                0x00006fd0       0x24 c:/nxp/mcuxpressoide_11.0.0_2516/ide/plugins/com.nxp.mcuxpresso.tools.win32_11.0.0.201905131304/tools/bin/../lib/gcc/arm-none-eabi/8.2.1/../../../../arm-none-eabi/lib/thumb/v7-m/nofp\libc.a(lib_a-isattyr.o)
                0x00006fd0                _isatty_r
 .text.__locale_mb_cur_max
                0x00006ff4        0xc c:/nxp/mcuxpressoide_11.0.0_2516/ide/plugins/com.nxp.mcuxpresso.tools.win32_11.0.0.201905131304/tools/bin/../lib/gcc/arm-none-eabi/8.2.1/../../../../arm-none-eabi/lib/thumb/v7-m/nofp\libc.a(lib_a-locale.o)
                0x00006ff4                __locale_mb_cur_max
 .text._lseek_r
                0x00007000       0x2c c:/nxp/mcuxpressoide_11.0.0_2516/ide/plugins/com.nxp.mcuxpresso.tools.win32_11.0.0.201905131304/tools/bin/../lib/gcc/arm-none-eabi/8.2.1/../../../../arm-none-eabi/lib/thumb/v7-m/nofp\libc.a(lib_a-lseekr.o)
                0x00007000                _lseek_r
 .text.__ascii_mbtowc
                0x0000702c       0x2c c:/nxp/mcuxpressoide_11.0.0_2516/ide/plugins/com.nxp.mcuxpresso.tools.win32_11.0.0.201905131304/tools/bin/../lib/gcc/arm-none-eabi/8.2.1/../../../../arm-none-eabi/lib/thumb/v7-m/nofp\libc.a(lib_a-mbtowc_r.o)
                0x0000702c                __ascii_mbtowc
 .text.memmove  0x00007058       0xcc c:/nxp/mcuxpressoide_11.0.0_2516/ide/plugins/com.nxp.mcuxpresso.tools.win32_11.0.0.201905131304/tools/bin/../lib/gcc/arm-none-eabi/8.2.1/../../../../arm-none-eabi/lib/thumb/v7-m/nofp\libc.a(lib_a-memmove.o)
                0x00007058                memmove
 .text._read_r  0x00007124       0x2c c:/nxp/mcuxpressoide_11.0.0_2516/ide/plugins/com.nxp.mcuxpresso.tools.win32_11.0.0.201905131304/tools/bin/../lib/gcc/arm-none-eabi/8.2.1/../../../../arm-none-eabi/lib/thumb/v7-m/nofp\libc.a(lib_a-readr.o)
                0x00007124                _read_r
 .text._realloc_r
                0x00007150      0x37c c:/nxp/mcuxpressoide_11.0.0_2516/ide/plugins/com.nxp.mcuxpresso.tools.win32_11.0.0.201905131304/tools/bin/../lib/gcc/arm-none-eabi/8.2.1/../../../../arm-none-eabi/lib/thumb/v7-m/nofp\libc.a(lib_a-reallocr.o)
                0x00007150                _realloc_r
 .text.__swbuf_r
                0x000074cc       0xb0 c:/nxp/mcuxpressoide_11.0.0_2516/ide/plugins/com.nxp.mcuxpresso.tools.win32_11.0.0.201905131304/tools/bin/../lib/gcc/arm-none-eabi/8.2.1/../../../../arm-none-eabi/lib/thumb/v7-m/nofp\libc.a(lib_a-wbuf.o)
                0x000074cc                __swbuf_r
 .text._wcrtomb_r
                0x0000757c       0x34 c:/nxp/mcuxpressoide_11.0.0_2516/ide/plugins/com.nxp.mcuxpresso.tools.win32_11.0.0.201905131304/tools/bin/../lib/gcc/arm-none-eabi/8.2.1/../../../../arm-none-eabi/lib/thumb/v7-m/nofp\libc.a(lib_a-wcrtomb.o)
                0x0000757c                _wcrtomb_r
 .text.__ascii_wctomb
                0x000075b0       0x1c c:/nxp/mcuxpressoide_11.0.0_2516/ide/plugins/com.nxp.mcuxpresso.tools.win32_11.0.0.201905131304/tools/bin/../lib/gcc/arm-none-eabi/8.2.1/../../../../arm-none-eabi/lib/thumb/v7-m/nofp\libc.a(lib_a-wctomb_r.o)
                0x000075b0                __ascii_wctomb
 .text._ZdlPvj  0x000075cc        0x4 c:/nxp/mcuxpressoide_11.0.0_2516/ide/plugins/com.nxp.mcuxpresso.tools.win32_11.0.0.201905131304/tools/bin/../lib/gcc/arm-none-eabi/8.2.1/../../../../arm-none-eabi/lib/thumb/v7-m/nofp\libstdc++.a(del_ops.o)
                0x000075cc                operator delete(void*, unsigned int)
 .text._sbrk    0x000075d0       0x3c c:/nxp/mcuxpressoide_11.0.0_2516/ide/plugins/com.nxp.mcuxpresso.tools.win32_11.0.0.201905131304/tools/bin/../lib/gcc/arm-none-eabi/8.2.1/../../../../arm-none-eabi/lib/thumb/v7-m/nofp\libcr_newlib_nohost.a(_cr_sbrk.o)
                0x000075d0                _sbrk
 .text._close   0x0000760c       0x10 c:/nxp/mcuxpressoide_11.0.0_2516/ide/plugins/com.nxp.mcuxpresso.tools.win32_11.0.0.201905131304/tools/bin/../lib/gcc/arm-none-eabi/8.2.1/../../../../arm-none-eabi/lib/thumb/v7-m/nofp\libcr_newlib_nohost.a(close.o)
                0x0000760c                _close
 .text._fstat   0x0000761c       0x10 c:/nxp/mcuxpressoide_11.0.0_2516/ide/plugins/com.nxp.mcuxpresso.tools.win32_11.0.0.201905131304/tools/bin/../lib/gcc/arm-none-eabi/8.2.1/../../../../arm-none-eabi/lib/thumb/v7-m/nofp\libcr_newlib_nohost.a(fstat.o)
                0x0000761c                _fstat
 .text._isatty  0x0000762c       0x10 c:/nxp/mcuxpressoide_11.0.0_2516/ide/plugins/com.nxp.mcuxpresso.tools.win32_11.0.0.201905131304/tools/bin/../lib/gcc/arm-none-eabi/8.2.1/../../../../arm-none-eabi/lib/thumb/v7-m/nofp\libcr_newlib_nohost.a(isatty.o)
                0x0000762c                _isatty
 .text._lseek   0x0000763c       0x10 c:/nxp/mcuxpressoide_11.0.0_2516/ide/plugins/com.nxp.mcuxpresso.tools.win32_11.0.0.201905131304/tools/bin/../lib/gcc/arm-none-eabi/8.2.1/../../../../arm-none-eabi/lib/thumb/v7-m/nofp\libcr_newlib_nohost.a(lseek.o)
                0x0000763c                _lseek
 .text.__check_heap_overflow
                0x0000764c       0x18 c:/nxp/mcuxpressoide_11.0.0_2516/ide/plugins/com.nxp.mcuxpresso.tools.win32_11.0.0.201905131304/tools/bin/../lib/gcc/arm-none-eabi/8.2.1/../../../../arm-none-eabi/lib/thumb/v7-m/nofp\libcr_newlib_nohost.a(_cr_check_heap.o)
                0x0000764c                __check_heap_overflow
 .text          0x00007664       0x40 c:/nxp/mcuxpressoide_11.0.0_2516/ide/plugins/com.nxp.mcuxpresso.tools.win32_11.0.0.201905131304/tools/bin/../lib/gcc/arm-none-eabi/8.2.1/thumb/v7-m/nofp\crtbegin.o
 .text          0x000076a4      0x378 c:/nxp/mcuxpressoide_11.0.0_2516/ide/plugins/com.nxp.mcuxpresso.tools.win32_11.0.0.201905131304/tools/bin/../lib/gcc/arm-none-eabi/8.2.1/thumb/v7-m/nofp\libgcc.a(_arm_addsubdf3.o)
                0x000076a4                __aeabi_drsub
                0x000076ac                __aeabi_dsub
                0x000076ac                __subdf3
                0x000076b0                __aeabi_dadd
                0x000076b0                __adddf3
                0x00007928                __floatunsidf
                0x00007928                __aeabi_ui2d
                0x00007948                __floatsidf
                0x00007948                __aeabi_i2d
                0x0000796c                __aeabi_f2d
                0x0000796c                __extendsfdf2
                0x000079b0                __floatundidf
                0x000079b0                __aeabi_ul2d
                0x000079c0                __floatdidf
                0x000079c0                __aeabi_l2d
 .text          0x00007a1c      0x424 c:/nxp/mcuxpressoide_11.0.0_2516/ide/plugins/com.nxp.mcuxpresso.tools.win32_11.0.0.201905131304/tools/bin/../lib/gcc/arm-none-eabi/8.2.1/thumb/v7-m/nofp\libgcc.a(_arm_muldivdf3.o)
                0x00007a1c                __aeabi_dmul
                0x00007a1c                __muldf3
                0x00007c70                __divdf3
                0x00007c70                __aeabi_ddiv
 .text          0x00007e40      0x110 c:/nxp/mcuxpressoide_11.0.0_2516/ide/plugins/com.nxp.mcuxpresso.tools.win32_11.0.0.201905131304/tools/bin/../lib/gcc/arm-none-eabi/8.2.1/thumb/v7-m/nofp\libgcc.a(_arm_cmpdf2.o)
                0x00007e40                __gtdf2
                0x00007e40                __gedf2
                0x00007e48                __ltdf2
                0x00007e48                __ledf2
                0x00007e50                __nedf2
                0x00007e50                __eqdf2
                0x00007e50                __cmpdf2
                0x00007ecc                __aeabi_cdrcmple
                0x00007edc                __aeabi_cdcmpeq
                0x00007edc                __aeabi_cdcmple
                0x00007eec                __aeabi_dcmpeq
                0x00007f00                __aeabi_dcmplt
                0x00007f14                __aeabi_dcmple
                0x00007f28                __aeabi_dcmpge
                0x00007f3c                __aeabi_dcmpgt
 .text          0x00007f50       0x2c c:/nxp/mcuxpressoide_11.0.0_2516/ide/plugins/com.nxp.mcuxpresso.tools.win32_11.0.0.201905131304/tools/bin/../lib/gcc/arm-none-eabi/8.2.1/thumb/v7-m/nofp\libgcc.a(_arm_unorddf2.o)
                0x00007f50                __unorddf2
                0x00007f50                __aeabi_dcmpun
 .text          0x00007f7c       0x50 c:/nxp/mcuxpressoide_11.0.0_2516/ide/plugins/com.nxp.mcuxpresso.tools.win32_11.0.0.201905131304/tools/bin/../lib/gcc/arm-none-eabi/8.2.1/thumb/v7-m/nofp\libgcc.a(_arm_fixdfsi.o)
                0x00007f7c                __aeabi_d2iz
                0x00007f7c                __fixdfsi
 .text.__errno  0x00007fcc        0xc c:/nxp/mcuxpressoide_11.0.0_2516/ide/plugins/com.nxp.mcuxpresso.tools.win32_11.0.0.201905131304/tools/bin/../lib/gcc/arm-none-eabi/8.2.1/../../../../arm-none-eabi/lib/thumb/v7-m/nofp\libc.a(lib_a-errno.o)
                0x00007fcc                __errno
 *(.rodata .rodata.* .constdata .constdata.*)
 .rodata._ZTV12DigitalIoPin
                0x00007fd8       0x14 ./src/DigitalIoPin.o
                0x00007fd8                vtable for DigitalIoPin
 .rodata        0x00007fec       0x36 ./src/Lab1.3.o
 *fill*         0x00008022        0x2 ff
 .rodata.OscRateIn
                0x00008024        0x4 C:\Users\vovan\Documents\MCUXpressoIDE_11.0.0_2516\workspace\lpc_board_nxp_lpcxpresso_1549\Debug\liblpc_board_nxp_lpcxpresso_1549.a(board.o)
                0x00008024                OscRateIn
 .rodata.RTCOscRateIn
                0x00008028        0x4 C:\Users\vovan\Documents\MCUXpressoIDE_11.0.0_2516\workspace\lpc_board_nxp_lpcxpresso_1549\Debug\liblpc_board_nxp_lpcxpresso_1549.a(board.o)
                0x00008028                RTCOscRateIn
 .rodata.ledpins
                0x0000802c        0x3 C:\Users\vovan\Documents\MCUXpressoIDE_11.0.0_2516\workspace\lpc_board_nxp_lpcxpresso_1549\Debug\liblpc_board_nxp_lpcxpresso_1549.a(board.o)
 *fill*         0x0000802f        0x1 ff
 .rodata.ledports
                0x00008030        0x3 C:\Users\vovan\Documents\MCUXpressoIDE_11.0.0_2516\workspace\lpc_board_nxp_lpcxpresso_1549\Debug\liblpc_board_nxp_lpcxpresso_1549.a(board.o)
 *fill*         0x00008033        0x1 ff
 .rodata.ioconSetup
                0x00008034       0x74 C:\Users\vovan\Documents\MCUXpressoIDE_11.0.0_2516\workspace\lpc_board_nxp_lpcxpresso_1549\Debug\liblpc_board_nxp_lpcxpresso_1549.a(board_sysinit.o)
 .rodata.swmSetup
                0x000080a8        0x6 C:\Users\vovan\Documents\MCUXpressoIDE_11.0.0_2516\workspace\lpc_board_nxp_lpcxpresso_1549\Debug\liblpc_board_nxp_lpcxpresso_1549.a(board_sysinit.o)
 *fill*         0x000080ae        0x2 ff
 .rodata        0x000080b0       0x40 C:\Users\vovan\Documents\MCUXpressoIDE_11.0.0_2516\workspace\FreeRTOS\Debug\libFreeRTOS.a(tasks.o)
                0x000080e0                FreeRTOSDebugConfig
 .rodata._vfprintf_r.str1.4
                0x000080f0       0x42 c:/nxp/mcuxpressoide_11.0.0_2516/ide/plugins/com.nxp.mcuxpresso.tools.win32_11.0.0.201905131304/tools/bin/../lib/gcc/arm-none-eabi/8.2.1/../../../../arm-none-eabi/lib/thumb/v7-m/nofp\libc.a(lib_a-vfprintf.o)
 *fill*         0x00008132        0x2 ff
 .rodata.blanks.7380
                0x00008134       0x10 c:/nxp/mcuxpressoide_11.0.0_2516/ide/plugins/com.nxp.mcuxpresso.tools.win32_11.0.0.201905131304/tools/bin/../lib/gcc/arm-none-eabi/8.2.1/../../../../arm-none-eabi/lib/thumb/v7-m/nofp\libc.a(lib_a-vfprintf.o)
 .rodata.zeroes.7381
                0x00008144       0x10 c:/nxp/mcuxpressoide_11.0.0_2516/ide/plugins/com.nxp.mcuxpresso.tools.win32_11.0.0.201905131304/tools/bin/../lib/gcc/arm-none-eabi/8.2.1/../../../../arm-none-eabi/lib/thumb/v7-m/nofp\libc.a(lib_a-vfprintf.o)
 .rodata._dtoa_r.str1.4
                0x00008154        0xd c:/nxp/mcuxpressoide_11.0.0_2516/ide/plugins/com.nxp.mcuxpresso.tools.win32_11.0.0.201905131304/tools/bin/../lib/gcc/arm-none-eabi/8.2.1/../../../../arm-none-eabi/lib/thumb/v7-m/nofp\libc.a(lib_a-dtoa.o)
                                 0x12 (size before relaxing)
 *fill*         0x00008161        0x7 ff
 .rodata.__mprec_bigtens
                0x00008168       0x28 c:/nxp/mcuxpressoide_11.0.0_2516/ide/plugins/com.nxp.mcuxpresso.tools.win32_11.0.0.201905131304/tools/bin/../lib/gcc/arm-none-eabi/8.2.1/../../../../arm-none-eabi/lib/thumb/v7-m/nofp\libc.a(lib_a-mprec.o)
                0x00008168                __mprec_bigtens
 .rodata.__mprec_tens
                0x00008190       0xc8 c:/nxp/mcuxpressoide_11.0.0_2516/ide/plugins/com.nxp.mcuxpresso.tools.win32_11.0.0.201905131304/tools/bin/../lib/gcc/arm-none-eabi/8.2.1/../../../../arm-none-eabi/lib/thumb/v7-m/nofp\libc.a(lib_a-mprec.o)
                0x00008190                __mprec_tens
 .rodata.p05.6135
                0x00008258        0xc c:/nxp/mcuxpressoide_11.0.0_2516/ide/plugins/com.nxp.mcuxpresso.tools.win32_11.0.0.201905131304/tools/bin/../lib/gcc/arm-none-eabi/8.2.1/../../../../arm-none-eabi/lib/thumb/v7-m/nofp\libc.a(lib_a-mprec.o)
 .rodata._setlocale_r.str1.4
                0x00008264        0xa c:/nxp/mcuxpressoide_11.0.0_2516/ide/plugins/com.nxp.mcuxpresso.tools.win32_11.0.0.201905131304/tools/bin/../lib/gcc/arm-none-eabi/8.2.1/../../../../arm-none-eabi/lib/thumb/v7-m/nofp\libc.a(lib_a-locale.o)
                                  0xd (size before relaxing)
 *fill*         0x0000826e        0x2 ff
 .rodata.str1.4
                0x00008270        0x4 c:/nxp/mcuxpressoide_11.0.0_2516/ide/plugins/com.nxp.mcuxpresso.tools.win32_11.0.0.201905131304/tools/bin/../lib/gcc/arm-none-eabi/8.2.1/../../../../arm-none-eabi/lib/thumb/v7-m/nofp\libc.a(lib_a-locale.o)
                                  0x2 (size before relaxing)
 .rodata._ctype_
                0x00008274      0x101 c:/nxp/mcuxpressoide_11.0.0_2516/ide/plugins/com.nxp.mcuxpresso.tools.win32_11.0.0.201905131304/tools/bin/../lib/gcc/arm-none-eabi/8.2.1/../../../../arm-none-eabi/lib/thumb/v7-m/nofp\libc.a(lib_a-ctype_.o)
                0x00008274                _ctype_
                0x00008378                . = ALIGN (0x4)
 *fill*         0x00008375        0x3 ff
                0x00008378                . = ALIGN (0x4)
 *(.init)
 .init          0x00008378        0x4 c:/nxp/mcuxpressoide_11.0.0_2516/ide/plugins/com.nxp.mcuxpresso.tools.win32_11.0.0.201905131304/tools/bin/../lib/gcc/arm-none-eabi/8.2.1/thumb/v7-m/nofp\crti.o
                0x00008378                _init
 .init          0x0000837c        0x8 c:/nxp/mcuxpressoide_11.0.0_2516/ide/plugins/com.nxp.mcuxpresso.tools.win32_11.0.0.201905131304/tools/bin/../lib/gcc/arm-none-eabi/8.2.1/thumb/v7-m/nofp\crtn.o
                0x00008384                . = ALIGN (0x4)
                0x00008384                __preinit_array_start = .
 *(.preinit_array)
                0x00008384                __preinit_array_end = .
                0x00008384                . = ALIGN (0x4)
                0x00008384                __init_array_start = .
 *(SORT_BY_NAME(.init_array.*))
 *(.init_array)
 .init_array    0x00008384        0x4 c:/nxp/mcuxpressoide_11.0.0_2516/ide/plugins/com.nxp.mcuxpresso.tools.win32_11.0.0.201905131304/tools/bin/../lib/gcc/arm-none-eabi/8.2.1/thumb/v7-m/nofp\crtbegin.o
                0x00008388                __init_array_end = .
 *(.fini)
 .fini          0x00008388        0x4 c:/nxp/mcuxpressoide_11.0.0_2516/ide/plugins/com.nxp.mcuxpresso.tools.win32_11.0.0.201905131304/tools/bin/../lib/gcc/arm-none-eabi/8.2.1/thumb/v7-m/nofp\crti.o
                0x00008388                _fini
 .fini          0x0000838c        0x8 c:/nxp/mcuxpressoide_11.0.0_2516/ide/plugins/com.nxp.mcuxpresso.tools.win32_11.0.0.201905131304/tools/bin/../lib/gcc/arm-none-eabi/8.2.1/thumb/v7-m/nofp\crtn.o
                0x00008394                . = ALIGN (0x4)
 *crtbegin.o(.ctors)
 *(EXCLUDE_FILE(*crtend.o) .ctors)
 *(SORT_BY_NAME(.ctors.*))
 *crtend.o(.ctors)
                0x00008394                . = ALIGN (0x4)
 *crtbegin.o(.dtors)
 *(EXCLUDE_FILE(*crtend.o) .dtors)
 *(SORT_BY_NAME(.dtors.*))
 *crtend.o(.dtors)
                0x00008394                . = ALIGN (0x4)

.glue_7         0x00008394        0x0
 .glue_7        0x00008394        0x0 linker stubs

.glue_7t        0x00008394        0x0
 .glue_7t       0x00008394        0x0 linker stubs

.vfp11_veneer   0x00008394        0x0
 .vfp11_veneer  0x00008394        0x0 linker stubs

.v4_bx          0x00008394        0x0
 .v4_bx         0x00008394        0x0 linker stubs

.iplt           0x00008394        0x0
 .iplt          0x00008394        0x0 ./src/DigitalIoPin.o

.ARM.extab
 *(.ARM.extab* .gnu.linkonce.armextab.*)
                0x00008394                __exidx_start = .

.ARM.exidx      0x00008394        0x8
 *(.ARM.exidx* .gnu.linkonce.armexidx.*)
 .ARM.exidx     0x00008394        0x8 c:/nxp/mcuxpressoide_11.0.0_2516/ide/plugins/com.nxp.mcuxpresso.tools.win32_11.0.0.201905131304/tools/bin/../lib/gcc/arm-none-eabi/8.2.1/thumb/v7-m/nofp\libgcc.a(_udivmoddi4.o)
 .ARM.exidx.text._ZdlPvj
                0x0000839c        0x0 c:/nxp/mcuxpressoide_11.0.0_2516/ide/plugins/com.nxp.mcuxpresso.tools.win32_11.0.0.201905131304/tools/bin/../lib/gcc/arm-none-eabi/8.2.1/../../../../arm-none-eabi/lib/thumb/v7-m/nofp\libstdc++.a(del_ops.o)
                                  0x8 (size before relaxing)
                0x0000839c                __exidx_end = .
                0x0000839c                _etext = .

.rel.dyn        0x0000839c        0x0
 .rel.iplt      0x0000839c        0x0 ./src/DigitalIoPin.o

.eh_frame       0x0000839c        0x0
 .eh_frame      0x0000839c        0x0 c:/nxp/mcuxpressoide_11.0.0_2516/ide/plugins/com.nxp.mcuxpresso.tools.win32_11.0.0.201905131304/tools/bin/../lib/gcc/arm-none-eabi/8.2.1/thumb/v7-m/nofp\crtbegin.o

.data_RAM2      0x02004000        0x0 load address 0x0000839c
 FILL mask 0xff
                [!provide]                PROVIDE (__start_data_RAM2 = .)
 *(.ramfunc.$RAM2)
 *(.ramfunc.$Ram1_16)
 *(.data.$RAM2)
 *(.data.$Ram1_16)
 *(.data.$RAM2.*)
 *(.data.$Ram1_16.*)
                0x02004000                . = ALIGN (0x4)
                [!provide]                PROVIDE (__end_data_RAM2 = .)

.data_RAM3      0x02008000        0x0 load address 0x0000839c
 FILL mask 0xff
                [!provide]                PROVIDE (__start_data_RAM3 = .)
 *(.ramfunc.$RAM3)
 *(.ramfunc.$Ram2_4)
 *(.data.$RAM3)
 *(.data.$Ram2_4)
 *(.data.$RAM3.*)
 *(.data.$Ram2_4.*)
                0x02008000                . = ALIGN (0x4)
                [!provide]                PROVIDE (__end_data_RAM3 = .)

.uninit_RESERVED
                0x02000000        0x0
                0x02000000                . = ALIGN (0x4)
 *(.bss.$RESERVED*)
                0x02000000                . = ALIGN (0x4)
                0x02000000                _end_uninit_RESERVED = .

.data           0x02000000      0x9ac load address 0x0000839c
 FILL mask 0xff
                0x02000000                _data = .
 *(vtable)
 *(.ramfunc*)
 *(.data*)
 .data.uxCriticalNesting
                0x02000000        0x4 C:\Users\vovan\Documents\MCUXpressoIDE_11.0.0_2516\workspace\FreeRTOS\Debug\libFreeRTOS.a(port.o)
 .data._impure_ptr
                0x02000004        0x4 c:/nxp/mcuxpressoide_11.0.0_2516/ide/plugins/com.nxp.mcuxpresso.tools.win32_11.0.0.201905131304/tools/bin/../lib/gcc/arm-none-eabi/8.2.1/../../../../arm-none-eabi/lib/thumb/v7-m/nofp\libc.a(lib_a-impure.o)
                0x02000004                _impure_ptr
 .data.impure_data
                0x02000008      0x428 c:/nxp/mcuxpressoide_11.0.0_2516/ide/plugins/com.nxp.mcuxpresso.tools.win32_11.0.0.201905131304/tools/bin/../lib/gcc/arm-none-eabi/8.2.1/../../../../arm-none-eabi/lib/thumb/v7-m/nofp\libc.a(lib_a-impure.o)
 .data.__malloc_av_
                0x02000430      0x408 c:/nxp/mcuxpressoide_11.0.0_2516/ide/plugins/com.nxp.mcuxpresso.tools.win32_11.0.0.201905131304/tools/bin/../lib/gcc/arm-none-eabi/8.2.1/../../../../arm-none-eabi/lib/thumb/v7-m/nofp\libc.a(lib_a-mallocr.o)
                0x02000430                __malloc_av_
 .data.__malloc_sbrk_base
                0x02000838        0x4 c:/nxp/mcuxpressoide_11.0.0_2516/ide/plugins/com.nxp.mcuxpresso.tools.win32_11.0.0.201905131304/tools/bin/../lib/gcc/arm-none-eabi/8.2.1/../../../../arm-none-eabi/lib/thumb/v7-m/nofp\libc.a(lib_a-mallocr.o)
                0x02000838                __malloc_sbrk_base
 .data.__malloc_trim_threshold
                0x0200083c        0x4 c:/nxp/mcuxpressoide_11.0.0_2516/ide/plugins/com.nxp.mcuxpresso.tools.win32_11.0.0.201905131304/tools/bin/../lib/gcc/arm-none-eabi/8.2.1/../../../../arm-none-eabi/lib/thumb/v7-m/nofp\libc.a(lib_a-mallocr.o)
                0x0200083c                __malloc_trim_threshold
 .data.__global_locale
                0x02000840      0x16c c:/nxp/mcuxpressoide_11.0.0_2516/ide/plugins/com.nxp.mcuxpresso.tools.win32_11.0.0.201905131304/tools/bin/../lib/gcc/arm-none-eabi/8.2.1/../../../../arm-none-eabi/lib/thumb/v7-m/nofp\libc.a(lib_a-locale.o)
                0x02000840                __global_locale
                0x020009ac                . = ALIGN (0x4)
                0x020009ac                _edata = .

.igot.plt       0x020009ac        0x0 load address 0x00008d48
 .igot.plt      0x020009ac        0x0 ./src/DigitalIoPin.o

.bss_RAM2       0x02004000        0x0
                0x02004000                . = ALIGN (0x4)
                [!provide]                PROVIDE (__start_bss_RAM2 = .)
 *(.bss.$RAM2)
 *(.bss.$Ram1_16)
 *(.bss.$RAM2.*)
 *(.bss.$Ram1_16.*)
                0x02004000                . = ALIGN ((. != 0x0)?0x4:0x1)
                [!provide]                PROVIDE (__end_bss_RAM2 = .)

.bss_RAM3       0x02008000        0x0
                0x02008000                . = ALIGN (0x4)
                [!provide]                PROVIDE (__start_bss_RAM3 = .)
 *(.bss.$RAM3)
 *(.bss.$Ram2_4)
 *(.bss.$RAM3.*)
 *(.bss.$Ram2_4.*)
                0x02008000                . = ALIGN ((. != 0x0)?0x4:0x1)
                [!provide]                PROVIDE (__end_bss_RAM3 = .)

.bss            0x020009ac      0x1c8
                0x020009ac                . = ALIGN (0x4)
                0x020009ac                _bss = .
 *(.bss*)
 .bss.pxCurrentTCB
                0x020009ac        0x4 C:\Users\vovan\Documents\MCUXpressoIDE_11.0.0_2516\workspace\FreeRTOS\Debug\libFreeRTOS.a(tasks.o)
                0x020009ac                pxCurrentTCB
 .bss.pxReadyTasksLists
                0x020009b0       0xa0 C:\Users\vovan\Documents\MCUXpressoIDE_11.0.0_2516\workspace\FreeRTOS\Debug\libFreeRTOS.a(tasks.o)
 .bss.xDelayedTaskList1
                0x02000a50       0x14 C:\Users\vovan\Documents\MCUXpressoIDE_11.0.0_2516\workspace\FreeRTOS\Debug\libFreeRTOS.a(tasks.o)
 .bss.xDelayedTaskList2
                0x02000a64       0x14 C:\Users\vovan\Documents\MCUXpressoIDE_11.0.0_2516\workspace\FreeRTOS\Debug\libFreeRTOS.a(tasks.o)
 .bss.pxDelayedTaskList
                0x02000a78        0x4 C:\Users\vovan\Documents\MCUXpressoIDE_11.0.0_2516\workspace\FreeRTOS\Debug\libFreeRTOS.a(tasks.o)
 .bss.pxOverflowDelayedTaskList
                0x02000a7c        0x4 C:\Users\vovan\Documents\MCUXpressoIDE_11.0.0_2516\workspace\FreeRTOS\Debug\libFreeRTOS.a(tasks.o)
 .bss.xPendingReadyList
                0x02000a80       0x14 C:\Users\vovan\Documents\MCUXpressoIDE_11.0.0_2516\workspace\FreeRTOS\Debug\libFreeRTOS.a(tasks.o)
 .bss.xTasksWaitingTermination
                0x02000a94       0x14 C:\Users\vovan\Documents\MCUXpressoIDE_11.0.0_2516\workspace\FreeRTOS\Debug\libFreeRTOS.a(tasks.o)
 .bss.uxDeletedTasksWaitingCleanUp
                0x02000aa8        0x4 C:\Users\vovan\Documents\MCUXpressoIDE_11.0.0_2516\workspace\FreeRTOS\Debug\libFreeRTOS.a(tasks.o)
 .bss.xSuspendedTaskList
                0x02000aac       0x14 C:\Users\vovan\Documents\MCUXpressoIDE_11.0.0_2516\workspace\FreeRTOS\Debug\libFreeRTOS.a(tasks.o)
 .bss.uxCurrentNumberOfTasks
                0x02000ac0        0x4 C:\Users\vovan\Documents\MCUXpressoIDE_11.0.0_2516\workspace\FreeRTOS\Debug\libFreeRTOS.a(tasks.o)
 .bss.xTickCount
                0x02000ac4        0x4 C:\Users\vovan\Documents\MCUXpressoIDE_11.0.0_2516\workspace\FreeRTOS\Debug\libFreeRTOS.a(tasks.o)
 .bss.uxTopReadyPriority
                0x02000ac8        0x4 C:\Users\vovan\Documents\MCUXpressoIDE_11.0.0_2516\workspace\FreeRTOS\Debug\libFreeRTOS.a(tasks.o)
 .bss.xSchedulerRunning
                0x02000acc        0x4 C:\Users\vovan\Documents\MCUXpressoIDE_11.0.0_2516\workspace\FreeRTOS\Debug\libFreeRTOS.a(tasks.o)
 .bss.uxPendedTicks
                0x02000ad0        0x4 C:\Users\vovan\Documents\MCUXpressoIDE_11.0.0_2516\workspace\FreeRTOS\Debug\libFreeRTOS.a(tasks.o)
 .bss.xYieldPending
                0x02000ad4        0x4 C:\Users\vovan\Documents\MCUXpressoIDE_11.0.0_2516\workspace\FreeRTOS\Debug\libFreeRTOS.a(tasks.o)
 .bss.xNumOfOverflows
                0x02000ad8        0x4 C:\Users\vovan\Documents\MCUXpressoIDE_11.0.0_2516\workspace\FreeRTOS\Debug\libFreeRTOS.a(tasks.o)
 .bss.uxTaskNumber
                0x02000adc        0x4 C:\Users\vovan\Documents\MCUXpressoIDE_11.0.0_2516\workspace\FreeRTOS\Debug\libFreeRTOS.a(tasks.o)
 .bss.xNextTaskUnblockTime
                0x02000ae0        0x4 C:\Users\vovan\Documents\MCUXpressoIDE_11.0.0_2516\workspace\FreeRTOS\Debug\libFreeRTOS.a(tasks.o)
 .bss.xIdleTaskHandle
                0x02000ae4        0x4 C:\Users\vovan\Documents\MCUXpressoIDE_11.0.0_2516\workspace\FreeRTOS\Debug\libFreeRTOS.a(tasks.o)
 .bss.uxSchedulerSuspended
                0x02000ae8        0x4 C:\Users\vovan\Documents\MCUXpressoIDE_11.0.0_2516\workspace\FreeRTOS\Debug\libFreeRTOS.a(tasks.o)
 .bss.ulTaskSwitchedInTime
                0x02000aec        0x4 C:\Users\vovan\Documents\MCUXpressoIDE_11.0.0_2516\workspace\FreeRTOS\Debug\libFreeRTOS.a(tasks.o)
 .bss.ulTotalRunTime
                0x02000af0        0x4 C:\Users\vovan\Documents\MCUXpressoIDE_11.0.0_2516\workspace\FreeRTOS\Debug\libFreeRTOS.a(tasks.o)
 .bss.__malloc_current_mallinfo
                0x02000af4       0x28 c:/nxp/mcuxpressoide_11.0.0_2516/ide/plugins/com.nxp.mcuxpresso.tools.win32_11.0.0.201905131304/tools/bin/../lib/gcc/arm-none-eabi/8.2.1/../../../../arm-none-eabi/lib/thumb/v7-m/nofp\libc.a(lib_a-mallocr.o)
                0x02000af4                __malloc_current_mallinfo
 .bss.__malloc_max_sbrked_mem
                0x02000b1c        0x4 c:/nxp/mcuxpressoide_11.0.0_2516/ide/plugins/com.nxp.mcuxpresso.tools.win32_11.0.0.201905131304/tools/bin/../lib/gcc/arm-none-eabi/8.2.1/../../../../arm-none-eabi/lib/thumb/v7-m/nofp\libc.a(lib_a-mallocr.o)
                0x02000b1c                __malloc_max_sbrked_mem
 .bss.__malloc_max_total_mem
                0x02000b20        0x4 c:/nxp/mcuxpressoide_11.0.0_2516/ide/plugins/com.nxp.mcuxpresso.tools.win32_11.0.0.201905131304/tools/bin/../lib/gcc/arm-none-eabi/8.2.1/../../../../arm-none-eabi/lib/thumb/v7-m/nofp\libc.a(lib_a-mallocr.o)
                0x02000b20                __malloc_max_total_mem
 .bss.__malloc_top_pad
                0x02000b24        0x4 c:/nxp/mcuxpressoide_11.0.0_2516/ide/plugins/com.nxp.mcuxpresso.tools.win32_11.0.0.201905131304/tools/bin/../lib/gcc/arm-none-eabi/8.2.1/../../../../arm-none-eabi/lib/thumb/v7-m/nofp\libc.a(lib_a-mallocr.o)
                0x02000b24                __malloc_top_pad
 .bss.__end_of_heap
                0x02000b28        0x4 c:/nxp/mcuxpressoide_11.0.0_2516/ide/plugins/com.nxp.mcuxpresso.tools.win32_11.0.0.201905131304/tools/bin/../lib/gcc/arm-none-eabi/8.2.1/../../../../arm-none-eabi/lib/thumb/v7-m/nofp\libcr_newlib_nohost.a(_cr_sbrk.o)
                0x02000b28                __end_of_heap
 .bss           0x02000b2c       0x1c c:/nxp/mcuxpressoide_11.0.0_2516/ide/plugins/com.nxp.mcuxpresso.tools.win32_11.0.0.201905131304/tools/bin/../lib/gcc/arm-none-eabi/8.2.1/thumb/v7-m/nofp\crtbegin.o
 *(COMMON)
 COMMON         0x02000b48        0x4 C:\Users\vovan\Documents\MCUXpressoIDE_11.0.0_2516\workspace\lpc_chip_15xx\Debug\liblpc_chip_15xx.a(chip_15xx.o)
                0x02000b48                SystemCoreClock
 COMMON         0x02000b4c        0x4 c:/nxp/mcuxpressoide_11.0.0_2516/ide/plugins/com.nxp.mcuxpresso.tools.win32_11.0.0.201905131304/tools/bin/../lib/gcc/arm-none-eabi/8.2.1/../../../../arm-none-eabi/lib/thumb/v7-m/nofp\libc.a(lib_a-reent.o)
                0x02000b4c                errno
 COMMON         0x02000b50       0x21 c:/nxp/mcuxpressoide_11.0.0_2516/ide/plugins/com.nxp.mcuxpresso.tools.win32_11.0.0.201905131304/tools/bin/../lib/gcc/arm-none-eabi/8.2.1/../../../../arm-none-eabi/lib/thumb/v7-m/nofp\libc.a(lib_a-lock.o)
                0x02000b50                __lock___atexit_recursive_mutex
                0x02000b54                __lock___arc4random_mutex
                0x02000b58                __lock___env_recursive_mutex
                0x02000b5c                __lock___sinit_recursive_mutex
                0x02000b60                __lock___malloc_recursive_mutex
                0x02000b64                __lock___at_quick_exit_mutex
                0x02000b68                __lock___dd_hash_mutex
                0x02000b6c                __lock___tz_mutex
                0x02000b70                __lock___sfp_recursive_mutex
                0x02000b74                . = ALIGN (0x4)
 *fill*         0x02000b71        0x3 
                0x02000b74                _ebss = .
                [!provide]                PROVIDE (end = .)

.noinit_RAM2    0x02004000        0x0
                0x02004000                . = ALIGN (0x4)
 *(.noinit.$RAM2)
 *(.noinit.$Ram1_16)
 *(.noinit.$RAM2.*)
 *(.noinit.$Ram1_16.*)
                0x02004000                . = ALIGN (0x4)

.noinit_RAM3    0x02008000        0x0
                0x02008000                . = ALIGN (0x4)
 *(.noinit.$RAM3)
 *(.noinit.$Ram2_4)
 *(.noinit.$RAM3.*)
 *(.noinit.$Ram2_4.*)
                0x02008000                . = ALIGN (0x4)

.noinit         0x02000b74        0x0
                0x02000b74                . = ALIGN (0x4)
                0x02000b74                _noinit = .
 *(.noinit*)
                0x02000b74                . = ALIGN (0x4)
                0x02000b74                _end_noinit = .
                0x02000b74                PROVIDE (_pvHeapStart = DEFINED (__user_heap_base)?__user_heap_base:.)
                0x02004000                PROVIDE (_vStackTop = DEFINED (__user_stack_top)?__user_stack_top:(__top_Ram0_16 - 0x0))
                0xfdffb2e2                PROVIDE (__valid_user_code_checksum = (0x0 - ((((((_vStackTop + (ResetISR + 0x1)) + (NMI_Handler + 0x1)) + (HardFault_Handler + 0x1)) + (DEFINED (MemManage_Handler)?MemManage_Handler:0x0 + 0x1)) + (DEFINED (BusFault_Handler)?BusFault_Handler:0x0 + 0x1)) + (DEFINED (UsageFault_Handler)?UsageFault_Handler:0x0 + 0x1))))
                0x00000000                _image_start = LOADADDR (.text)
                0x00008d48                _image_end = (LOADADDR (.data) + SIZEOF (.data))
                0x00008d48                _image_size = (_image_end - _image_start)
OUTPUT(Lab1.3.axf elf32-littlearm)

.debug_info     0x00000000    0x12f27
 .debug_info    0x00000000      0x6f6 ./src/DigitalIoPin.o
 .debug_info    0x000006f6     0x1225 ./src/Lab1.3.o
 .debug_info    0x0000191b     0x1282 ./src/cr_cpp_config.o
 .debug_info    0x00002b9d      0x2a0 ./src/cr_startup_lpc15xx.o
 .debug_info    0x00002e3d      0x9fc ./src/sysinit.o
 .debug_info    0x00003839     0x145c C:\Users\vovan\Documents\MCUXpressoIDE_11.0.0_2516\workspace\lpc_board_nxp_lpcxpresso_1549\Debug\liblpc_board_nxp_lpcxpresso_1549.a(board.o)
 .debug_info    0x00004c95     0x1606 C:\Users\vovan\Documents\MCUXpressoIDE_11.0.0_2516\workspace\lpc_board_nxp_lpcxpresso_1549\Debug\liblpc_board_nxp_lpcxpresso_1549.a(board_sysinit.o)
 .debug_info    0x0000629b      0xa44 C:\Users\vovan\Documents\MCUXpressoIDE_11.0.0_2516\workspace\lpc_chip_15xx\Debug\liblpc_chip_15xx.a(chip_15xx.o)
 .debug_info    0x00006cdf      0xe46 C:\Users\vovan\Documents\MCUXpressoIDE_11.0.0_2516\workspace\lpc_chip_15xx\Debug\liblpc_chip_15xx.a(clock_15xx.o)
 .debug_info    0x00007b25      0x6d1 C:\Users\vovan\Documents\MCUXpressoIDE_11.0.0_2516\workspace\lpc_chip_15xx\Debug\liblpc_chip_15xx.a(gpio_15xx.o)
 .debug_info    0x000081f6      0x29c C:\Users\vovan\Documents\MCUXpressoIDE_11.0.0_2516\workspace\lpc_chip_15xx\Debug\liblpc_chip_15xx.a(iocon_15xx.o)
 .debug_info    0x00008492      0x69b C:\Users\vovan\Documents\MCUXpressoIDE_11.0.0_2516\workspace\lpc_chip_15xx\Debug\liblpc_chip_15xx.a(swm_15xx.o)
 .debug_info    0x00008b2d      0x802 C:\Users\vovan\Documents\MCUXpressoIDE_11.0.0_2516\workspace\lpc_chip_15xx\Debug\liblpc_chip_15xx.a(sysctl_15xx.o)
 .debug_info    0x0000932f      0x7dc C:\Users\vovan\Documents\MCUXpressoIDE_11.0.0_2516\workspace\lpc_chip_15xx\Debug\liblpc_chip_15xx.a(sysinit_15xx.o)
 .debug_info    0x00009b0b      0x9ce C:\Users\vovan\Documents\MCUXpressoIDE_11.0.0_2516\workspace\lpc_chip_15xx\Debug\liblpc_chip_15xx.a(uart_15xx.o)
 .debug_info    0x0000a4d9     0x287d C:\Users\vovan\Documents\MCUXpressoIDE_11.0.0_2516\workspace\FreeRTOS\Debug\libFreeRTOS.a(tasks.o)
 .debug_info    0x0000cd56      0xa6e C:\Users\vovan\Documents\MCUXpressoIDE_11.0.0_2516\workspace\FreeRTOS\Debug\libFreeRTOS.a(heap_3.o)
 .debug_info    0x0000d7c4      0xd53 C:\Users\vovan\Documents\MCUXpressoIDE_11.0.0_2516\workspace\FreeRTOS\Debug\libFreeRTOS.a(port.o)
 .debug_info    0x0000e517      0xb30 C:\Users\vovan\Documents\MCUXpressoIDE_11.0.0_2516\workspace\FreeRTOS\Debug\libFreeRTOS.a(FreeRTOSCommonHooks.o)
 .debug_info    0x0000f047      0xc2f C:\Users\vovan\Documents\MCUXpressoIDE_11.0.0_2516\workspace\FreeRTOS\Debug\libFreeRTOS.a(list.o)
 .debug_info    0x0000fc76      0x9f8 c:/nxp/mcuxpressoide_11.0.0_2516/ide/plugins/com.nxp.mcuxpresso.tools.win32_11.0.0.201905131304/tools/bin/../lib/gcc/arm-none-eabi/8.2.1/../../../../arm-none-eabi/lib/thumb/v7-m/nofp\libcr_newlib_nohost.a(_cr_sbrk.o)
 .debug_info    0x0001066e      0x979 c:/nxp/mcuxpressoide_11.0.0_2516/ide/plugins/com.nxp.mcuxpresso.tools.win32_11.0.0.201905131304/tools/bin/../lib/gcc/arm-none-eabi/8.2.1/../../../../arm-none-eabi/lib/thumb/v7-m/nofp\libcr_newlib_nohost.a(close.o)
 .debug_info    0x00010fe7      0xbbb c:/nxp/mcuxpressoide_11.0.0_2516/ide/plugins/com.nxp.mcuxpresso.tools.win32_11.0.0.201905131304/tools/bin/../lib/gcc/arm-none-eabi/8.2.1/../../../../arm-none-eabi/lib/thumb/v7-m/nofp\libcr_newlib_nohost.a(fstat.o)
 .debug_info    0x00011ba2      0x979 c:/nxp/mcuxpressoide_11.0.0_2516/ide/plugins/com.nxp.mcuxpresso.tools.win32_11.0.0.201905131304/tools/bin/../lib/gcc/arm-none-eabi/8.2.1/../../../../arm-none-eabi/lib/thumb/v7-m/nofp\libcr_newlib_nohost.a(isatty.o)
 .debug_info    0x0001251b      0x99b c:/nxp/mcuxpressoide_11.0.0_2516/ide/plugins/com.nxp.mcuxpresso.tools.win32_11.0.0.201905131304/tools/bin/../lib/gcc/arm-none-eabi/8.2.1/../../../../arm-none-eabi/lib/thumb/v7-m/nofp\libcr_newlib_nohost.a(lseek.o)
 .debug_info    0x00012eb6       0x71 c:/nxp/mcuxpressoide_11.0.0_2516/ide/plugins/com.nxp.mcuxpresso.tools.win32_11.0.0.201905131304/tools/bin/../lib/gcc/arm-none-eabi/8.2.1/../../../../arm-none-eabi/lib/thumb/v7-m/nofp\libcr_newlib_nohost.a(_cr_check_heap.o)

.debug_abbrev   0x00000000     0x3ad5
 .debug_abbrev  0x00000000      0x300 ./src/DigitalIoPin.o
 .debug_abbrev  0x00000300      0x2eb ./src/Lab1.3.o
 .debug_abbrev  0x000005eb      0x378 ./src/cr_cpp_config.o
 .debug_abbrev  0x00000963      0x11a ./src/cr_startup_lpc15xx.o
 .debug_abbrev  0x00000a7d      0x1d9 ./src/sysinit.o
 .debug_abbrev  0x00000c56      0x379 C:\Users\vovan\Documents\MCUXpressoIDE_11.0.0_2516\workspace\lpc_board_nxp_lpcxpresso_1549\Debug\liblpc_board_nxp_lpcxpresso_1549.a(board.o)
 .debug_abbrev  0x00000fcf      0x344 C:\Users\vovan\Documents\MCUXpressoIDE_11.0.0_2516\workspace\lpc_board_nxp_lpcxpresso_1549\Debug\liblpc_board_nxp_lpcxpresso_1549.a(board_sysinit.o)
 .debug_abbrev  0x00001313      0x1ea C:\Users\vovan\Documents\MCUXpressoIDE_11.0.0_2516\workspace\lpc_chip_15xx\Debug\liblpc_chip_15xx.a(chip_15xx.o)
 .debug_abbrev  0x000014fd      0x2e8 C:\Users\vovan\Documents\MCUXpressoIDE_11.0.0_2516\workspace\lpc_chip_15xx\Debug\liblpc_chip_15xx.a(clock_15xx.o)
 .debug_abbrev  0x000017e5      0x1aa C:\Users\vovan\Documents\MCUXpressoIDE_11.0.0_2516\workspace\lpc_chip_15xx\Debug\liblpc_chip_15xx.a(gpio_15xx.o)
 .debug_abbrev  0x0000198f      0x160 C:\Users\vovan\Documents\MCUXpressoIDE_11.0.0_2516\workspace\lpc_chip_15xx\Debug\liblpc_chip_15xx.a(iocon_15xx.o)
 .debug_abbrev  0x00001aef      0x183 C:\Users\vovan\Documents\MCUXpressoIDE_11.0.0_2516\workspace\lpc_chip_15xx\Debug\liblpc_chip_15xx.a(swm_15xx.o)
 .debug_abbrev  0x00001c72      0x154 C:\Users\vovan\Documents\MCUXpressoIDE_11.0.0_2516\workspace\lpc_chip_15xx\Debug\liblpc_chip_15xx.a(sysctl_15xx.o)
 .debug_abbrev  0x00001dc6      0x1dd C:\Users\vovan\Documents\MCUXpressoIDE_11.0.0_2516\workspace\lpc_chip_15xx\Debug\liblpc_chip_15xx.a(sysinit_15xx.o)
 .debug_abbrev  0x00001fa3      0x224 C:\Users\vovan\Documents\MCUXpressoIDE_11.0.0_2516\workspace\lpc_chip_15xx\Debug\liblpc_chip_15xx.a(uart_15xx.o)
 .debug_abbrev  0x000021c7      0x3ec C:\Users\vovan\Documents\MCUXpressoIDE_11.0.0_2516\workspace\FreeRTOS\Debug\libFreeRTOS.a(tasks.o)
 .debug_abbrev  0x000025b3      0x246 C:\Users\vovan\Documents\MCUXpressoIDE_11.0.0_2516\workspace\FreeRTOS\Debug\libFreeRTOS.a(heap_3.o)
 .debug_abbrev  0x000027f9      0x367 C:\Users\vovan\Documents\MCUXpressoIDE_11.0.0_2516\workspace\FreeRTOS\Debug\libFreeRTOS.a(port.o)
 .debug_abbrev  0x00002b60      0x2ab C:\Users\vovan\Documents\MCUXpressoIDE_11.0.0_2516\workspace\FreeRTOS\Debug\libFreeRTOS.a(FreeRTOSCommonHooks.o)
 .debug_abbrev  0x00002e0b      0x235 C:\Users\vovan\Documents\MCUXpressoIDE_11.0.0_2516\workspace\FreeRTOS\Debug\libFreeRTOS.a(list.o)
 .debug_abbrev  0x00003040      0x24a c:/nxp/mcuxpressoide_11.0.0_2516/ide/plugins/com.nxp.mcuxpresso.tools.win32_11.0.0.201905131304/tools/bin/../lib/gcc/arm-none-eabi/8.2.1/../../../../arm-none-eabi/lib/thumb/v7-m/nofp\libcr_newlib_nohost.a(_cr_sbrk.o)
 .debug_abbrev  0x0000328a      0x1ea c:/nxp/mcuxpressoide_11.0.0_2516/ide/plugins/com.nxp.mcuxpresso.tools.win32_11.0.0.201905131304/tools/bin/../lib/gcc/arm-none-eabi/8.2.1/../../../../arm-none-eabi/lib/thumb/v7-m/nofp\libcr_newlib_nohost.a(close.o)
 .debug_abbrev  0x00003474      0x1fd c:/nxp/mcuxpressoide_11.0.0_2516/ide/plugins/com.nxp.mcuxpresso.tools.win32_11.0.0.201905131304/tools/bin/../lib/gcc/arm-none-eabi/8.2.1/../../../../arm-none-eabi/lib/thumb/v7-m/nofp\libcr_newlib_nohost.a(fstat.o)
 .debug_abbrev  0x00003671      0x1ea c:/nxp/mcuxpressoide_11.0.0_2516/ide/plugins/com.nxp.mcuxpresso.tools.win32_11.0.0.201905131304/tools/bin/../lib/gcc/arm-none-eabi/8.2.1/../../../../arm-none-eabi/lib/thumb/v7-m/nofp\libcr_newlib_nohost.a(isatty.o)
 .debug_abbrev  0x0000385b      0x20f c:/nxp/mcuxpressoide_11.0.0_2516/ide/plugins/com.nxp.mcuxpresso.tools.win32_11.0.0.201905131304/tools/bin/../lib/gcc/arm-none-eabi/8.2.1/../../../../arm-none-eabi/lib/thumb/v7-m/nofp\libcr_newlib_nohost.a(lseek.o)
 .debug_abbrev  0x00003a6a       0x6b c:/nxp/mcuxpressoide_11.0.0_2516/ide/plugins/com.nxp.mcuxpresso.tools.win32_11.0.0.201905131304/tools/bin/../lib/gcc/arm-none-eabi/8.2.1/../../../../arm-none-eabi/lib/thumb/v7-m/nofp\libcr_newlib_nohost.a(_cr_check_heap.o)

.debug_aranges  0x00000000      0xa58
 .debug_aranges
                0x00000000       0x68 ./src/DigitalIoPin.o
 .debug_aranges
                0x00000068       0x48 ./src/Lab1.3.o
 .debug_aranges
                0x000000b0       0x48 ./src/cr_cpp_config.o
 .debug_aranges
                0x000000f8       0x80 ./src/cr_startup_lpc15xx.o
 .debug_aranges
                0x00000178       0x20 ./src/sysinit.o
 .debug_aranges
                0x00000198       0xd0 C:\Users\vovan\Documents\MCUXpressoIDE_11.0.0_2516\workspace\lpc_board_nxp_lpcxpresso_1549\Debug\liblpc_board_nxp_lpcxpresso_1549.a(board.o)
 .debug_aranges