core_cm3.h:1323:22:void NVIC_EnableIRQ(IRQn_Type)	16	static
core_cm3.h:1335:22:void NVIC_DisableIRQ(IRQn_Type)	16	static
core_cm3.h:1405:22:void NVIC_SetPriority(IRQn_Type, uint32_t)	16	static
ritimer_15xx.h:107:20:void Chip_RIT_Enable(LPC_RITIMER_T*)	16	static
ritimer_15xx.h:117:20:void Chip_RIT_Disable(LPC_RITIMER_T*)	16	static
ritimer_15xx.h:151:20:void Chip_RIT_EnableCompClear(LPC_RITIMER_T*)	16	static
ritimer_15xx.h:181:20:void Chip_RIT_ClearIntStatus(LPC_RITIMER_T*)	16	static
char_traits.h:300:7:static int std::char_traits<char>::compare(const char_type*, const char_type*, std::size_t)	24	static
gthr-default.h:229:1:int __gthread_key_delete(__gthread_key_t)	16	static
main.cpp:47:13:void prvSetupHardware()	8	static
main.cpp:70:6:void RIT_IRQHandler()	16	static
main.cpp:91:6:void RIT_start(int, int)	32	static
main.cpp:120:13:void UserInputTask(void*)	168	static
main.cpp:183:13:void StepTask(void*)	16	static
main.cpp:204:6:void vConfigureTimerForRunTimeStats()	8	static
main.cpp:217:5:int main()	16	static
basic_string.h:6056:5:typename __gnu_cxx::__enable_if<std::__is_char<_Tp>::__value, bool>::__type std::operator==(const std::__cxx11::basic_string<_CharT>&, const std::__cxx11::basic_string<_CharT>&) [with _CharT = char]	24	static
main.cpp:240:1:void __static_initialization_and_destruction_0(int, int)	24	static
main.cpp:240:1:cpp)	8	static
