12:31:09 **** Incremental Build of configuration Debug for project lpc_board_nxp_lpcxpresso_1549 ****
make -r all 
make: Nothing to be done for 'all'.
12:31:10 **** Incremental Build of configuration Debug for project lpc_chip_15xx ****
make -r all 
make: Nothing to be done for 'all'.
12:31:10 **** Incremental Build of configuration Debug for project FreeRTOS ****
make -r all 
make: Nothing to be done for 'all'.
12:31:10 **** Build of configuration Debug for project Lab1.3 ****
make -r -j4 all 
Building file: ../src/Lab1.3.cpp
Invoking: MCU C++ Compiler
arm-none-eabi-c++ -DDEBUG -D__CODE_RED -D__NEWLIB__ -DCORE_M3 -D__USE_LPCOPEN -DCPP_USE_HEAP -D__LPC15XX__ -I"C:\Users\vovan\Documents\MCUXpressoIDE_11.0.0_2516\workspace\lpc_board_nxp_lpcxpresso_1549\inc" -I"C:\Users\vovan\Documents\MCUXpressoIDE_11.0.0_2516\workspace\lpc_chip_15xx\inc" -I"C:\Users\vovan\Documents\MCUXpressoIDE_11.0.0_2516\workspace\FreeRTOS\inc" -I"C:\Users\vovan\Documents\MCUXpressoIDE_11.0.0_2516\workspace\FreeRTOS\src\include" -I"C:\Users\vovan\Documents\MCUXpressoIDE_11.0.0_2516\workspace\FreeRTOS\src\portable\GCC\ARM_CM3" -O0 -fno-common -g3 -Wall -c -fmessage-length=0 -fno-builtin -ffunction-sections -fdata-sections -fno-rtti -fno-exceptions -mcpu=cortex-m3 -mthumb -fstack-usage -MMD -MP -MF"src/Lab1.3.d" -MT"src/Lab1.3.o" -MT"src/Lab1.3.d" -o "src/Lab1.3.o" "../src/Lab1.3.cpp"
Finished building: ../src/Lab1.3.cpp
 
Building target: Lab1.3.axf
Invoking: MCU C++ Linker
arm-none-eabi-c++ -nostdlib -L"C:\Users\vovan\Documents\MCUXpressoIDE_11.0.0_2516\workspace\lpc_board_nxp_lpcxpresso_1549\Debug" -L"C:\Users\vovan\Documents\MCUXpressoIDE_11.0.0_2516\workspace\lpc_chip_15xx\Debug" -L"C:\Users\vovan\Documents\MCUXpressoIDE_11.0.0_2516\workspace\FreeRTOS\Debug" -Xlinker -Map="Lab1.3.map" -Xlinker --cref -Xlinker --gc-sections -Xlinker -print-memory-usage -mcpu=cortex-m3 -mthumb -T "Lab1_3_Debug.ld" -o "Lab1.3.axf"  ./src/DigitalIoPin.o ./src/Lab1.3.o ./src/cr_cpp_config.o ./src/cr_startup_lpc15xx.o ./src/crp.o ./src/sysinit.o   -llpc_board_nxp_lpcxpresso_1549 -llpc_chip_15xx -lFreeRTOS
Memory region         Used Size  Region Size  %age Used
       MFlash256:       36168 B       256 KB     13.80%
         Ram0_16:        2932 B        16 KB     17.90%
         Ram1_16:          0 GB        16 KB      0.00%
          Ram2_4:          0 GB         4 KB      0.00%
Finished building target: Lab1.3.axf
 
C:/nxp/MCUXpressoIDE_11.0.0_2516/ide/plugins/com.nxp.mcuxpresso.tools.win32_11.0.0.201905131304/buildtools/bin/make --no-print-directory post-build
Performing post-build steps
arm-none-eabi-size "Lab1.3.axf"; # arm-none-eabi-objcopy -v -O binary "Lab1.3.axf" "Lab1.3.bin" ; # checksum -p LPC1549 -d "Lab1.3.bin";
   text	   data	    bss	    dec	    hex	filename
  33692	   2476	    456	  36624	   8f10	Lab1.3.axf
 
08:56:09 **** Incremental Build of configuration Debug for project lpc_board_nxp_lpcxpresso_1549 ****
make -r all 
make: Nothing to be done for 'all'.
08:56:11 **** Incremental Build of configuration Debug for project lpc_chip_15xx ****
make -r all 
make: Nothing to be done for 'all'.
08:56:11 **** Incremental Build of configuration Debug for project FreeRTOS ****
make -r all 
make: Nothing to be done for 'all'.
08:56:13 **** Build of configuration Debug for project Lab4.2 ****
make -r -j4 all 
Building file: ../src/main.cpp
Invoking: MCU C++ Compiler
arm-none-eabi-c++ -DDEBUG -D__CODE_RED -D__NEWLIB__ -DCORE_M3 -D__USE_LPCOPEN -DCPP_USE_HEAP -D__LPC15XX__ -I"C:\Users\vovan\Documents\MCUXpressoIDE_11.0.0_2516\workspace\lpc_board_nxp_lpcxpresso_1549\inc" -I"C:\Users\vovan\Documents\MCUXpressoIDE_11.0.0_2516\workspace\lpc_chip_15xx\inc" -I"C:\Users\vovan\Documents\MCUXpressoIDE_11.0.0_2516\workspace\FreeRTOS\inc" -I"C:\Users\vovan\Documents\MCUXpressoIDE_11.0.0_2516\workspace\FreeRTOS\src\include" -I"C:\Users\vovan\Documents\MCUXpressoIDE_11.0.0_2516\workspace\FreeRTOS\src\portable\GCC\ARM_CM3" -O0 -fno-common -g3 -Wall -c -fmessage-length=0 -fno-builtin -ffunction-sections -fdata-sections -fno-rtti -fno-exceptions -mcpu=cortex-m3 -mthumb -fstack-usage -MMD -MP -MF"src/main.d" -MT"src/main.o" -MT"src/main.d" -o "src/main.o" "../src/main.cpp"
../src/main.cpp:87:13: warning: 'void StepTask(void*)' defined but not used [-Wunused-function]
 static void StepTask(void *pvParameters)
             ^~~~~~~~
Finished building: ../src/main.cpp
 
Building target: Lab4.2.axf
Invoking: MCU C++ Linker
arm-none-eabi-c++ -nostdlib -L"C:\Users\vovan\Documents\MCUXpressoIDE_11.0.0_2516\workspace\lpc_board_nxp_lpcxpresso_1549\Debug" -L"C:\Users\vovan\Documents\MCUXpressoIDE_11.0.0_2516\workspace\lpc_chip_15xx\Debug" -L"C:\Users\vovan\Documents\MCUXpressoIDE_11.0.0_2516\workspace\FreeRTOS\Debug" -Xlinker -Map="Lab4.2.map" -Xlinker --cref -Xlinker --gc-sections -Xlinker -print-memory-usage -mcpu=cortex-m3 -mthumb -T "Lab4_2_Debug.ld" -o "Lab4.2.axf"  ./src/DigitalIoPin.o ./src/cr_cpp_config.o ./src/cr_startup_lpc15xx.o ./src/crp.o ./src/main.o ./src/sysinit.o   -llpc_board_nxp_lpcxpresso_1549 -llpc_chip_15xx -lFreeRTOS
Memory region         Used Size  Region Size  %age Used
       MFlash256:       16052 B       256 KB      6.12%
         Ram0_16:        2572 B        16 KB     15.70%
         Ram1_16:          0 GB        16 KB      0.00%
          Ram2_4:          0 GB         4 KB      0.00%
Finished building target: Lab4.2.axf
 
C:/nxp/MCUXpressoIDE_11.0.0_2516/ide/plugins/com.nxp.mcuxpresso.tools.win32_11.0.0.201905131304/buildtools/bin/make --no-print-directory post-build
Performing post-build steps
arm-none-eabi-size "Lab4.2.axf"; # arm-none-eabi-objcopy -v -O binary "Lab4.2.axf" "Lab4.2.bin" ; # checksum -p LPC1549 -d "Lab4.2.bin";
   text	   data	    bss	    dec	    hex	filename
  13940	   2112	    460	  16512	   4080	Lab4.2.axf
 
08:56:38 **** Incremental Build of configuration Debug for project lpc_board_nxp_lpcxpresso_1549 ****
make -r all 
make: Nothing to be done for 'all'.
08:56:39 **** Incremental Build of configuration Debug for project lpc_chip_15xx ****
make -r all 
make: Nothing to be done for 'all'.
08:56:39 **** Incremental Build of configuration Debug for project FreeRTOS ****
make -r all 
make: Nothing to be done for 'all'.
08:56:39 **** Incremental Build of configuration Debug for project Lab4.2 ****
make -r -j4 all 
make: Nothing to be done for 'all'.
08:56:41 **** Incremental Build of configuration Debug for project Lab4.2 ****
make -r -j4 all 
make: Nothing to be done for 'all'.
08:57:40 **** Incremental Build of configuration Debug for project lpc_board_nxp_lpcxpresso_1549 ****
make -r all 
make: Nothing to be done for 'all'.
08:57:40 **** Incremental Build of configuration Debug for project lpc_chip_15xx ****
make -r all 
make: Nothing to be done for 'all'.
08:57:40 **** Incremental Build of configuration Debug for project FreeRTOS ****
make -r all 
make: Nothing to be done for 'all'.
08:57:41 **** Incremental Build of configuration Debug for project Lab4.2 ****
make -r -j4 all 
Building file: ../src/main.cpp
Invoking: MCU C++ Compiler
arm-none-eabi-c++ -DDEBUG -D__CODE_RED -D__NEWLIB__ -DCORE_M3 -D__USE_LPCOPEN -DCPP_USE_HEAP -D__LPC15XX__ -I"C:\Users\vovan\Documents\MCUXpressoIDE_11.0.0_2516\workspace\lpc_board_nxp_lpcxpresso_1549\inc" -I"C:\Users\vovan\Documents\MCUXpressoIDE_11.0.0_2516\workspace\lpc_chip_15xx\inc" -I"C:\Users\vovan\Documents\MCUXpressoIDE_11.0.0_2516\workspace\FreeRTOS\inc" -I"C:\Users\vovan\Documents\MCUXpressoIDE_11.0.0_2516\workspace\FreeRTOS\src\include" -I"C:\Users\vovan\Documents\MCUXpressoIDE_11.0.0_2516\workspace\FreeRTOS\src\portable\GCC\ARM_CM3" -O0 -fno-common -g3 -Wall -c -fmessage-length=0 -fno-builtin -ffunction-sections -fdata-sections -fno-rtti -fno-exceptions -mcpu=cortex-m3 -mthumb -fstack-usage -MMD -MP -MF"src/main.d" -MT"src/main.o" -MT"src/main.d" -o "src/main.o" "../src/main.cpp"
../src/main.cpp:87:13: warning: 'void StepTask(void*)' defined but not used [-Wunused-function]
 static void StepTask(void *pvParameters)
             ^~~~~~~~
Finished building: ../src/main.cpp
 
Building target: Lab4.2.axf
Invoking: MCU C++ Linker
arm-none-eabi-c++ -nostdlib -L"C:\Users\vovan\Documents\MCUXpressoIDE_11.0.0_2516\workspace\lpc_board_nxp_lpcxpresso_1549\Debug" -L"C:\Users\vovan\Documents\MCUXpressoIDE_11.0.0_2516\workspace\lpc_chip_15xx\Debug" -L"C:\Users\vovan\Documents\MCUXpressoIDE_11.0.0_2516\workspace\FreeRTOS\Debug" -Xlinker -Map="Lab4.2.map" -Xlinker --cref -Xlinker --gc-sections -Xlinker -print-memory-usage -mcpu=cortex-m3 -mthumb -T "Lab4_2_Debug.ld" -o "Lab4.2.axf"  ./src/DigitalIoPin.o ./src/cr_cpp_config.o ./src/cr_startup_lpc15xx.o ./src/crp.o ./src/main.o ./src/sysinit.o   -llpc_board_nxp_lpcxpresso_1549 -llpc_chip_15xx -lFreeRTOS
Memory region         Used Size  Region Size  %age Used
       MFlash256:       16052 B       256 KB      6.12%
         Ram0_16:        2572 B        16 KB     15.70%
         Ram1_16:          0 GB        16 KB      0.00%
          Ram2_4:          0 GB         4 KB      0.00%
Finished building target: Lab4.2.axf
 
C:/nxp/MCUXpressoIDE_11.0.0_2516/ide/plugins/com.nxp.mcuxpresso.tools.win32_11.0.0.201905131304/buildtools/bin/make --no-print-directory post-build
Performing post-build steps
arm-none-eabi-size "Lab4.2.axf"; # arm-none-eabi-objcopy -v -O binary "Lab4.2.axf" "Lab4.2.bin" ; # checksum -p LPC1549 -d "Lab4.2.bin";
   text	   data	    bss	    dec	    hex	filename
  13940	   2112	    460	  16512	   4080	Lab4.2.axf
 
08:57:43 **** Incremental Build of configuration Debug for project Lab4.2 ****
make -r -j4 all 
make: Nothing to be done for 'all'.
09:04:29 **** Incremental Build of configuration Debug for project lpc_board_nxp_lpcxpresso_1549 ****
make -r all 
make: Nothing to be done for 'all'.
09:04:29 **** Incremental Build of configuration Debug for project lpc_chip_15xx ****
make -r all 
make: Nothing to be done for 'all'.
09:04:29 **** Incremental Build of configuration Debug for project FreeRTOS ****
make -r all 
make: Nothing to be done for 'all'.
09:04:29 **** Incremental Build of configuration Debug for project Lab4.2 ****
make -r -j4 all 
Building file: ../src/main.cpp
Invoking: MCU C++ Compiler
arm-none-eabi-c++ -DDEBUG -D__CODE_RED -D__NEWLIB__ -DCORE_M3 -D__USE_LPCOPEN -DCPP_USE_HEAP -D__LPC15XX__ -I"C:\Users\vovan\Documents\MCUXpressoIDE_11.0.0_2516\workspace\lpc_board_nxp_lpcxpresso_1549\inc" -I"C:\Users\vovan\Documents\MCUXpressoIDE_11.0.0_2516\workspace\lpc_chip_15xx\inc" -I"C:\Users\vovan\Documents\MCUXpressoIDE_11.0.0_2516\workspace\FreeRTOS\inc" -I"C:\Users\vovan\Documents\MCUXpressoIDE_11.0.0_2516\workspace\FreeRTOS\src\include" -I"C:\Users\vovan\Documents\MCUXpressoIDE_11.0.0_2516\workspace\FreeRTOS\src\portable\GCC\ARM_CM3" -O0 -fno-common -g3 -Wall -c -fmessage-length=0 -fno-builtin -ffunction-sections -fdata-sections -fno-rtti -fno-exceptions -mcpu=cortex-m3 -mthumb -fstack-usage -MMD -MP -MF"src/main.d" -MT"src/main.o" -MT"src/main.d" -o "src/main.o" "../src/main.cpp"
../src/main.cpp:94:13: warning: 'void StepTask(void*)' defined but not used [-Wunused-function]
 static void StepTask(void *pvParameters)
             ^~~~~~~~
Finished building: ../src/main.cpp
 
Building target: Lab4.2.axf
Invoking: MCU C++ Linker
arm-none-eabi-c++ -nostdlib -L"C:\Users\vovan\Documents\MCUXpressoIDE_11.0.0_2516\workspace\lpc_board_nxp_lpcxpresso_1549\Debug" -L"C:\Users\vovan\Documents\MCUXpressoIDE_11.0.0_2516\workspace\lpc_chip_15xx\Debug" -L"C:\Users\vovan\Documents\MCUXpressoIDE_11.0.0_2516\workspace\FreeRTOS\Debug" -Xlinker -Map="Lab4.2.map" -Xlinker --cref -Xlinker --gc-sections -Xlinker -print-memory-usage -mcpu=cortex-m3 -mthumb -T "Lab4_2_Debug.ld" -o "Lab4.2.axf"  ./src/DigitalIoPin.o ./src/cr_cpp_config.o ./src/cr_startup_lpc15xx.o ./src/crp.o ./src/main.o ./src/sysinit.o   -llpc_board_nxp_lpcxpresso_1549 -llpc_chip_15xx -lFreeRTOS
Memory region         Used Size  Region Size  %age Used
       MFlash256:       16180 B       256 KB      6.17%
         Ram0_16:        2572 B        16 KB     15.70%
         Ram1_16:          0 GB        16 KB      0.00%
          Ram2_4:          0 GB         4 KB      0.00%
Finished building target: Lab4.2.axf
 
C:/nxp/MCUXpressoIDE_11.0.0_2516/ide/plugins/com.nxp.mcuxpresso.tools.win32_11.0.0.201905131304/buildtools/bin/make --no-print-directory post-build
Performing post-build steps
arm-none-eabi-size "Lab4.2.axf"; # arm-none-eabi-objcopy -v -O binary "Lab4.2.axf" "Lab4.2.bin" ; # checksum -p LPC1549 -d "Lab4.2.bin";
   text	   data	    bss	    dec	    hex	filename
  14068	   2112	    460	  16640	   4100	Lab4.2.axf
 
09:04:31 **** Incremental Build of configuration Debug for project Lab4.2 ****
make -r -j4 all 
make: Nothing to be done for 'all'.
09:08:49 **** Incremental Build of configuration Debug for project lpc_board_nxp_lpcxpresso_1549 ****
make -r all 
make: Nothing to be done for 'all'.
09:08:50 **** Incremental Build of configuration Debug for project lpc_chip_15xx ****
make -r all 
make: Nothing to be done for 'all'.
09:08:50 **** Incremental Build of configuration Debug for project FreeRTOS ****
make -r all 
make: Nothing to be done for 'all'.
09:08:50 **** Incremental Build of configuration Debug for project Lab4.2 ****
make -r -j4 all 
Building file: ../src/main.cpp
Invoking: MCU C++ Compiler
arm-none-eabi-c++ -DDEBUG -D__CODE_RED -D__NEWLIB__ -DCORE_M3 -D__USE_LPCOPEN -DCPP_USE_HEAP -D__LPC15XX__ -I"C:\Users\vovan\Documents\MCUXpressoIDE_11.0.0_2516\workspace\lpc_board_nxp_lpcxpresso_1549\inc" -I"C:\Users\vovan\Documents\MCUXpressoIDE_11.0.0_2516\workspace\lpc_chip_15xx\inc" -I"C:\Users\vovan\Documents\MCUXpressoIDE_11.0.0_2516\workspace\FreeRTOS\inc" -I"C:\Users\vovan\Documents\MCUXpressoIDE_11.0.0_2516\workspace\FreeRTOS\src\include" -I"C:\Users\vovan\Documents\MCUXpressoIDE_11.0.0_2516\workspace\FreeRTOS\src\portable\GCC\ARM_CM3" -O0 -fno-common -g3 -Wall -c -fmessage-length=0 -fno-builtin -ffunction-sections -fdata-sections -fno-rtti -fno-exceptions -mcpu=cortex-m3 -mthumb -fstack-usage -MMD -MP -MF"src/main.d" -MT"src/main.o" -MT"src/main.d" -o "src/main.o" "../src/main.cpp"
../src/main.cpp: In function 'void SwitchCheckTask(void*)':
../src/main.cpp:71:7: error: 'imitSW1' was not declared in this scope
    if(imitSW1.read() == false && LimitSW2.read() == false) {waiting = false;}
       ^~~~~~~
../src/main.cpp:71:7: note: suggested alternative: 'LimitSW1'
    if(imitSW1.read() == false && LimitSW2.read() == false) {waiting = false;}
       ^~~~~~~
       LimitSW1
../src/main.cpp: At global scope:
../src/main.cpp:94:13: warning: 'void StepTask(void*)' defined but not used [-Wunused-function]
 static void StepTask(void *pvParameters)
             ^~~~~~~~
make: *** [src/subdir.mk:39: src/main.o] Error 1
"make -r -j4 all" terminated with exit code 2. Build might be incomplete.
09:08:52 **** Incremental Build of configuration Debug for project Lab4.2 ****
make -r -j4 all 
Building file: ../src/main.cpp
Invoking: MCU C++ Compiler
arm-none-eabi-c++ -DDEBUG -D__CODE_RED -D__NEWLIB__ -DCORE_M3 -D__USE_LPCOPEN -DCPP_USE_HEAP -D__LPC15XX__ -I"C:\Users\vovan\Documents\MCUXpressoIDE_11.0.0_2516\workspace\lpc_board_nxp_lpcxpresso_1549\inc" -I"C:\Users\vovan\Documents\MCUXpressoIDE_11.0.0_2516\workspace\lpc_chip_15xx\inc" -I"C:\Users\vovan\Documents\MCUXpressoIDE_11.0.0_2516\workspace\FreeRTOS\inc" -I"C:\Users\vovan\Documents\MCUXpressoIDE_11.0.0_2516\workspace\FreeRTOS\src\include" -I"C:\Users\vovan\Documents\MCUXpressoIDE_11.0.0_2516\workspace\FreeRTOS\src\portable\GCC\ARM_CM3" -O0 -fno-common -g3 -Wall -c -fmessage-length=0 -fno-builtin -ffunction-sections -fdata-sections -fno-rtti -fno-exceptions -mcpu=cortex-m3 -mthumb -fstack-usage -MMD -MP -MF"src/main.d" -MT"src/main.o" -MT"src/main.d" -o "src/main.o" "../src/main.cpp"
../src/main.cpp: In function 'void SwitchCheckTask(void*)':
../src/main.cpp:71:7: error: 'imitSW1' was not declared in this scope
    if(imitSW1.read() == false && LimitSW2.read() == false) {waiting = false;}
       ^~~~~~~
../src/main.cpp:71:7: note: suggested alternative: 'LimitSW1'
    if(imitSW1.read() == false && LimitSW2.read() == false) {waiting = false;}
       ^~~~~~~
       LimitSW1
../src/main.cpp: At global scope:
../src/main.cpp:94:13: warning: 'void StepTask(void*)' defined but not used [-Wunused-function]
 static void StepTask(void *pvParameters)
             ^~~~~~~~
make: *** [src/subdir.mk:39: src/main.o] Error 1
"make -r -j4 all" terminated with exit code 2. Build might be incomplete.
09:09:11 **** Incremental Build of configuration Debug for project lpc_board_nxp_lpcxpresso_1549 ****
make -r all 
make: Nothing to be done for 'all'.
09:09:12 **** Incremental Build of configuration Debug for project lpc_chip_15xx ****
make -r all 
make: Nothing to be done for 'all'.
09:09:12 **** Incremental Build of configuration Debug for project FreeRTOS ****
make -r all 
make: Nothing to be done for 'all'.
09:09:12 **** Incremental Build of configuration Debug for project Lab4.2 ****
make -r -j4 all 
Building file: ../src/main.cpp
Invoking: MCU C++ Compiler
arm-none-eabi-c++ -DDEBUG -D__CODE_RED -D__NEWLIB__ -DCORE_M3 -D__USE_LPCOPEN -DCPP_USE_HEAP -D__LPC15XX__ -I"C:\Users\vovan\Documents\MCUXpressoIDE_11.0.0_2516\workspace\lpc_board_nxp_lpcxpresso_1549\inc" -I"C:\Users\vovan\Documents\MCUXpressoIDE_11.0.0_2516\workspace\lpc_chip_15xx\inc" -I"C:\Users\vovan\Documents\MCUXpressoIDE_11.0.0_2516\workspace\FreeRTOS\inc" -I"C:\Users\vovan\Documents\MCUXpressoIDE_11.0.0_2516\workspace\FreeRTOS\src\include" -I"C:\Users\vovan\Documents\MCUXpressoIDE_11.0.0_2516\workspace\FreeRTOS\src\portable\GCC\ARM_CM3" -O0 -fno-common -g3 -Wall -c -fmessage-length=0 -fno-builtin -ffunction-sections -fdata-sections -fno-rtti -fno-exceptions -mcpu=cortex-m3 -mthumb -fstack-usage -MMD -MP -MF"src/main.d" -MT"src/main.o" -MT"src/main.d" -o "src/main.o" "../src/main.cpp"
../src/main.cpp:94:13: warning: 'void StepTask(void*)' defined but not used [-Wunused-function]
 static void StepTask(void *pvParameters)
             ^~~~~~~~
Finished building: ../src/main.cpp
 
Building target: Lab4.2.axf
Invoking: MCU C++ Linker
arm-none-eabi-c++ -nostdlib -L"C:\Users\vovan\Documents\MCUXpressoIDE_11.0.0_2516\workspace\lpc_board_nxp_lpcxpresso_1549\Debug" -L"C:\Users\vovan\Documents\MCUXpressoIDE_11.0.0_2516\workspace\lpc_chip_15xx\Debug" -L"C:\Users\vovan\Documents\MCUXpressoIDE_11.0.0_2516\workspace\FreeRTOS\Debug" -Xlinker -Map="Lab4.2.map" -Xlinker --cref -Xlinker --gc-sections -Xlinker -print-memory-usage -mcpu=cortex-m3 -mthumb -T "Lab4_2_Debug.ld" -o "Lab4.2.axf"  ./src/DigitalIoPin.o ./src/cr_cpp_config.o ./src/cr_startup_lpc15xx.o ./src/crp.o ./src/main.o ./src/sysinit.o   -llpc_board_nxp_lpcxpresso_1549 -llpc_chip_15xx -lFreeRTOS
Memory region         Used Size  Region Size  %age Used
       MFlash256:       16212 B       256 KB      6.18%
         Ram0_16:        2572 B        16 KB     15.70%
         Ram1_16:          0 GB        16 KB      0.00%
          Ram2_4:          0 GB         4 KB      0.00%
Finished building target: Lab4.2.axf
 
C:/nxp/MCUXpressoIDE_11.0.0_2516/ide/plugins/com.nxp.mcuxpresso.tools.win32_11.0.0.201905131304/buildtools/bin/make --no-print-directory post-build
Performing post-build steps
arm-none-eabi-size "Lab4.2.axf"; # arm-none-eabi-objcopy -v -O binary "Lab4.2.axf" "Lab4.2.bin" ; # checksum -p LPC1549 -d "Lab4.2.bin";
   text	   data	    bss	    dec	    hex	filename
  14100	   2112	    460	  16672	   4120	Lab4.2.axf
 
09:09:19 **** Incremental Build of configuration Debug for project lpc_board_nxp_lpcxpresso_1549 ****
make -r all 
make: Nothing to be done for 'all'.
09:09:19 **** Incremental Build of configuration Debug for project lpc_chip_15xx ****
make -r all 
make: Nothing to be done for 'all'.
09:09:20 **** Incremental Build of configuration Debug for project FreeRTOS ****
make -r all 
make: Nothing to be done for 'all'.
09:09:20 **** Incremental Build of configuration Debug for project Lab4.2 ****
make -r -j4 all 
make: Nothing to be done for 'all'.
09:09:20 **** Incremental Build of configuration Debug for project Lab4.2 ****
make -r -j4 all 
make: Nothing to be done for 'all'.
09:11:14 **** Incremental Build of configuration Debug for project lpc_board_nxp_lpcxpresso_1549 ****
make -r all 
make: Nothing to be done for 'all'.
09:11:14 **** Incremental Build of configuration Debug for project lpc_chip_15xx ****
make -r all 
make: Nothing to be done for 'all'.
09:11:15 **** Incremental Build of configuration Debug for project FreeRTOS ****
make -r all 
make: Nothing to be done for 'all'.
09:11:15 **** Incremental Build of configuration Debug for project Lab4.2 ****
make -r -j4 all 
Building file: ../src/main.cpp
Invoking: MCU C++ Compiler
arm-none-eabi-c++ -DDEBUG -D__CODE_RED -D__NEWLIB__ -DCORE_M3 -D__USE_LPCOPEN -DCPP_USE_HEAP -D__LPC15XX__ -I"C:\Users\vovan\Documents\MCUXpressoIDE_11.0.0_2516\workspace\lpc_board_nxp_lpcxpresso_1549\inc" -I"C:\Users\vovan\Documents\MCUXpressoIDE_11.0.0_2516\workspace\lpc_chip_15xx\inc" -I"C:\Users\vovan\Documents\MCUXpressoIDE_11.0.0_2516\workspace\FreeRTOS\inc" -I"C:\Users\vovan\Documents\MCUXpressoIDE_11.0.0_2516\workspace\FreeRTOS\src\include" -I"C:\Users\vovan\Documents\MCUXpressoIDE_11.0.0_2516\workspace\FreeRTOS\src\portable\GCC\ARM_CM3" -O0 -fno-common -g3 -Wall -c -fmessage-length=0 -fno-builtin -ffunction-sections -fdata-sections -fno-rtti -fno-exceptions -mcpu=cortex-m3 -mthumb -fstack-usage -MMD -MP -MF"src/main.d" -MT"src/main.o" -MT"src/main.d" -o "src/main.o" "../src/main.cpp"
../src/main.cpp:94:13: warning: 'void StepTask(void*)' defined but not used [-Wunused-function]
 static void StepTask(void *pvParameters)
             ^~~~~~~~
Finished building: ../src/main.cpp
 
Building target: Lab4.2.axf
Invoking: MCU C++ Linker
arm-none-eabi-c++ -nostdlib -L"C:\Users\vovan\Documents\MCUXpressoIDE_11.0.0_2516\workspace\lpc_board_nxp_lpcxpresso_1549\Debug" -L"C:\Users\vovan\Documents\MCUXpressoIDE_11.0.0_2516\workspace\lpc_chip_15xx\Debug" -L"C:\Users\vovan\Documents\MCUXpressoIDE_11.0.0_2516\workspace\FreeRTOS\Debug" -Xlinker -Map="Lab4.2.map" -Xlinker --cref -Xlinker --gc-sections -Xlinker -print-memory-usage -mcpu=cortex-m3 -mthumb -T "Lab4_2_Debug.ld" -o "Lab4.2.axf"  ./src/DigitalIoPin.o ./src/cr_cpp_config.o ./src/cr_startup_lpc15xx.o ./src/crp.o ./src/main.o ./src/sysinit.o   -llpc_board_nxp_lpcxpresso_1549 -llpc_chip_15xx -lFreeRTOS
Memory region         Used Size  Region Size  %age Used
       MFlash256:       16228 B       256 KB      6.19%
         Ram0_16:        2572 B        16 KB     15.70%
         Ram1_16:          0 GB        16 KB      0.00%
          Ram2_4:          0 GB         4 KB      0.00%
Finished building target: Lab4.2.axf
 
C:/nxp/MCUXpressoIDE_11.0.0_2516/ide/plugins/com.nxp.mcuxpresso.tools.win32_11.0.0.201905131304/buildtools/bin/make --no-print-directory post-build
Performing post-build steps
arm-none-eabi-size "Lab4.2.axf"; # arm-none-eabi-objcopy -v -O binary "Lab4.2.axf" "Lab4.2.bin" ; # checksum -p LPC1549 -d "Lab4.2.bin";
   text	   data	    bss	    dec	    hex	filename
  14116	   2112	    460	  16688	   4130	Lab4.2.axf
 
09:11:16 **** Incremental Build of configuration Debug for project Lab4.2 ****
make -r -j4 all 
make: Nothing to be done for 'all'.
09:13:39 **** Incremental Build of configuration Debug for project lpc_board_nxp_lpcxpresso_1549 ****
make -r all 
make: Nothing to be done for 'all'.
09:13:40 **** Incremental Build of configuration Debug for project lpc_chip_15xx ****
make -r all 
make: Nothing to be done for 'all'.
09:13:40 **** Incremental Build of configuration Debug for project FreeRTOS ****
make -r all 
make: Nothing to be done for 'all'.
09:13:40 **** Incremental Build of configuration Debug for project Lab4.2 ****
make -r -j4 all 
Building file: ../src/main.cpp
Invoking: MCU C++ Compiler
arm-none-eabi-c++ -DDEBUG -D__CODE_RED -D__NEWLIB__ -DCORE_M3 -D__USE_LPCOPEN -DCPP_USE_HEAP -D__LPC15XX__ -I"C:\Users\vovan\Documents\MCUXpressoIDE_11.0.0_2516\workspace\lpc_board_nxp_lpcxpresso_1549\inc" -I"C:\Users\vovan\Documents\MCUXpressoIDE_11.0.0_2516\workspace\lpc_chip_15xx\inc" -I"C:\Users\vovan\Documents\MCUXpressoIDE_11.0.0_2516\workspace\FreeRTOS\inc" -I"C:\Users\vovan\Documents\MCUXpressoIDE_11.0.0_2516\workspace\FreeRTOS\src\include" -I"C:\Users\vovan\Documents\MCUXpressoIDE_11.0.0_2516\workspace\FreeRTOS\src\portable\GCC\ARM_CM3" -O0 -fno-common -g3 -Wall -c -fmessage-length=0 -fno-builtin -ffunction-sections -fdata-sections -fno-rtti -fno-exceptions -mcpu=cortex-m3 -mthumb -fstack-usage -MMD -MP -MF"src/main.d" -MT"src/main.o" -MT"src/main.d" -o "src/main.o" "../src/main.cpp"
../src/main.cpp:94:13: warning: 'void StepTask(void*)' defined but not used [-Wunused-function]
 static void StepTask(void *pvParameters)
             ^~~~~~~~
Finished building: ../src/main.cpp
 
Building target: Lab4.2.axf
Invoking: MCU C++ Linker
arm-none-eabi-c++ -nostdlib -L"C:\Users\vovan\Documents\MCUXpressoIDE_11.0.0_2516\workspace\lpc_board_nxp_lpcxpresso_1549\Debug" -L"C:\Users\vovan\Documents\MCUXpressoIDE_11.0.0_2516\workspace\lpc_chip_15xx\Debug" -L"C:\Users\vovan\Documents\MCUXpressoIDE_11.0.0_2516\workspace\FreeRTOS\Debug" -Xlinker -Map="Lab4.2.map" -Xlinker --cref -Xlinker --gc-sections -Xlinker -print-memory-usage -mcpu=cortex-m3 -mthumb -T "Lab4_2_Debug.ld" -o "Lab4.2.axf"  ./src/DigitalIoPin.o ./src/cr_cpp_config.o ./src/cr_startup_lpc15xx.o ./src/crp.o ./src/main.o ./src/sysinit.o   -llpc_board_nxp_lpcxpresso_1549 -llpc_chip_15xx -lFreeRTOS
Memory region         Used Size  Region Size  %age Used
       MFlash256:       16292 B       256 KB      6.21%
         Ram0_16:        2572 B        16 KB     15.70%
         Ram1_16:          0 GB        16 KB      0.00%
          Ram2_4:          0 GB         4 KB      0.00%
Finished building target: Lab4.2.axf
 
C:/nxp/MCUXpressoIDE_11.0.0_2516/ide/plugins/com.nxp.mcuxpresso.tools.win32_11.0.0.201905131304/buildtools/bin/make --no-print-directory post-build
Performing post-build steps
arm-none-eabi-size "Lab4.2.axf"; # arm-none-eabi-objcopy -v -O binary "Lab4.2.axf" "Lab4.2.bin" ; # checksum -p LPC1549 -d "Lab4.2.bin";
   text	   data	    bss	    dec	    hex	filename
  14180	   2112	    460	  16752	   4170	Lab4.2.axf
 
09:13:42 **** Incremental Build of configuration Debug for project Lab4.2 ****
make -r -j4 all 
make: Nothing to be done for 'all'.
09:16:03 **** Incremental Build of configuration Debug for project lpc_board_nxp_lpcxpresso_1549 ****
make -r all 
make: Nothing to be done for 'all'.
09:16:03 **** Incremental Build of configuration Debug for project lpc_chip_15xx ****
make -r all 
make: Nothing to be done for 'all'.
09:16:04 **** Incremental Build of configuration Debug for project FreeRTOS ****
make -r all 
make: Nothing to be done for 'all'.
09:16:04 **** Incremental Build of configuration Debug for project Lab4.2 ****
make -r -j4 all 
Building file: ../src/main.cpp
Invoking: MCU C++ Compiler
arm-none-eabi-c++ -DDEBUG -D__CODE_RED -D__NEWLIB__ -DCORE_M3 -D__USE_LPCOPEN -DCPP_USE_HEAP -D__LPC15XX__ -I"C:\Users\vovan\Documents\MCUXpressoIDE_11.0.0_2516\workspace\lpc_board_nxp_lpcxpresso_1549\inc" -I"C:\Users\vovan\Documents\MCUXpressoIDE_11.0.0_2516\workspace\lpc_chip_15xx\inc" -I"C:\Users\vovan\Documents\MCUXpressoIDE_11.0.0_2516\workspace\FreeRTOS\inc" -I"C:\Users\vovan\Documents\MCUXpressoIDE_11.0.0_2516\workspace\FreeRTOS\src\include" -I"C:\Users\vovan\Documents\MCUXpressoIDE_11.0.0_2516\workspace\FreeRTOS\src\portable\GCC\ARM_CM3" -O0 -fno-common -g3 -Wall -c -fmessage-length=0 -fno-builtin -ffunction-sections -fdata-sections -fno-rtti -fno-exceptions -mcpu=cortex-m3 -mthumb -fstack-usage -MMD -MP -MF"src/main.d" -MT"src/main.o" -MT"src/main.d" -o "src/main.o" "../src/main.cpp"
../src/main.cpp:99:13: warning: 'void StepTask(void*)' defined but not used [-Wunused-function]
 static void StepTask(void *pvParameters)
             ^~~~~~~~
Finished building: ../src/main.cpp
 
Building target: Lab4.2.axf
Invoking: MCU C++ Linker
arm-none-eabi-c++ -nostdlib -L"C:\Users\vovan\Documents\MCUXpressoIDE_11.0.0_2516\workspace\lpc_board_nxp_lpcxpresso_1549\Debug" -L"C:\Users\vovan\Documents\MCUXpressoIDE_11.0.0_2516\workspace\lpc_chip_15xx\Debug" -L"C:\Users\vovan\Documents\MCUXpressoIDE_11.0.0_2516\workspace\FreeRTOS\Debug" -Xlinker -Map="Lab4.2.map" -Xlinker --cref -Xlinker --gc-sections -Xlinker -print-memory-usage -mcpu=cortex-m3 -mthumb -T "Lab4_2_Debug.ld" -o "Lab4.2.axf"  ./src/DigitalIoPin.o ./src/cr_cpp_config.o ./src/cr_startup_lpc15xx.o ./src/crp.o ./src/main.o ./src/sysinit.o   -llpc_board_nxp_lpcxpresso_1549 -llpc_chip_15xx -lFreeRTOS
Memory region         Used Size  Region Size  %age Used
       MFlash256:       16308 B       256 KB      6.22%
         Ram0_16:        2572 B        16 KB     15.70%
         Ram1_16:          0 GB        16 KB      0.00%
          Ram2_4:          0 GB         4 KB      0.00%
Finished building target: Lab4.2.axf
 
C:/nxp/MCUXpressoIDE_11.0.0_2516/ide/plugins/com.nxp.mcuxpresso.tools.win32_11.0.0.201905131304/buildtools/bin/make --no-print-directory post-build
Performing post-build steps
arm-none-eabi-size "Lab4.2.axf"; # arm-none-eabi-objcopy -v -O binary "Lab4.2.axf" "Lab4.2.bin" ; # checksum -p LPC1549 -d "Lab4.2.bin";
   text	   data	    bss	    dec	    hex	filename
  14196	   2112	    460	  16768	   4180	Lab4.2.axf
 
09:16:06 **** Incremental Build of configuration Debug for project Lab4.2 ****
make -r -j4 all 
make: Nothing to be done for 'all'.
09:18:23 **** Incremental Build of configuration Debug for project lpc_board_nxp_lpcxpresso_1549 ****
make -r all 
make: Nothing to be done for 'all'.
09:18:23 **** Incremental Build of configuration Debug for project lpc_chip_15xx ****
make -r all 
make: Nothing to be done for 'all'.
09:18:23 **** Incremental Build of configuration Debug for project FreeRTOS ****
make -r all 
make: Nothing to be done for 'all'.
09:18:23 **** Incremental Build of configuration Debug for project Lab4.2 ****
make -r -j4 all 
Building file: ../src/main.cpp
Invoking: MCU C++ Compiler
arm-none-eabi-c++ -DDEBUG -D__CODE_RED -D__NEWLIB__ -DCORE_M3 -D__USE_LPCOPEN -DCPP_USE_HEAP -D__LPC15XX__ -I"C:\Users\vovan\Documents\MCUXpressoIDE_11.0.0_2516\workspace\lpc_board_nxp_lpcxpresso_1549\inc" -I"C:\Users\vovan\Documents\MCUXpressoIDE_11.0.0_2516\workspace\lpc_chip_15xx\inc" -I"C:\Users\vovan\Documents\MCUXpressoIDE_11.0.0_2516\workspace\FreeRTOS\inc" -I"C:\Users\vovan\Documents\MCUXpressoIDE_11.0.0_2516\workspace\FreeRTOS\src\include" -I"C:\Users\vovan\Documents\MCUXpressoIDE_11.0.0_2516\workspace\FreeRTOS\src\portable\GCC\ARM_CM3" -O0 -fno-common -g3 -Wall -c -fmessage-length=0 -fno-builtin -ffunction-sections -fdata-sections -fno-rtti -fno-exceptions -mcpu=cortex-m3 -mthumb -fstack-usage -MMD -MP -MF"src/main.d" -MT"src/main.o" -MT"src/main.d" -o "src/main.o" "../src/main.cpp"
../src/main.cpp:108:13: warning: 'void StepTask(void*)' defined but not used [-Wunused-function]
 static void StepTask(void *pvParameters)
             ^~~~~~~~
Finished building: ../src/main.cpp
 
Building target: Lab4.2.axf
Invoking: MCU C++ Linker
arm-none-eabi-c++ -nostdlib -L"C:\Users\vovan\Documents\MCUXpressoIDE_11.0.0_2516\workspace\lpc_board_nxp_lpcxpresso_1549\Debug" -L"C:\Users\vovan\Documents\MCUXpressoIDE_11.0.0_2516\workspace\lpc_chip_15xx\Debug" -L"C:\Users\vovan\Documents\MCUXpressoIDE_11.0.0_2516\workspace\FreeRTOS\Debug" -Xlinker -Map="Lab4.2.map" -Xlinker --cref -Xlinker --gc-sections -Xlinker -print-memory-usage -mcpu=cortex-m3 -mthumb -T "Lab4_2_Debug.ld" -o "Lab4.2.axf"  ./src/DigitalIoPin.o ./src/cr_cpp_config.o ./src/cr_startup_lpc15xx.o ./src/crp.o ./src/main.o ./src/sysinit.o   -llpc_board_nxp_lpcxpresso_1549 -llpc_chip_15xx -lFreeRTOS
Memory region         Used Size  Region Size  %age Used
       MFlash256:       16292 B       256 KB      6.21%
         Ram0_16:        2572 B        16 KB     15.70%
         Ram1_16:          0 GB        16 KB      0.00%
          Ram2_4:          0 GB         4 KB      0.00%
Finished building target: Lab4.2.axf
 
C:/nxp/MCUXpressoIDE_11.0.0_2516/ide/plugins/com.nxp.mcuxpresso.tools.win32_11.0.0.201905131304/buildtools/bin/make --no-print-directory post-build
Performing post-build steps
arm-none-eabi-size "Lab4.2.axf"; # arm-none-eabi-objcopy -v -O binary "Lab4.2.axf" "Lab4.2.bin" ; # checksum -p LPC1549 -d "Lab4.2.bin";
   text	   data	    bss	    dec	    hex	filename
  14180	   2112	    460	  16752	   4170	Lab4.2.axf
 
09:18:25 **** Incremental Build of configuration Debug for project Lab4.2 ****
make -r -j4 all 
make: Nothing to be done for 'all'.
09:19:29 **** Incremental Build of configuration Debug for project lpc_board_nxp_lpcxpresso_1549 ****
make -r all 
make: Nothing to be done for 'all'.
09:19:29 **** Incremental Build of configuration Debug for project lpc_chip_15xx ****
make -r all 
make: Nothing to be done for 'all'.
09:19:29 **** Incremental Build of configuration Debug for project FreeRTOS ****
make -r all 
make: Nothing to be done for 'all'.
09:19:29 **** Incremental Build of configuration Debug for project Lab4.2 ****
make -r -j4 all 
Building file: ../src/main.cpp
Invoking: MCU C++ Compiler
arm-none-eabi-c++ -DDEBUG -D__CODE_RED -D__NEWLIB__ -DCORE_M3 -D__USE_LPCOPEN -DCPP_USE_HEAP -D__LPC15XX__ -I"C:\Users\vovan\Documents\MCUXpressoIDE_11.0.0_2516\workspace\lpc_board_nxp_lpcxpresso_1549\inc" -I"C:\Users\vovan\Documents\MCUXpressoIDE_11.0.0_2516\workspace\lpc_chip_15xx\inc" -I"C:\Users\vovan\Documents\MCUXpressoIDE_11.0.0_2516\workspace\FreeRTOS\inc" -I"C:\Users\vovan\Documents\MCUXpressoIDE_11.0.0_2516\workspace\FreeRTOS\src\include" -I"C:\Users\vovan\Documents\MCUXpressoIDE_11.0.0_2516\workspace\FreeRTOS\src\portable\GCC\ARM_CM3" -O0 -fno-common -g3 -Wall -c -fmessage-length=0 -fno-builtin -ffunction-sections -fdata-sections -fno-rtti -fno-exceptions -mcpu=cortex-m3 -mthumb -fstack-usage -MMD -MP -MF"src/main.d" -MT"src/main.o" -MT"src/main.d" -o "src/main.o" "../src/main.cpp"
../src/main.cpp:108:13: warning: 'void StepTask(void*)' defined but not used [-Wunused-function]
 static void StepTask(void *pvParameters)
             ^~~~~~~~
Finished building: ../src/main.cpp
 
Building target: Lab4.2.axf
Invoking: MCU C++ Linker
arm-none-eabi-c++ -nostdlib -L"C:\Users\vovan\Documents\MCUXpressoIDE_11.0.0_2516\workspace\lpc_board_nxp_lpcxpresso_1549\Debug" -L"C:\Users\vovan\Documents\MCUXpressoIDE_11.0.0_2516\workspace\lpc_chip_15xx\Debug" -L"C:\Users\vovan\Documents\MCUXpressoIDE_11.0.0_2516\workspace\FreeRTOS\Debug" -Xlinker -Map="Lab4.2.map" -Xlinker --cref -Xlinker --gc-sections -Xlinker -print-memory-usage -mcpu=cortex-m3 -mthumb -T "Lab4_2_Debug.ld" -o "Lab4.2.axf"  ./src/DigitalIoPin.o ./src/cr_cpp_config.o ./src/cr_startup_lpc15xx.o ./src/crp.o ./src/main.o ./src/sysinit.o   -llpc_board_nxp_lpcxpresso_1549 -llpc_chip_15xx -lFreeRTOS
Memory region         Used Size  Region Size  %age Used
       MFlash256:       16292 B       256 KB      6.21%
         Ram0_16:        2572 B        16 KB     15.70%
         Ram1_16:          0 GB        16 KB      0.00%
          Ram2_4:          0 GB         4 KB      0.00%
Finished building target: Lab4.2.axf
 
C:/nxp/MCUXpressoIDE_11.0.0_2516/ide/plugins/com.nxp.mcuxpresso.tools.win32_11.0.0.201905131304/buildtools/bin/make --no-print-directory post-build
Performing post-build steps
arm-none-eabi-size "Lab4.2.axf"; # arm-none-eabi-objcopy -v -O binary "Lab4.2.axf" "Lab4.2.bin" ; # checksum -p LPC1549 -d "Lab4.2.bin";
   text	   data	    bss	    dec	    hex	filename
  14180	   2112	    460	  16752	   4170	Lab4.2.axf
 
09:19:31 **** Incremental Build of configuration Debug for project Lab4.2 ****
make -r -j4 all 
make: Nothing to be done for 'all'.
09:21:33 **** Incremental Build of configuration Debug for project lpc_board_nxp_lpcxpresso_1549 ****
make -r all 
make: Nothing to be done for 'all'.
09:21:33 **** Incremental Build of configuration Debug for project lpc_chip_15xx ****
make -r all 
make: Nothing to be done for 'all'.
09:21:33 **** Incremental Build of configuration Debug for project FreeRTOS ****
make -r all 
make: Nothing to be done for 'all'.
09:21:34 **** Incremental Build of configuration Debug for project Lab4.2 ****
make -r -j4 all 
Building file: ../src/main.cpp
Invoking: MCU C++ Compiler
arm-none-eabi-c++ -DDEBUG -D__CODE_RED -D__NEWLIB__ -DCORE_M3 -D__USE_LPCOPEN -DCPP_USE_HEAP -D__LPC15XX__ -I"C:\Users\vovan\Documents\MCUXpressoIDE_11.0.0_2516\workspace\lpc_board_nxp_lpcxpresso_1549\inc" -I"C:\Users\vovan\Documents\MCUXpressoIDE_11.0.0_2516\workspace\lpc_chip_15xx\inc" -I"C:\Users\vovan\Documents\MCUXpressoIDE_11.0.0_2516\workspace\FreeRTOS\inc" -I"C:\Users\vovan\Documents\MCUXpressoIDE_11.0.0_2516\workspace\FreeRTOS\src\include" -I"C:\Users\vovan\Documents\MCUXpressoIDE_11.0.0_2516\workspace\FreeRTOS\src\portable\GCC\ARM_CM3" -O0 -fno-common -g3 -Wall -c -fmessage-length=0 -fno-builtin -ffunction-sections -fdata-sections -fno-rtti -fno-exceptions -mcpu=cortex-m3 -mthumb -fstack-usage -MMD -MP -MF"src/main.d" -MT"src/main.o" -MT"src/main.d" -o "src/main.o" "../src/main.cpp"
../src/main.cpp:107:13: warning: 'void StepTask(void*)' defined but not used [-Wunused-function]
 static void StepTask(void *pvParameters)
             ^~~~~~~~
Finished building: ../src/main.cpp
 
Building target: Lab4.2.axf
Invoking: MCU C++ Linker
arm-none-eabi-c++ -nostdlib -L"C:\Users\vovan\Documents\MCUXpressoIDE_11.0.0_2516\workspace\lpc_board_nxp_lpcxpresso_1549\Debug" -L"C:\Users\vovan\Documents\MCUXpressoIDE_11.0.0_2516\workspace\lpc_chip_15xx\Debug" -L"C:\Users\vovan\Documents\MCUXpressoIDE_11.0.0_2516\workspace\FreeRTOS\Debug" -Xlinker -Map="Lab4.2.map" -Xlinker --cref -Xlinker --gc-sections -Xlinker -print-memory-usage -mcpu=cortex-m3 -mthumb -T "Lab4_2_Debug.ld" -o "Lab4.2.axf"  ./src/DigitalIoPin.o ./src/cr_cpp_config.o ./src/cr_startup_lpc15xx.o ./src/crp.o ./src/main.o ./src/sysinit.o   -llpc_board_nxp_lpcxpresso_1549 -llpc_chip_15xx -lFreeRTOS
Memory region         Used Size  Region Size  %age Used
       MFlash256:       16292 B       256 KB      6.21%
         Ram0_16:        2572 B        16 KB     15.70%
         Ram1_16:          0 GB        16 KB      0.00%
          Ram2_4:          0 GB         4 KB      0.00%
Finished building target: Lab4.2.axf
 
C:/nxp/MCUXpressoIDE_11.0.0_2516/ide/plugins/com.nxp.mcuxpresso.tools.win32_11.0.0.201905131304/buildtools/bin/make --no-print-directory post-build
Performing post-build steps
arm-none-eabi-size "Lab4.2.axf"; # arm-none-eabi-objcopy -v -O binary "Lab4.2.axf" "Lab4.2.bin" ; # checksum -p LPC1549 -d "Lab4.2.bin";
   text	   data	    bss	    dec	    hex	filename
  14180	   2112	    460	  16752	   4170	Lab4.2.axf
 
09:21:35 **** Incremental Build of configuration Debug for project Lab4.2 ****
make -r -j4 all 
make: Nothing to be done for 'all'.
09:22:25 **** Incremental Build of configuration Debug for project lpc_board_nxp_lpcxpresso_1549 ****
make -r all 
make: Nothing to be done for 'all'.
09:22:25 **** Incremental Build of configuration Debug for project lpc_chip_15xx ****
make -r all 
make: Nothing to be done for 'all'.
09:22:25 **** Incremental Build of configuration Debug for project FreeRTOS ****
make -r all 
make: Nothing to be done for 'all'.
09:22:25 **** Incremental Build of configuration Debug for project Lab4.2 ****
make -r -j4 all 
Building file: ../src/main.cpp
Invoking: MCU C++ Compiler
arm-none-eabi-c++ -DDEBUG -D__CODE_RED -D__NEWLIB__ -DCORE_M3 -D__USE_LPCOPEN -DCPP_USE_HEAP -D__LPC15XX__ -I"C:\Users\vovan\Documents\MCUXpressoIDE_11.0.0_2516\workspace\lpc_board_nxp_lpcxpresso_1549\inc" -I"C:\Users\vovan\Documents\MCUXpressoIDE_11.0.0_2516\workspace\lpc_chip_15xx\inc" -I"C:\Users\vovan\Documents\MCUXpressoIDE_11.0.0_2516\workspace\FreeRTOS\inc" -I"C:\Users\vovan\Documents\MCUXpressoIDE_11.0.0_2516\workspace\FreeRTOS\src\include" -I"C:\Users\vovan\Documents\MCUXpressoIDE_11.0.0_2516\workspace\FreeRTOS\src\portable\GCC\ARM_CM3" -O0 -fno-common -g3 -Wall -c -fmessage-length=0 -fno-builtin -ffunction-sections -fdata-sections -fno-rtti -fno-exceptions -mcpu=cortex-m3 -mthumb -fstack-usage -MMD -MP -MF"src/main.d" -MT"src/main.o" -MT"src/main.d" -o "src/main.o" "../src/main.cpp"
../src/main.cpp:107:13: warning: 'void StepTask(void*)' defined but not used [-Wunused-function]
 static void StepTask(void *pvParameters)
             ^~~~~~~~
Finished building: ../src/main.cpp
 
Building target: Lab4.2.axf
Invoking: MCU C++ Linker
arm-none-eabi-c++ -nostdlib -L"C:\Users\vovan\Documents\MCUXpressoIDE_11.0.0_2516\workspace\lpc_board_nxp_lpcxpresso_1549\Debug" -L"C:\Users\vovan\Documents\MCUXpressoIDE_11.0.0_2516\workspace\lpc_chip_15xx\Debug" -L"C:\Users\vovan\Documents\MCUXpressoIDE_11.0.0_2516\workspace\FreeRTOS\Debug" -Xlinker -Map="Lab4.2.map" -Xlinker --cref -Xlinker --gc-sections -Xlinker -print-memory-usage -mcpu=cortex-m3 -mthumb -T "Lab4_2_Debug.ld" -o "Lab4.2.axf"  ./src/DigitalIoPin.o ./src/cr_cpp_config.o ./src/cr_startup_lpc15xx.o ./src/crp.o ./src/main.o ./src/sysinit.o   -llpc_board_nxp_lpcxpresso_1549 -llpc_chip_15xx -lFreeRTOS
Memory region         Used Size  Region Size  %age Used
       MFlash256:       16228 B       256 KB      6.19%
         Ram0_16:        2572 B        16 KB     15.70%
         Ram1_16:          0 GB        16 KB      0.00%
          Ram2_4:          0 GB         4 KB      0.00%
Finished building target: Lab4.2.axf
 
C:/nxp/MCUXpressoIDE_11.0.0_2516/ide/plugins/com.nxp.mcuxpresso.tools.win32_11.0.0.201905131304/buildtools/bin/make --no-print-directory post-build
Performing post-build steps
arm-none-eabi-size "Lab4.2.axf"; # arm-none-eabi-objcopy -v -O binary "Lab4.2.axf" "Lab4.2.bin" ; # checksum -p LPC1549 -d "Lab4.2.bin";
   text	   data	    bss	    dec	    hex	filename
  14116	   2112	    460	  16688	   4130	Lab4.2.axf
 
09:22:27 **** Incremental Build of configuration Debug for project Lab4.2 ****
make -r -j4 all 
make: Nothing to be done for 'all'.
09:29:16 **** Incremental Build of configuration Debug for project lpc_board_nxp_lpcxpresso_1549 ****
make -r all 
make: Nothing to be done for 'all'.
09:29:17 **** Incremental Build of configuration Debug for project lpc_chip_15xx ****
make -r all 
make: Nothing to be done for 'all'.
09:29:17 **** Incremental Build of configuration Debug for project FreeRTOS ****
make -r all 
make: Nothing to be done for 'all'.
09:29:17 **** Incremental Build of configuration Debug for project Lab4.2 ****
make -r -j4 all 
Building file: ../src/main.cpp
Invoking: MCU C++ Compiler
arm-none-eabi-c++ -DDEBUG -D__CODE_RED -D__NEWLIB__ -DCORE_M3 -D__USE_LPCOPEN -DCPP_USE_HEAP -D__LPC15XX__ -I"C:\Users\vovan\Documents\MCUXpressoIDE_11.0.0_2516\workspace\lpc_board_nxp_lpcxpresso_1549\inc" -I"C:\Users\vovan\Documents\MCUXpressoIDE_11.0.0_2516\workspace\lpc_chip_15xx\inc" -I"C:\Users\vovan\Documents\MCUXpressoIDE_11.0.0_2516\workspace\FreeRTOS\inc" -I"C:\Users\vovan\Documents\MCUXpressoIDE_11.0.0_2516\workspace\FreeRTOS\src\include" -I"C:\Users\vovan\Documents\MCUXpressoIDE_11.0.0_2516\workspace\FreeRTOS\src\portable\GCC\ARM_CM3" -O0 -fno-common -g3 -Wall -c -fmessage-length=0 -fno-builtin -ffunction-sections -fdata-sections -fno-rtti -fno-exceptions -mcpu=cortex-m3 -mthumb -fstack-usage -MMD -MP -MF"src/main.d" -MT"src/main.o" -MT"src/main.d" -o "src/main.o" "../src/main.cpp"
../src/main.cpp:105:2: error: expected initializer before 'DigitalIoPin'
  DigitalIoPin step(0, 24, DigitalIoPin::output, true);
  ^~~~~~~~~~~~
../src/main.cpp:109:2: error: expected unqualified-id before 'while'
  while(1)
  ^~~~~
../src/main.cpp:126:1: error: expected declaration before '}' token
 }
 ^
../src/main.cpp:61:13: warning: 'void SwitchCheckTask(void*)' defined but not used [-Wunused-function]
 static void SwitchCheckTask(void *pvParameters)
             ^~~~~~~~~~~~~~~
../src/main.cpp:46:13: warning: 'void prvSetupHardware()' defined but not used [-Wunused-function]
 static void prvSetupHardware(void)
             ^~~~~~~~~~~~~~~~
make: *** [src/subdir.mk:39: src/main.o] Error 1
"make -r -j4 all" terminated with exit code 2. Build might be incomplete.
09:30:03 **** Incremental Build of configuration Debug for project lpc_board_nxp_lpcxpresso_1549 ****
make -r all 
make: Nothing to be done for 'all'.
09:30:03 **** Incremental Build of configuration Debug for project lpc_chip_15xx ****
make -r all 
make: Nothing to be done for 'all'.
09:30:03 **** Incremental Build of configuration Debug for project FreeRTOS ****
make -r all 
make: Nothing to be done for 'all'.
09:30:04 **** Incremental Build of configuration Debug for project Lab4.2 ****
make -r -j4 all 
Building file: ../src/main.cpp
Invoking: MCU C++ Compiler
arm-none-eabi-c++ -DDEBUG -D__CODE_RED -D__NEWLIB__ -DCORE_M3 -D__USE_LPCOPEN -DCPP_USE_HEAP -D__LPC15XX__ -I"C:\Users\vovan\Documents\MCUXpressoIDE_11.0.0_2516\workspace\lpc_board_nxp_lpcxpresso_1549\inc" -I"C:\Users\vovan\Documents\MCUXpressoIDE_11.0.0_2516\workspace\lpc_chip_15xx\inc" -I"C:\Users\vovan\Documents\MCUXpressoIDE_11.0.0_2516\workspace\FreeRTOS\inc" -I"C:\Users\vovan\Documents\MCUXpressoIDE_11.0.0_2516\workspace\FreeRTOS\src\include" -I"C:\Users\vovan\Documents\MCUXpressoIDE_11.0.0_2516\workspace\FreeRTOS\src\portable\GCC\ARM_CM3" -O0 -fno-common -g3 -Wall -c -fmessage-length=0 -fno-builtin -ffunction-sections -fdata-sections -fno-rtti -fno-exceptions -mcpu=cortex-m3 -mthumb -fstack-usage -MMD -MP -MF"src/main.d" -MT"src/main.o" -MT"src/main.d" -o "src/main.o" "../src/main.cpp"
../src/main.cpp:102:13: warning: 'void StepTask(void*)' defined but not used [-Wunused-function]
 static void StepTask(void *pvParameters)
             ^~~~~~~~
Finished building: ../src/main.cpp
 
Building target: Lab4.2.axf
Invoking: MCU C++ Linker
arm-none-eabi-c++ -nostdlib -L"C:\Users\vovan\Documents\MCUXpressoIDE_11.0.0_2516\workspace\lpc_board_nxp_lpcxpresso_1549\Debug" -L"C:\Users\vovan\Documents\MCUXpressoIDE_11.0.0_2516\workspace\lpc_chip_15xx\Debug" -L"C:\Users\vovan\Documents\MCUXpressoIDE_11.0.0_2516\workspace\FreeRTOS\Debug" -Xlinker -Map="Lab4.2.map" -Xlinker --cref -Xlinker --gc-sections -Xlinker -print-memory-usage -mcpu=cortex-m3 -mthumb -T "Lab4_2_Debug.ld" -o "Lab4.2.axf"  ./src/DigitalIoPin.o ./src/cr_cpp_config.o ./src/cr_startup_lpc15xx.o ./src/crp.o ./src/main.o ./src/sysinit.o   -llpc_board_nxp_lpcxpresso_1549 -llpc_chip_15xx -lFreeRTOS
Memory region         Used Size  Region Size  %age Used
       MFlash256:       16316 B       256 KB      6.22%
         Ram0_16:        2600 B        16 KB     15.87%
         Ram1_16:          0 GB        16 KB      0.00%
          Ram2_4:          0 GB         4 KB      0.00%
Finished building target: Lab4.2.axf
 
C:/nxp/MCUXpressoIDE_11.0.0_2516/ide/plugins/com.nxp.mcuxpresso.tools.win32_11.0.0.201905131304/buildtools/bin/make --no-print-directory post-build
Performing post-build steps
arm-none-eabi-size "Lab4.2.axf"; # arm-none-eabi-objcopy -v -O binary "Lab4.2.axf" "Lab4.2.bin" ; # checksum -p LPC1549 -d "Lab4.2.bin";
   text	   data	    bss	    dec	    hex	filename
  14200	   2116	    484	  16800	   41a0	Lab4.2.axf
 
09:30:13 **** Incremental Build of configuration Debug for project lpc_board_nxp_lpcxpresso_1549 ****
make -r all 
make: Nothing to be done for 'all'.
09:30:13 **** Incremental Build of configuration Debug for project lpc_chip_15xx ****
make -r all 
make: Nothing to be done for 'all'.
09:30:13 **** Incremental Build of configuration Debug for project FreeRTOS ****
make -r all 
make: Nothing to be done for 'all'.
09:30:13 **** Incremental Build of configuration Debug for project Lab4.2 ****
make -r -j4 all 
make: Nothing to be done for 'all'.
09:30:21 **** Incremental Build of configuration Debug for project lpc_board_nxp_lpcxpresso_1549 ****
make -r all 
make: Nothing to be done for 'all'.
09:30:22 **** Incremental Build of configuration Debug for project lpc_chip_15xx ****
make -r all 
make: Nothing to be done for 'all'.
09:30:22 **** Incremental Build of configuration Debug for project FreeRTOS ****
make -r all 
make: Nothing to be done for 'all'.
09:30:22 **** Incremental Build of configuration Debug for project Lab4.2 ****
make -r -j4 all 
make: Nothing to be done for 'all'.
09:30:27 **** Incremental Build of configuration Debug for project lpc_board_nxp_lpcxpresso_1549 ****
make -r all 
make: Nothing to be done for 'all'.
09:30:28 **** Incremental Build of configuration Debug for project lpc_chip_15xx ****
make -r all 
make: Nothing to be done for 'all'.
09:30:28 **** Incremental Build of configuration Debug for project FreeRTOS ****
make -r all 
make: Nothing to be done for 'all'.
09:30:28 **** Incremental Build of configuration Debug for project Lab4.2 ****
make -r -j4 all 
make: Nothing to be done for 'all'.
09:30:29 **** Incremental Build of configuration Debug for project Lab4.2 ****
make -r -j4 all 
make: Nothing to be done for 'all'.
09:31:00 **** Incremental Build of configuration Debug for project lpc_board_nxp_lpcxpresso_1549 ****
make -r all 
make: Nothing to be done for 'all'.
09:31:00 **** Incremental Build of configuration Debug for project lpc_chip_15xx ****
make -r all 
make: Nothing to be done for 'all'.
09:31:00 **** Incremental Build of configuration Debug for project FreeRTOS ****
make -r all 
make: Nothing to be done for 'all'.
09:31:00 **** Incremental Build of configuration Debug for project Lab4.2 ****
make -r -j4 all 
Building file: ../src/main.cpp
Invoking: MCU C++ Compiler
arm-none-eabi-c++ -DDEBUG -D__CODE_RED -D__NEWLIB__ -DCORE_M3 -D__USE_LPCOPEN -DCPP_USE_HEAP -D__LPC15XX__ -I"C:\Users\vovan\Documents\MCUXpressoIDE_11.0.0_2516\workspace\lpc_board_nxp_lpcxpresso_1549\inc" -I"C:\Users\vovan\Documents\MCUXpressoIDE_11.0.0_2516\workspace\lpc_chip_15xx\inc" -I"C:\Users\vovan\Documents\MCUXpressoIDE_11.0.0_2516\workspace\FreeRTOS\inc" -I"C:\Users\vovan\Documents\MCUXpressoIDE_11.0.0_2516\workspace\FreeRTOS\src\include" -I"C:\Users\vovan\Documents\MCUXpressoIDE_11.0.0_2516\workspace\FreeRTOS\src\portable\GCC\ARM_CM3" -O0 -fno-common -g3 -Wall -c -fmessage-length=0 -fno-builtin -ffunction-sections -fdata-sections -fno-rtti -fno-exceptions -mcpu=cortex-m3 -mthumb -fstack-usage -MMD -MP -MF"src/main.d" -MT"src/main.o" -MT"src/main.d" -o "src/main.o" "../src/main.cpp"
Finished building: ../src/main.cpp
 
Building target: Lab4.2.axf
Invoking: MCU C++ Linker
arm-none-eabi-c++ -nostdlib -L"C:\Users\vovan\Documents\MCUXpressoIDE_11.0.0_2516\workspace\lpc_board_nxp_lpcxpresso_1549\Debug" -L"C:\Users\vovan\Documents\MCUXpressoIDE_11.0.0_2516\workspace\lpc_chip_15xx\Debug" -L"C:\Users\vovan\Documents\MCUXpressoIDE_11.0.0_2516\workspace\FreeRTOS\Debug" -Xlinker -Map="Lab4.2.map" -Xlinker --cref -Xlinker --gc-sections -Xlinker -print-memory-usage -mcpu=cortex-m3 -mthumb -T "Lab4_2_Debug.ld" -o "Lab4.2.axf"  ./src/DigitalIoPin.o ./src/cr_cpp_config.o ./src/cr_startup_lpc15xx.o ./src/crp.o ./src/main.o ./src/sysinit.o   -llpc_board_nxp_lpcxpresso_1549 -llpc_chip_15xx -lFreeRTOS
Memory region         Used Size  Region Size  %age Used
       MFlash256:       17640 B       256 KB      6.73%
         Ram0_16:        2600 B        16 KB     15.87%
         Ram1_16:          0 GB        16 KB      0.00%
          Ram2_4:          0 GB         4 KB      0.00%
Finished building target: Lab4.2.axf
 
C:/nxp/MCUXpressoIDE_11.0.0_2516/ide/plugins/com.nxp.mcuxpresso.tools.win32_11.0.0.201905131304/buildtools/bin/make --no-print-directory post-build
Performing post-build steps
arm-none-eabi-size "Lab4.2.axf"; # arm-none-eabi-objcopy -v -O binary "Lab4.2.axf" "Lab4.2.bin" ; # checksum -p LPC1549 -d "Lab4.2.bin";
   text	   data	    bss	    dec	    hex	filename
  15524	   2116	    484	  18124	   46cc	Lab4.2.axf
 
09:31:02 **** Incremental Build of configuration Debug for project Lab4.2 ****
make -r -j4 all 
make: Nothing to be done for 'all'.
09:31:59 **** Incremental Build of configuration Debug for project lpc_board_nxp_lpcxpresso_1549 ****
make -r all 
make: Nothing to be done for 'all'.
09:32:00 **** Incremental Build of configuration Debug for project lpc_chip_15xx ****
make -r all 
make: Nothing to be done for 'all'.
09:32:00 **** Incremental Build of configuration Debug for project FreeRTOS ****
make -r all 
make: Nothing to be done for 'all'.
09:32:00 **** Incremental Build of configuration Debug for project Lab4.2 ****
make -r -j4 all 
Building file: ../src/main.cpp
Invoking: MCU C++ Compiler
arm-none-eabi-c++ -DDEBUG -D__CODE_RED -D__NEWLIB__ -DCORE_M3 -D__USE_LPCOPEN -DCPP_USE_HEAP -D__LPC15XX__ -I"C:\Users\vovan\Documents\MCUXpressoIDE_11.0.0_2516\workspace\lpc_board_nxp_lpcxpresso_1549\inc" -I"C:\Users\vovan\Documents\MCUXpressoIDE_11.0.0_2516\workspace\lpc_chip_15xx\inc" -I"C:\Users\vovan\Documents\MCUXpressoIDE_11.0.0_2516\workspace\FreeRTOS\inc" -I"C:\Users\vovan\Documents\MCUXpressoIDE_11.0.0_2516\workspace\FreeRTOS\src\include" -I"C:\Users\vovan\Documents\MCUXpressoIDE_11.0.0_2516\workspace\FreeRTOS\src\portable\GCC\ARM_CM3" -O0 -fno-common -g3 -Wall -c -fmessage-length=0 -fno-builtin -ffunction-sections -fdata-sections -fno-rtti -fno-exceptions -mcpu=cortex-m3 -mthumb -fstack-usage -MMD -MP -MF"src/main.d" -MT"src/main.o" -MT"src/main.d" -o "src/main.o" "../src/main.cpp"
Finished building: ../src/main.cpp
 
Building target: Lab4.2.axf
Invoking: MCU C++ Linker
arm-none-eabi-c++ -nostdlib -L"C:\Users\vovan\Documents\MCUXpressoIDE_11.0.0_2516\workspace\lpc_board_nxp_lpcxpresso_1549\Debug" -L"C:\Users\vovan\Documents\MCUXpressoIDE_11.0.0_2516\workspace\lpc_chip_15xx\Debug" -L"C:\Users\vovan\Documents\MCUXpressoIDE_11.0.0_2516\workspace\FreeRTOS\Debug" -Xlinker -Map="Lab4.2.map" -Xlinker --cref -Xlinker --gc-sections -Xlinker -print-memory-usage -mcpu=cortex-m3 -mthumb -T "Lab4_2_Debug.ld" -o "Lab4.2.axf"  ./src/DigitalIoPin.o ./src/cr_cpp_config.o ./src/cr_startup_lpc15xx.o ./src/crp.o ./src/main.o ./src/sysinit.o   -llpc_board_nxp_lpcxpresso_1549 -llpc_chip_15xx -lFreeRTOS
Memory region         Used Size  Region Size  %age Used
       MFlash256:       17640 B       256 KB      6.73%
         Ram0_16:        2600 B        16 KB     15.87%
         Ram1_16:          0 GB        16 KB      0.00%
          Ram2_4:          0 GB         4 KB      0.00%
Finished building target: Lab4.2.axf
 
C:/nxp/MCUXpressoIDE_11.0.0_2516/ide/plugins/com.nxp.mcuxpresso.tools.win32_11.0.0.201905131304/buildtools/bin/make --no-print-directory post-build
Performing post-build steps
arm-none-eabi-size "Lab4.2.axf"; # arm-none-eabi-objcopy -v -O binary "Lab4.2.axf" "Lab4.2.bin" ; # checksum -p LPC1549 -d "Lab4.2.bin";
   text	   data	    bss	    dec	    hex	filename
  15524	   2116	    484	  18124	   46cc	Lab4.2.axf
 
09:32:02 **** Incremental Build of configuration Debug for project Lab4.2 ****
make -r -j4 all 
make: Nothing to be done for 'all'.
09:33:10 **** Incremental Build of configuration Debug for project lpc_board_nxp_lpcxpresso_1549 ****
make -r all 
make: Nothing to be done for 'all'.
09:33:10 **** Incremental Build of configuration Debug for project lpc_chip_15xx ****
make -r all 
make: Nothing to be done for 'all'.
09:33:10 **** Incremental Build of configuration Debug for project FreeRTOS ****
make -r all 
make: Nothing to be done for 'all'.
09:33:11 **** Incremental Build of configuration Debug for project Lab4.2 ****
make -r -j4 all 
Building file: ../src/main.cpp
Invoking: MCU C++ Compiler
arm-none-eabi-c++ -DDEBUG -D__CODE_RED -D__NEWLIB__ -DCORE_M3 -D__USE_LPCOPEN -DCPP_USE_HEAP -D__LPC15XX__ -I"C:\Users\vovan\Documents\MCUXpressoIDE_11.0.0_2516\workspace\lpc_board_nxp_lpcxpresso_1549\inc" -I"C:\Users\vovan\Documents\MCUXpressoIDE_11.0.0_2516\workspace\lpc_chip_15xx\inc" -I"C:\Users\vovan\Documents\MCUXpressoIDE_11.0.0_2516\workspace\FreeRTOS\inc" -I"C:\Users\vovan\Documents\MCUXpressoIDE_11.0.0_2516\workspace\FreeRTOS\src\include" -I"C:\Users\vovan\Documents\MCUXpressoIDE_11.0.0_2516\workspace\FreeRTOS\src\portable\GCC\ARM_CM3" -O0 -fno-common -g3 -Wall -c -fmessage-length=0 -fno-builtin -ffunction-sections -fdata-sections -fno-rtti -fno-exceptions -mcpu=cortex-m3 -mthumb -fstack-usage -MMD -MP -MF"src/main.d" -MT"src/main.o" -MT"src/main.d" -o "src/main.o" "../src/main.cpp"
../src/main.cpp: In function 'void StepTask(void*)':
../src/main.cpp:119:4: error: 'vTaslDelay' was not declared in this scope
    vTaslDelay(5);
    ^~~~~~~~~~
../src/main.cpp:119:4: note: suggested alternative: 'vTaskDelay'
    vTaslDelay(5);
    ^~~~~~~~~~
    vTaskDelay
make: *** [src/subdir.mk:39: src/main.o] Error 1
"make -r -j4 all" terminated with exit code 2. Build might be incomplete.
09:33:12 **** Incremental Build of configuration Debug for project Lab4.2 ****
make -r -j4 all 
Building file: ../src/main.cpp
Invoking: MCU C++ Compiler
arm-none-eabi-c++ -DDEBUG -D__CODE_RED -D__NEWLIB__ -DCORE_M3 -D__USE_LPCOPEN -DCPP_USE_HEAP -D__LPC15XX__ -I"C:\Users\vovan\Documents\MCUXpressoIDE_11.0.0_2516\workspace\lpc_board_nxp_lpcxpresso_1549\inc" -I"C:\Users\vovan\Documents\MCUXpressoIDE_11.0.0_2516\workspace\lpc_chip_15xx\inc" -I"C:\Users\vovan\Documents\MCUXpressoIDE_11.0.0_2516\workspace\FreeRTOS\inc" -I"C:\Users\vovan\Documents\MCUXpressoIDE_11.0.0_2516\workspace\FreeRTOS\src\include" -I"C:\Users\vovan\Documents\MCUXpressoIDE_11.0.0_2516\workspace\FreeRTOS\src\portable\GCC\ARM_CM3" -O0 -fno-common -g3 -Wall -c -fmessage-length=0 -fno-builtin -ffunction-sections -fdata-sections -fno-rtti -fno-exceptions -mcpu=cortex-m3 -mthumb -fstack-usage -MMD -MP -MF"src/main.d" -MT"src/main.o" -MT"src/main.d" -o "src/main.o" "../src/main.cpp"
../src/main.cpp: In function 'void StepTask(void*)':
../src/main.cpp:119:4: error: 'vTaslDelay' was not declared in this scope
    vTaslDelay(5);
    ^~~~~~~~~~
../src/main.cpp:119:4: note: suggested alternative: 'vTaskDelay'
    vTaslDelay(5);
    ^~~~~~~~~~
    vTaskDelay
make: *** [src/subdir.mk:39: src/main.o] Error 1
"make -r -j4 all" terminated with exit code 2. Build might be incomplete.
09:33:23 **** Incremental Build of configuration Debug for project lpc_board_nxp_lpcxpresso_1549 ****
make -r all 
make: Nothing to be done for 'all'.
09:33:23 **** Incremental Build of configuration Debug for project lpc_chip_15xx ****
make -r all 
make: Nothing to be done for 'all'.
09:33:23 **** Incremental Build of configuration Debug for project FreeRTOS ****
make -r all 
make: Nothing to be done for 'all'.
09:33:24 **** Incremental Build of configuration Debug for project Lab4.2 ****
make -r -j4 all 
Building file: ../src/main.cpp
Invoking: MCU C++ Compiler
arm-none-eabi-c++ -DDEBUG -D__CODE_RED -D__NEWLIB__ -DCORE_M3 -D__USE_LPCOPEN -DCPP_USE_HEAP -D__LPC15XX__ -I"C:\Users\vovan\Documents\MCUXpressoIDE_11.0.0_2516\workspace\lpc_board_nxp_lpcxpresso_1549\inc" -I"C:\Users\vovan\Documents\MCUXpressoIDE_11.0.0_2516\workspace\lpc_chip_15xx\inc" -I"C:\Users\vovan\Documents\MCUXpressoIDE_11.0.0_2516\workspace\FreeRTOS\inc" -I"C:\Users\vovan\Documents\MCUXpressoIDE_11.0.0_2516\workspace\FreeRTOS\src\include" -I"C:\Users\vovan\Documents\MCUXpressoIDE_11.0.0_2516\workspace\FreeRTOS\src\portable\GCC\ARM_CM3" -O0 -fno-common -g3 -Wall -c -fmessage-length=0 -fno-builtin -ffunction-sections -fdata-sections -fno-rtti -fno-exceptions -mcpu=cortex-m3 -mthumb -fstack-usage -MMD -MP -MF"src/main.d" -MT"src/main.o" -MT"src/main.d" -o "src/main.o" "../src/main.cpp"
Finished building: ../src/main.cpp
 
Building target: Lab4.2.axf
Invoking: MCU C++ Linker
arm-none-eabi-c++ -nostdlib -L"C:\Users\vovan\Documents\MCUXpressoIDE_11.0.0_2516\workspace\lpc_board_nxp_lpcxpresso_1549\Debug" -L"C:\Users\vovan\Documents\MCUXpressoIDE_11.0.0_2516\workspace\lpc_chip_15xx\Debug" -L"C:\Users\vovan\Documents\MCUXpressoIDE_11.0.0_2516\workspace\FreeRTOS\Debug" -Xlinker -Map="Lab4.2.map" -Xlinker --cref -Xlinker --gc-sections -Xlinker -print-memory-usage -mcpu=cortex-m3 -mthumb -T "Lab4_2_Debug.ld" -o "Lab4.2.axf"  ./src/DigitalIoPin.o ./src/cr_cpp_config.o ./src/cr_startup_lpc15xx.o ./src/crp.o ./src/main.o ./src/sysinit.o   -llpc_board_nxp_lpcxpresso_1549 -llpc_chip_15xx -lFreeRTOS
Memory region         Used Size  Region Size  %age Used
       MFlash256:       17656 B       256 KB      6.74%
         Ram0_16:        2600 B        16 KB     15.87%
         Ram1_16:          0 GB        16 KB      0.00%
          Ram2_4:          0 GB         4 KB      0.00%
Finished building target: Lab4.2.axf
 
C:/nxp/MCUXpressoIDE_11.0.0_2516/ide/plugins/com.nxp.mcuxpresso.tools.win32_11.0.0.201905131304/buildtools/bin/make --no-print-directory post-build
Performing post-build steps
arm-none-eabi-size "Lab4.2.axf"; # arm-none-eabi-objcopy -v -O binary "Lab4.2.axf" "Lab4.2.bin" ; # checksum -p LPC1549 -d "Lab4.2.bin";
   text	   data	    bss	    dec	    hex	filename
  15540	   2116	    484	  18140	   46dc	Lab4.2.axf
 
09:33:30 **** Incremental Build of configuration Debug for project lpc_board_nxp_lpcxpresso_1549 ****
make -r all 
make: Nothing to be done for 'all'.
09:33:30 **** Incremental Build of configuration Debug for project lpc_chip_15xx ****
make -r all 
make: Nothing to be done for 'all'.
09:33:30 **** Incremental Build of configuration Debug for project FreeRTOS ****
make -r all 
make: Nothing to be done for 'all'.
09:33:31 **** Incremental Build of configuration Debug for project Lab4.2 ****
make -r -j4 all 
make: Nothing to be done for 'all'.
09:33:31 **** Incremental Build of configuration Debug for project Lab4.2 ****
make -r -j4 all 
make: Nothing to be done for 'all'.
09:35:37 **** Incremental Build of configuration Debug for project lpc_board_nxp_lpcxpresso_1549 ****
make -r all 
make: Nothing to be done for 'all'.
09:35:37 **** Incremental Build of configuration Debug for project lpc_chip_15xx ****
make -r all 
make: Nothing to be done for 'all'.
09:35:37 **** Incremental Build of configuration Debug for project FreeRTOS ****
make -r all 
make: Nothing to be done for 'all'.
09:35:37 **** Incremental Build of configuration Debug for project Lab4.2 ****
make -r -j4 all 
Building file: ../src/main.cpp
Invoking: MCU C++ Compiler
arm-none-eabi-c++ -DDEBUG -D__CODE_RED -D__NEWLIB__ -DCORE_M3 -D__USE_LPCOPEN -DCPP_USE_HEAP -D__LPC15XX__ -I"C:\Users\vovan\Documents\MCUXpressoIDE_11.0.0_2516\workspace\lpc_board_nxp_lpcxpresso_1549\inc" -I"C:\Users\vovan\Documents\MCUXpressoIDE_11.0.0_2516\workspace\lpc_chip_15xx\inc" -I"C:\Users\vovan\Documents\MCUXpressoIDE_11.0.0_2516\workspace\FreeRTOS\inc" -I"C:\Users\vovan\Documents\MCUXpressoIDE_11.0.0_2516\workspace\FreeRTOS\src\include" -I"C:\Users\vovan\Documents\MCUXpressoIDE_11.0.0_2516\workspace\FreeRTOS\src\portable\GCC\ARM_CM3" -O0 -fno-common -g3 -Wall -c -fmessage-length=0 -fno-builtin -ffunction-sections -fdata-sections -fno-rtti -fno-exceptions -mcpu=cortex-m3 -mthumb -fstack-usage -MMD -MP -MF"src/main.d" -MT"src/main.o" -MT"src/main.d" -o "src/main.o" "../src/main.cpp"
Finished building: ../src/main.cpp
 
Building target: Lab4.2.axf
Invoking: MCU C++ Linker
arm-none-eabi-c++ -nostdlib -L"C:\Users\vovan\Documents\MCUXpressoIDE_11.0.0_2516\workspace\lpc_board_nxp_lpcxpresso_1549\Debug" -L"C:\Users\vovan\Documents\MCUXpressoIDE_11.0.0_2516\workspace\lpc_chip_15xx\Debug" -L"C:\Users\vovan\Documents\MCUXpressoIDE_11.0.0_2516\workspace\FreeRTOS\Debug" -Xlinker -Map="Lab4.2.map" -Xlinker --cref -Xlinker --gc-sections -Xlinker -print-memory-usage -mcpu=cortex-m3 -mthumb -T "Lab4_2_Debug.ld" -o "Lab4.2.axf"  ./src/DigitalIoPin.o ./src/cr_cpp_config.o ./src/cr_startup_lpc15xx.o ./src/crp.o ./src/main.o ./src/sysinit.o   -llpc_board_nxp_lpcxpresso_1549 -llpc_chip_15xx -lFreeRTOS
Memory region         Used Size  Region Size  %age Used
       MFlash256:       17704 B       256 KB      6.75%
         Ram0_16:        2600 B        16 KB     15.87%
         Ram1_16:          0 GB        16 KB      0.00%
          Ram2_4:          0 GB         4 KB      0.00%
Finished building target: Lab4.2.axf
 
C:/nxp/MCUXpressoIDE_11.0.0_2516/ide/plugins/com.nxp.mcuxpresso.tools.win32_11.0.0.201905131304/buildtools/bin/make --no-print-directory post-build
Performing post-build steps
arm-none-eabi-size "Lab4.2.axf"; # arm-none-eabi-objcopy -v -O binary "Lab4.2.axf" "Lab4.2.bin" ; # checksum -p LPC1549 -d "Lab4.2.bin";
   text	   data	    bss	    dec	    hex	filename
  15588	   2116	    484	  18188	   470c	Lab4.2.axf
 
09:35:39 **** Incremental Build of configuration Debug for project Lab4.2 ****
make -r -j4 all 
make: Nothing to be done for 'all'.
09:41:13 **** Incremental Build of configuration Debug for project lpc_board_nxp_lpcxpresso_1549 ****
make -r all 
make: Nothing to be done for 'all'.
09:41:13 **** Incremental Build of configuration Debug for project lpc_chip_15xx ****
make -r all 
make: Nothing to be done for 'all'.
09:41:13 **** Incremental Build of configuration Debug for project FreeRTOS ****
make -r all 
make: Nothing to be done for 'all'.
09:41:13 **** Incremental Build of configuration Debug for project Lab4.2 ****
make -r -j4 all 
Building file: ../src/main.cpp
Invoking: MCU C++ Compiler
arm-none-eabi-c++ -DDEBUG -D__CODE_RED -D__NEWLIB__ -DCORE_M3 -D__USE_LPCOPEN -DCPP_USE_HEAP -D__LPC15XX__ -I"C:\Users\vovan\Documents\MCUXpressoIDE_11.0.0_2516\workspace\lpc_board_nxp_lpcxpresso_1549\inc" -I"C:\Users\vovan\Documents\MCUXpressoIDE_11.0.0_2516\workspace\lpc_chip_15xx\inc" -I"C:\Users\vovan\Documents\MCUXpressoIDE_11.0.0_2516\workspace\FreeRTOS\inc" -I"C:\Users\vovan\Documents\MCUXpressoIDE_11.0.0_2516\workspace\FreeRTOS\src\include" -I"C:\Users\vovan\Documents\MCUXpressoIDE_11.0.0_2516\workspace\FreeRTOS\src\portable\GCC\ARM_CM3" -O0 -fno-common -g3 -Wall -c -fmessage-length=0 -fno-builtin -ffunction-sections -fdata-sections -fno-rtti -fno-exceptions -mcpu=cortex-m3 -mthumb -fstack-usage -MMD -MP -MF"src/main.d" -MT"src/main.o" -MT"src/main.d" -o "src/main.o" "../src/main.cpp"
../src/main.cpp:130:1: error: expected declaration before '}' token
 }
 ^
../src/main.cpp:102:13: warning: 'void StepTask(void*)' defined but not used [-Wunused-function]
 static void StepTask(void *pvParameters)
             ^~~~~~~~
../src/main.cpp:61:13: warning: 'void SwitchCheckTask(void*)' defined but not used [-Wunused-function]
 static void SwitchCheckTask(void *pvParameters)
             ^~~~~~~~~~~~~~~
../src/main.cpp:46:13: warning: 'void prvSetupHardware()' defined but not used [-Wunused-function]
 static void prvSetupHardware(void)
             ^~~~~~~~~~~~~~~~
make: *** [src/subdir.mk:39: src/main.o] Error 1
"make -r -j4 all" terminated with exit code 2. Build might be incomplete.
09:41:14 **** Incremental Build of configuration Debug for project Lab4.2 ****
make -r -j4 all 
Building file: ../src/main.cpp
Invoking: MCU C++ Compiler
arm-none-eabi-c++ -DDEBUG -D__CODE_RED -D__NEWLIB__ -DCORE_M3 -D__USE_LPCOPEN -DCPP_USE_HEAP -D__LPC15XX__ -I"C:\Users\vovan\Documents\MCUXpressoIDE_11.0.0_2516\workspace\lpc_board_nxp_lpcxpresso_1549\inc" -I"C:\Users\vovan\Documents\MCUXpressoIDE_11.0.0_2516\workspace\lpc_chip_15xx\inc" -I"C:\Users\vovan\Documents\MCUXpressoIDE_11.0.0_2516\workspace\FreeRTOS\inc" -I"C:\Users\vovan\Documents\MCUXpressoIDE_11.0.0_2516\workspace\FreeRTOS\src\include" -I"C:\Users\vovan\Documents\MCUXpressoIDE_11.0.0_2516\workspace\FreeRTOS\src\portable\GCC\ARM_CM3" -O0 -fno-common -g3 -Wall -c -fmessage-length=0 -fno-builtin -ffunction-sections -fdata-sections -fno-rtti -fno-exceptions -mcpu=cortex-m3 -mthumb -fstack-usage -MMD -MP -MF"src/main.d" -MT"src/main.o" -MT"src/main.d" -o "src/main.o" "../src/main.cpp"
../src/main.cpp:130:1: error: expected declaration before '}' token
 }
 ^
../src/main.cpp:102:13: warning: 'void StepTask(void*)' defined but not used [-Wunused-function]
 static void StepTask(void *pvParameters)
             ^~~~~~~~
../src/main.cpp:61:13: warning: 'void SwitchCheckTask(void*)' defined but not used [-Wunused-function]
 static void SwitchCheckTask(void *pvParameters)
             ^~~~~~~~~~~~~~~
../src/main.cpp:46:13: warning: 'void prvSetupHardware()' defined but not used [-Wunused-function]
 static void prvSetupHardware(void)
             ^~~~~~~~~~~~~~~~
make: *** [src/subdir.mk:39: src/main.o] Error 1
"make -r -j4 all" terminated with exit code 2. Build might be incomplete.
09:41:33 **** Incremental Build of configuration Debug for project lpc_board_nxp_lpcxpresso_1549 ****
make -r all 
make: Nothing to be done for 'all'.
09:41:33 **** Incremental Build of configuration Debug for project lpc_chip_15xx ****
make -r all 
make: Nothing to be done for 'all'.
09:41:33 **** Incremental Build of configuration Debug for project FreeRTOS ****
make -r all 
make: Nothing to be done for 'all'.
09:41:33 **** Incremental Build of configuration Debug for project Lab4.2 ****
make -r -j4 all 
Building file: ../src/main.cpp
Invoking: MCU C++ Compiler
arm-none-eabi-c++ -DDEBUG -D__CODE_RED -D__NEWLIB__ -DCORE_M3 -D__USE_LPCOPEN -DCPP_USE_HEAP -D__LPC15XX__ -I"C:\Users\vovan\Documents\MCUXpressoIDE_11.0.0_2516\workspace\lpc_board_nxp_lpcxpresso_1549\inc" -I"C:\Users\vovan\Documents\MCUXpressoIDE_11.0.0_2516\workspace\lpc_chip_15xx\inc" -I"C:\Users\vovan\Documents\MCUXpressoIDE_11.0.0_2516\workspace\FreeRTOS\inc" -I"C:\Users\vovan\Documents\MCUXpressoIDE_11.0.0_2516\workspace\FreeRTOS\src\include" -I"C:\Users\vovan\Documents\MCUXpressoIDE_11.0.0_2516\workspace\FreeRTOS\src\portable\GCC\ARM_CM3" -O0 -fno-common -g3 -Wall -c -fmessage-length=0 -fno-builtin -ffunction-sections -fdata-sections -fno-rtti -fno-exceptions -mcpu=cortex-m3 -mthumb -fstack-usage -MMD -MP -MF"src/main.d" -MT"src/main.o" -MT"src/main.d" -o "src/main.o" "../src/main.cpp"
Finished building: ../src/main.cpp
 
Building target: Lab4.2.axf
Invoking: MCU C++ Linker
arm-none-eabi-c++ -nostdlib -L"C:\Users\vovan\Documents\MCUXpressoIDE_11.0.0_2516\workspace\lpc_board_nxp_lpcxpresso_1549\Debug" -L"C:\Users\vovan\Documents\MCUXpressoIDE_11.0.0_2516\workspace\lpc_chip_15xx\Debug" -L"C:\Users\vovan\Documents\MCUXpressoIDE_11.0.0_2516\workspace\FreeRTOS\Debug" -Xlinker -Map="Lab4.2.map" -Xlinker --cref -Xlinker --gc-sections -Xlinker -print-memory-usage -mcpu=cortex-m3 -mthumb -T "Lab4_2_Debug.ld" -o "Lab4.2.axf"  ./src/DigitalIoPin.o ./src/cr_cpp_config.o ./src/cr_startup_lpc15xx.o ./src/crp.o ./src/main.o ./src/sysinit.o   -llpc_board_nxp_lpcxpresso_1549 -llpc_chip_15xx -lFreeRTOS
Memory region         Used Size  Region Size  %age Used
       MFlash256:       17672 B       256 KB      6.74%
         Ram0_16:        2600 B        16 KB     15.87%
         Ram1_16:          0 GB        16 KB      0.00%
          Ram2_4:          0 GB         4 KB      0.00%
Finished building target: Lab4.2.axf
 
C:/nxp/MCUXpressoIDE_11.0.0_2516/ide/plugins/com.nxp.mcuxpresso.tools.win32_11.0.0.201905131304/buildtools/bin/make --no-print-directory post-build
Performing post-build steps
arm-none-eabi-size "Lab4.2.axf"; # arm-none-eabi-objcopy -v -O binary "Lab4.2.axf" "Lab4.2.bin" ; # checksum -p LPC1549 -d "Lab4.2.bin";
   text	   data	    bss	    dec	    hex	filename
  15556	   2116	    484	  18156	   46ec	Lab4.2.axf
 
09:41:43 **** Incremental Build of configuration Debug for project lpc_board_nxp_lpcxpresso_1549 ****
make -r all 
make: Nothing to be done for 'all'.
09:41:43 **** Incremental Build of configuration Debug for project lpc_chip_15xx ****
make -r all 
make: Nothing to be done for 'all'.
09:41:43 **** Incremental Build of configuration Debug for project FreeRTOS ****
make -r all 
make: Nothing to be done for 'all'.
09:41:43 **** Incremental Build of configuration Debug for project Lab4.2 ****
make -r -j4 all 
make: Nothing to be done for 'all'.
09:41:44 **** Incremental Build of configuration Debug for project Lab4.2 ****
make -r -j4 all 
make: Nothing to be done for 'all'.
09:42:56 **** Incremental Build of configuration Debug for project lpc_board_nxp_lpcxpresso_1549 ****
make -r all 
make: Nothing to be done for 'all'.
09:42:56 **** Incremental Build of configuration Debug for project lpc_chip_15xx ****
make -r all 
make: Nothing to be done for 'all'.
09:42:56 **** Incremental Build of configuration Debug for project FreeRTOS ****
make -r all 
make: Nothing to be done for 'all'.
09:42:56 **** Incremental Build of configuration Debug for project Lab4.2 ****
make -r -j4 all 
Building file: ../src/main.cpp
Invoking: MCU C++ Compiler
arm-none-eabi-c++ -DDEBUG -D__CODE_RED -D__NEWLIB__ -DCORE_M3 -D__USE_LPCOPEN -DCPP_USE_HEAP -D__LPC15XX__ -I"C:\Users\vovan\Documents\MCUXpressoIDE_11.0.0_2516\workspace\lpc_board_nxp_lpcxpresso_1549\inc" -I"C:\Users\vovan\Documents\MCUXpressoIDE_11.0.0_2516\workspace\lpc_chip_15xx\inc" -I"C:\Users\vovan\Documents\MCUXpressoIDE_11.0.0_2516\workspace\FreeRTOS\inc" -I"C:\Users\vovan\Documents\MCUXpressoIDE_11.0.0_2516\workspace\FreeRTOS\src\include" -I"C:\Users\vovan\Documents\MCUXpressoIDE_11.0.0_2516\workspace\FreeRTOS\src\portable\GCC\ARM_CM3" -O0 -fno-common -g3 -Wall -c -fmessage-length=0 -fno-builtin -ffunction-sections -fdata-sections -fno-rtti -fno-exceptions -mcpu=cortex-m3 -mthumb -fstack-usage -MMD -MP -MF"src/main.d" -MT"src/main.o" -MT"src/main.d" -o "src/main.o" "../src/main.cpp"
Finished building: ../src/main.cpp
 
Building target: Lab4.2.axf
Invoking: MCU C++ Linker
arm-none-eabi-c++ -nostdlib -L"C:\Users\vovan\Documents\MCUXpressoIDE_11.0.0_2516\workspace\lpc_board_nxp_lpcxpresso_1549\Debug" -L"C:\Users\vovan\Documents\MCUXpressoIDE_11.0.0_2516\workspace\lpc_chip_15xx\Debug" -L"C:\Users\vovan\Documents\MCUXpressoIDE_11.0.0_2516\workspace\FreeRTOS\Debug" -Xlinker -Map="Lab4.2.map" -Xlinker --cref -Xlinker --gc-sections -Xlinker -print-memory-usage -mcpu=cortex-m3 -mthumb -T "Lab4_2_Debug.ld" -o "Lab4.2.axf"  ./src/DigitalIoPin.o ./src/cr_cpp_config.o ./src/cr_startup_lpc15xx.o ./src/crp.o ./src/main.o ./src/sysinit.o   -llpc_board_nxp_lpcxpresso_1549 -llpc_chip_15xx -lFreeRTOS
Memory region         Used Size  Region Size  %age Used
       MFlash256:       16616 B       256 KB      6.34%
         Ram0_16:        2600 B        16 KB     15.87%
         Ram1_16:          0 GB        16 KB      0.00%
          Ram2_4:          0 GB         4 KB      0.00%
Finished building target: Lab4.2.axf
 
C:/nxp/MCUXpressoIDE_11.0.0_2516/ide/plugins/com.nxp.mcuxpresso.tools.win32_11.0.0.201905131304/buildtools/bin/make --no-print-directory post-build
Performing post-build steps
arm-none-eabi-size "Lab4.2.axf"; # arm-none-eabi-objcopy -v -O binary "Lab4.2.axf" "Lab4.2.bin" ; # checksum -p LPC1549 -d "Lab4.2.bin";
   text	   data	    bss	    dec	    hex	filename
  14500	   2116	    484	  17100	   42cc	Lab4.2.axf
 
09:42:58 **** Incremental Build of configuration Debug for project Lab4.2 ****
make -r -j4 all 
make: Nothing to be done for 'all'.
09:45:41 **** Incremental Build of configuration Debug for project lpc_board_nxp_lpcxpresso_1549 ****
make -r all 
make: Nothing to be done for 'all'.
09:45:41 **** Incremental Build of configuration Debug for project lpc_chip_15xx ****
make -r all 
make: Nothing to be done for 'all'.
09:45:42 **** Incremental Build of configuration Debug for project FreeRTOS ****
make -r all 
make: Nothing to be done for 'all'.
09:45:42 **** Incremental Build of configuration Debug for project Lab4.2 ****
make -r -j4 all 
Building file: ../src/main.cpp
Invoking: MCU C++ Compiler
arm-none-eabi-c++ -DDEBUG -D__CODE_RED -D__NEWLIB__ -DCORE_M3 -D__USE_LPCOPEN -DCPP_USE_HEAP -D__LPC15XX__ -I"C:\Users\vovan\Documents\MCUXpressoIDE_11.0.0_2516\workspace\lpc_board_nxp_lpcxpresso_1549\inc" -I"C:\Users\vovan\Documents\MCUXpressoIDE_11.0.0_2516\workspace\lpc_chip_15xx\inc" -I"C:\Users\vovan\Documents\MCUXpressoIDE_11.0.0_2516\workspace\FreeRTOS\inc" -I"C:\Users\vovan\Documents\MCUXpressoIDE_11.0.0_2516\workspace\FreeRTOS\src\include" -I"C:\Users\vovan\Documents\MCUXpressoIDE_11.0.0_2516\workspace\FreeRTOS\src\portable\GCC\ARM_CM3" -O0 -fno-common -g3 -Wall -c -fmessage-length=0 -fno-builtin -ffunction-sections -fdata-sections -fno-rtti -fno-exceptions -mcpu=cortex-m3 -mthumb -fstack-usage -MMD -MP -MF"src/main.d" -MT"src/main.o" -MT"src/main.d" -o "src/main.o" "../src/main.cpp"
../src/main.cpp:113:26: error: macro "xSemaphoreTake" requires 2 arguments, but only 1 given
   if(xSemaphoreTake(binar))
                          ^
../src/main.cpp: In function 'void StepTask(void*)':
../src/main.cpp:113:6: error: 'xSemaphoreTake' was not declared in this scope
   if(xSemaphoreTake(binar))
      ^~~~~~~~~~~~~~
make: *** [src/subdir.mk:39: src/main.o] Error 1
"make -r -j4 all" terminated with exit code 2. Build might be incomplete.
09:46:05 **** Incremental Build of configuration Debug for project lpc_board_nxp_lpcxpresso_1549 ****
make -r all 
make: Nothing to be done for 'all'.
09:46:05 **** Incremental Build of configuration Debug for project lpc_chip_15xx ****
make -r all 
make: Nothing to be done for 'all'.
09:46:05 **** Incremental Build of configuration Debug for project FreeRTOS ****
make -r all 
make: Nothing to be done for 'all'.
09:46:05 **** Incremental Build of configuration Debug for project Lab4.2 ****
make -r -j4 all 
Building file: ../src/main.cpp
Invoking: MCU C++ Compiler
arm-none-eabi-c++ -DDEBUG -D__CODE_RED -D__NEWLIB__ -DCORE_M3 -D__USE_LPCOPEN -DCPP_USE_HEAP -D__LPC15XX__ -I"C:\Users\vovan\Documents\MCUXpressoIDE_11.0.0_2516\workspace\lpc_board_nxp_lpcxpresso_1549\inc" -I"C:\Users\vovan\Documents\MCUXpressoIDE_11.0.0_2516\workspace\lpc_chip_15xx\inc" -I"C:\Users\vovan\Documents\MCUXpressoIDE_11.0.0_2516\workspace\FreeRTOS\inc" -I"C:\Users\vovan\Documents\MCUXpressoIDE_11.0.0_2516\workspace\FreeRTOS\src\include" -I"C:\Users\vovan\Documents\MCUXpressoIDE_11.0.0_2516\workspace\FreeRTOS\src\portable\GCC\ARM_CM3" -O0 -fno-common -g3 -Wall -c -fmessage-length=0 -fno-builtin -ffunction-sections -fdata-sections -fno-rtti -fno-exceptions -mcpu=cortex-m3 -mthumb -fstack-usage -MMD -MP -MF"src/main.d" -MT"src/main.o" -MT"src/main.d" -o "src/main.o" "../src/main.cpp"
Finished building: ../src/main.cpp
 
Building target: Lab4.2.axf
Invoking: MCU C++ Linker
arm-none-eabi-c++ -nostdlib -L"C:\Users\vovan\Documents\MCUXpressoIDE_11.0.0_2516\workspace\lpc_board_nxp_lpcxpresso_1549\Debug" -L"C:\Users\vovan\Documents\MCUXpressoIDE_11.0.0_2516\workspace\lpc_chip_15xx\Debug" -L"C:\Users\vovan\Documents\MCUXpressoIDE_11.0.0_2516\workspace\FreeRTOS\Debug" -Xlinker -Map="Lab4.2.map" -Xlinker --cref -Xlinker --gc-sections -Xlinker -print-memory-usage -mcpu=cortex-m3 -mthumb -T "Lab4_2_Debug.ld" -o "Lab4.2.axf"  ./src/DigitalIoPin.o ./src/cr_cpp_config.o ./src/cr_startup_lpc15xx.o ./src/crp.o ./src/main.o ./src/sysinit.o   -llpc_board_nxp_lpcxpresso_1549 -llpc_chip_15xx -lFreeRTOS
Memory region         Used Size  Region Size  %age Used
       MFlash256:       17640 B       256 KB      6.73%
         Ram0_16:        2600 B        16 KB     15.87%
         Ram1_16:          0 GB        16 KB      0.00%
          Ram2_4:          0 GB         4 KB      0.00%
Finished building target: Lab4.2.axf
 
C:/nxp/MCUXpressoIDE_11.0.0_2516/ide/plugins/com.nxp.mcuxpresso.tools.win32_11.0.0.201905131304/buildtools/bin/make --no-print-directory post-build
Performing post-build steps
arm-none-eabi-size "Lab4.2.axf"; # arm-none-eabi-objcopy -v -O binary "Lab4.2.axf" "Lab4.2.bin" ; # checksum -p LPC1549 -d "Lab4.2.bin";
   text	   data	    bss	    dec	    hex	filename
  15524	   2116	    484	  18124	   46cc	Lab4.2.axf
 
09:46:13 **** Incremental Build of configuration Debug for project lpc_board_nxp_lpcxpresso_1549 ****
make -r all 
make: Nothing to be done for 'all'.
09:46:13 **** Incremental Build of configuration Debug for project lpc_chip_15xx ****
make -r all 
make: Nothing to be done for 'all'.
09:46:13 **** Incremental Build of configuration Debug for project FreeRTOS ****
make -r all 
make: Nothing to be done for 'all'.
09:46:14 **** Incremental Build of configuration Debug for project Lab4.2 ****
make -r -j4 all 
make: Nothing to be done for 'all'.
09:46:15 **** Incremental Build of configuration Debug for project Lab4.2 ****
make -r -j4 all 
make: Nothing to be done for 'all'.
09:48:07 **** Incremental Build of configuration Debug for project lpc_board_nxp_lpcxpresso_1549 ****
make -r all 
make: Nothing to be done for 'all'.
[...]
In file included from C:\Users\vovan\Documents\MCUXpressoIDE_11.0.0_2516\workspace\lpc_board_nxp_lpcxpresso_1549\inc/board.h:105,
                 from ../src/main.cpp:16:
../src/main.cpp: In function 'void OracleTask(void*)':
../src/main.cpp:109:54: warning: format '%s' expects a matching 'char*' argument [-Wformat=]
    if(xSemaphoreTake(mutx, portMAX_DELAY)) {DEBUGOUT("\r\n%s%s\r\n", oracle.c_str()), hm.c_str(); xSemaphoreGive(mutx);}
                                                      ^~~~~~~~~~~~~~
C:\Users\vovan\Documents\MCUXpressoIDE_11.0.0_2516\workspace\lpc_board_nxp_lpcxpresso_1549\inc/board_api.h:176:30: note: in definition of macro 'DEBUGOUT'
 #define DEBUGOUT(...) printf(__VA_ARGS__)
                              ^~~~~~~~~~~
Finished building: ../src/main.cpp
 
Building target: Lab2.3.axf
Invoking: MCU C++ Linker
arm-none-eabi-c++ -nostdlib -L"C:\Users\vovan\Documents\MCUXpressoIDE_11.0.0_2516\workspace\lpc_board_nxp_lpcxpresso_1549\Debug" -L"C:\Users\vovan\Documents\MCUXpressoIDE_11.0.0_2516\workspace\lpc_chip_15xx\Debug" -L"C:\Users\vovan\Documents\MCUXpressoIDE_11.0.0_2516\workspace\FreeRTOS\Debug" -Xlinker -Map="Lab2.3.map" -Xlinker --cref -Xlinker --gc-sections -Xlinker -print-memory-usage -mcpu=cortex-m3 -mthumb -T "Lab2_3_Debug.ld" -o "Lab2.3.axf"  ./src/cr_cpp_config.o ./src/cr_startup_lpc15xx.o ./src/crp.o ./src/main.o ./src/sysinit.o   -llpc_board_nxp_lpcxpresso_1549 -llpc_chip_15xx -lFreeRTOS
Memory region         Used Size  Region Size  %age Used
       MFlash256:       50356 B       256 KB     19.21%
         Ram0_16:        2992 B        16 KB     18.26%
         Ram1_16:          0 GB        16 KB      0.00%
          Ram2_4:          0 GB         4 KB      0.00%
Finished building target: Lab2.3.axf
 
C:/nxp/MCUXpressoIDE_11.0.0_2516/ide/plugins/com.nxp.mcuxpresso.tools.win32_11.0.0.201905131304/buildtools/bin/make --no-print-directory post-build
Performing post-build steps
arm-none-eabi-size "Lab2.3.axf"; # arm-none-eabi-objcopy -v -O binary "Lab2.3.axf" "Lab2.3.bin" ; # checksum -p LPC1549 -d "Lab2.3.bin";
   text	   data	    bss	    dec	    hex	filename
  47872	   2484	    508	  50864	   c6b0	Lab2.3.axf
 
12:28:11 **** Incremental Build of configuration Debug for project lpc_board_nxp_lpcxpresso_1549 ****
make -r all 
make: Nothing to be done for 'all'.
12:28:11 **** Incremental Build of configuration Debug for project lpc_chip_15xx ****
make -r all 
make: Nothing to be done for 'all'.
12:28:11 **** Incremental Build of configuration Debug for project FreeRTOS ****
make -r all 
make: Nothing to be done for 'all'.
12:28:11 **** Incremental Build of configuration Debug for project Lab2.3 ****
make -r -j4 all 
make: Nothing to be done for 'all'.
12:28:12 **** Incremental Build of configuration Debug for project Lab2.3 ****
make -r -j4 all 
make: Nothing to be done for 'all'.
12:28:34 **** Incremental Build of configuration Debug for project lpc_board_nxp_lpcxpresso_1549 ****
make -r all 
make: Nothing to be done for 'all'.
12:28:35 **** Incremental Build of configuration Debug for project lpc_chip_15xx ****
make -r all 
make: Nothing to be done for 'all'.
12:28:35 **** Incremental Build of configuration Debug for project FreeRTOS ****
make -r all 
make: Nothing to be done for 'all'.
12:28:35 **** Incremental Build of configuration Debug for project Lab2.3 ****
make -r -j4 all 
make: Nothing to be done for 'all'.
12:28:36 **** Incremental Build of configuration Debug for project Lab2.3 ****
make -r -j4 all 
make: Nothing to be done for 'all'.
12:30:32 **** Incremental Build of configuration Debug for project lpc_board_nxp_lpcxpresso_1549 ****
make -r all 
make: Nothing to be done for 'all'.
12:30:32 **** Incremental Build of configuration Debug for project lpc_chip_15xx ****
make -r all 
make: Nothing to be done for 'all'.
12:30:33 **** Incremental Build of configuration Debug for project FreeRTOS ****
make -r all 
make: Nothing to be done for 'all'.
12:30:33 **** Incremental Build of configuration Debug for project Lab2.3 ****
make -r -j4 all 
Building file: ../src/main.cpp
Invoking: MCU C++ Compiler
arm-none-eabi-c++ -DDEBUG -D__CODE_RED -D__NEWLIB__ -DCORE_M3 -D__USE_LPCOPEN -DCPP_USE_HEAP -D__LPC15XX__ -I"C:\Users\vovan\Documents\MCUXpressoIDE_11.0.0_2516\workspace\lpc_board_nxp_lpcxpresso_1549\inc" -I"C:\Users\vovan\Documents\MCUXpressoIDE_11.0.0_2516\workspace\lpc_chip_15xx\inc" -I"C:\Users\vovan\Documents\MCUXpressoIDE_11.0.0_2516\workspace\FreeRTOS\inc" -I"C:\Users\vovan\Documents\MCUXpressoIDE_11.0.0_2516\workspace\FreeRTOS\src\include" -I"C:\Users\vovan\Documents\MCUXpressoIDE_11.0.0_2516\workspace\FreeRTOS\src\portable\GCC\ARM_CM3" -O0 -fno-common -g3 -Wall -c -fmessage-length=0 -fno-builtin -ffunction-sections -fdata-sections -fno-rtti -fno-exceptions -mcpu=cortex-m3 -mthumb -fstack-usage -MMD -MP -MF"src/main.d" -MT"src/main.o" -MT"src/main.d" -o "src/main.o" "../src/main.cpp"
../src/main.cpp: In function 'void askingTask(void*)':
../src/main.cpp:74:71: warning: statement has no effect [-Wunused-value]
      if(c == 63) {xSemaphoreGive(countingSem); you.erase(6, count); c == 13;} // Check whether "?" was entered
                                                                     ~~^~~~~
In file included from C:\Users\vovan\Documents\MCUXpressoIDE_11.0.0_2516\workspace\lpc_board_nxp_lpcxpresso_1549\inc/board.h:105,
                 from ../src/main.cpp:16:
../src/main.cpp: In function 'void OracleTask(void*)':
../src/main.cpp:109:54: warning: format '%s' expects a matching 'char*' argument [-Wformat=]
    if(xSemaphoreTake(mutx, portMAX_DELAY)) {DEBUGOUT("\r\n%s%s\r\n", oracle.c_str()), hm.c_str(); xSemaphoreGive(mutx);}
                                                      ^~~~~~~~~~~~~~
C:\Users\vovan\Documents\MCUXpressoIDE_11.0.0_2516\workspace\lpc_board_nxp_lpcxpresso_1549\inc/board_api.h:176:30: note: in definition of macro 'DEBUGOUT'
 #define DEBUGOUT(...) printf(__VA_ARGS__)
                              ^~~~~~~~~~~
Finished building: ../src/main.cpp
 
Building target: Lab2.3.axf
Invoking: MCU C++ Linker
arm-none-eabi-c++ -nostdlib -L"C:\Users\vovan\Documents\MCUXpressoIDE_11.0.0_2516\workspace\lpc_board_nxp_lpcxpresso_1549\Debug" -L"C:\Users\vovan\Documents\MCUXpressoIDE_11.0.0_2516\workspace\lpc_chip_15xx\Debug" -L"C:\Users\vovan\Documents\MCUXpressoIDE_11.0.0_2516\workspace\FreeRTOS\Debug" -Xlinker -Map="Lab2.3.map" -Xlinker --cref -Xlinker --gc-sections -Xlinker -print-memory-usage -mcpu=cortex-m3 -mthumb -T "Lab2_3_Debug.ld" -o "Lab2.3.axf"  ./src/cr_cpp_config.o ./src/cr_startup_lpc15xx.o ./src/crp.o ./src/main.o ./src/sysinit.o   -llpc_board_nxp_lpcxpresso_1549 -llpc_chip_15xx -lFreeRTOS
Memory region         Used Size  Region Size  %age Used
       MFlash256:       50388 B       256 KB     19.22%
         Ram0_16:        2992 B        16 KB     18.26%
         Ram1_16:          0 GB        16 KB      0.00%
          Ram2_4:          0 GB         4 KB      0.00%
Finished building target: Lab2.3.axf
 
C:/nxp/MCUXpressoIDE_11.0.0_2516/ide/plugins/com.nxp.mcuxpresso.tools.win32_11.0.0.201905131304/buildtools/bin/make --no-print-directory post-build
Performing post-build steps
arm-none-eabi-size "Lab2.3.axf"; # arm-none-eabi-objcopy -v -O binary "Lab2.3.axf" "Lab2.3.bin" ; # checksum -p LPC1549 -d "Lab2.3.bin";
   text	   data	    bss	    dec	    hex	filename
  47904	   2484	    508	  50896	   c6d0	Lab2.3.axf
 
12:30:35 **** Incremental Build of configuration Debug for project Lab2.3 ****
make -r -j4 all 
make: Nothing to be done for 'all'.
12:30:42 **** Incremental Build of configuration Debug for project lpc_board_nxp_lpcxpresso_1549 ****
make -r all 
make: Nothing to be done for 'all'.
12:30:43 **** Incremental Build of configuration Debug for project lpc_chip_15xx ****
make -r all 
make: Nothing to be done for 'all'.
12:30:43 **** Incremental Build of configuration Debug for project FreeRTOS ****
make -r all 
make: Nothing to be done for 'all'.
12:30:43 **** Incremental Build of configuration Debug for project Lab2.3 ****
make -r -j4 all 
Building file: ../src/main.cpp
Invoking: MCU C++ Compiler
arm-none-eabi-c++ -DDEBUG -D__CODE_RED -D__NEWLIB__ -DCORE_M3 -D__USE_LPCOPEN -DCPP_USE_HEAP -D__LPC15XX__ -I"C:\Users\vovan\Documents\MCUXpressoIDE_11.0.0_2516\workspace\lpc_board_nxp_lpcxpresso_1549\inc" -I"C:\Users\vovan\Documents\MCUXpressoIDE_11.0.0_2516\workspace\lpc_chip_15xx\inc" -I"C:\Users\vovan\Documents\MCUXpressoIDE_11.0.0_2516\workspace\FreeRTOS\inc" -I"C:\Users\vovan\Documents\MCUXpressoIDE_11.0.0_2516\workspace\FreeRTOS\src\include" -I"C:\Users\vovan\Documents\MCUXpressoIDE_11.0.0_2516\workspace\FreeRTOS\src\portable\GCC\ARM_CM3" -O0 -fno-common -g3 -Wall -c -fmessage-length=0 -fno-builtin -ffunction-sections -fdata-sections -fno-rtti -fno-exceptions -mcpu=cortex-m3 -mthumb -fstack-usage -MMD -MP -MF"src/main.d" -MT"src/main.o" -MT"src/main.d" -o "src/main.o" "../src/main.cpp"
In file included from C:\Users\vovan\Documents\MCUXpressoIDE_11.0.0_2516\workspace\lpc_board_nxp_lpcxpresso_1549\inc/board.h:105,
                 from ../src/main.cpp:16:
../src/main.cpp: In function 'void OracleTask(void*)':
../src/main.cpp:109:54: warning: format '%s' expects a matching 'char*' argument [-Wformat=]
    if(xSemaphoreTake(mutx, portMAX_DELAY)) {DEBUGOUT("\r\n%s%s\r\n", oracle.c_str()), hm.c_str(); xSemaphoreGive(mutx);}
                                                      ^~~~~~~~~~~~~~
C:\Users\vovan\Documents\MCUXpressoIDE_11.0.0_2516\workspace\lpc_board_nxp_lpcxpresso_1549\inc/board_api.h:176:30: note: in definition of macro 'DEBUGOUT'
 #define DEBUGOUT(...) printf(__VA_ARGS__)
                              ^~~~~~~~~~~
Finished building: ../src/main.cpp
 
Building target: Lab2.3.axf
Invoking: MCU C++ Linker
arm-none-eabi-c++ -nostdlib -L"C:\Users\vovan\Documents\MCUXpressoIDE_11.0.0_2516\workspace\lpc_board_nxp_lpcxpresso_1549\Debug" -L"C:\Users\vovan\Documents\MCUXpressoIDE_11.0.0_2516\workspace\lpc_chip_15xx\Debug" -L"C:\Users\vovan\Documents\MCUXpressoIDE_11.0.0_2516\workspace\FreeRTOS\Debug" -Xlinker -Map="Lab2.3.map" -Xlinker --cref -Xlinker --gc-sections -Xlinker -print-memory-usage -mcpu=cortex-m3 -mthumb -T "Lab2_3_Debug.ld" -o "Lab2.3.axf"  ./src/cr_cpp_config.o ./src/cr_startup_lpc15xx.o ./src/crp.o ./src/main.o ./src/sysinit.o   -llpc_board_nxp_lpcxpresso_1549 -llpc_chip_15xx -lFreeRTOS
Memory region         Used Size  Region Size  %age Used
       MFlash256:       50388 B       256 KB     19.22%
         Ram0_16:        2992 B        16 KB     18.26%
         Ram1_16:          0 GB        16 KB      0.00%
          Ram2_4:          0 GB         4 KB      0.00%
Finished building target: Lab2.3.axf
 
C:/nxp/MCUXpressoIDE_11.0.0_2516/ide/plugins/com.nxp.mcuxpresso.tools.win32_11.0.0.201905131304/buildtools/bin/make --no-print-directory post-build
Performing post-build steps
arm-none-eabi-size "Lab2.3.axf"; # arm-none-eabi-objcopy -v -O binary "Lab2.3.axf" "Lab2.3.bin" ; # checksum -p LPC1549 -d "Lab2.3.bin";
   text	   data	    bss	    dec	    hex	filename
  47904	   2484	    508	  50896	   c6d0	Lab2.3.axf
 
12:30:50 **** Incremental Build of configuration Debug for project lpc_board_nxp_lpcxpresso_1549 ****
make -r all 
make: Nothing to be done for 'all'.
12:30:51 **** Incremental Build of configuration Debug for project lpc_chip_15xx ****
make -r all 
make: Nothing to be done for 'all'.
12:30:51 **** Incremental Build of configuration Debug for project FreeRTOS ****
make -r all 
make: Nothing to be done for 'all'.
12:30:51 **** Incremental Build of configuration Debug for project Lab2.3 ****
make -r -j4 all 
make: Nothing to be done for 'all'.
12:31:19 **** Incremental Build of configuration Debug for project lpc_board_nxp_lpcxpresso_1549 ****
make -r all 
make: Nothing to be done for 'all'.
12:31:19 **** Incremental Build of configuration Debug for project lpc_chip_15xx ****
make -r all 
make: Nothing to be done for 'all'.
12:31:19 **** Incremental Build of configuration Debug for project FreeRTOS ****
make -r all 
make: Nothing to be done for 'all'.
12:31:19 **** Incremental Build of configuration Debug for project Lab2.3 ****
make -r -j4 all 
make: Nothing to be done for 'all'.
12:31:20 **** Incremental Build of configuration Debug for project Lab2.3 ****
make -r -j4 all 
make: Nothing to be done for 'all'.
12:33:47 **** Incremental Build of configuration Debug for project lpc_board_nxp_lpcxpresso_1549 ****
make -r all 
make: Nothing to be done for 'all'.
12:33:47 **** Incremental Build of configuration Debug for project lpc_chip_15xx ****
make -r all 
make: Nothing to be done for 'all'.
12:33:47 **** Incremental Build of configuration Debug for project FreeRTOS ****
make -r all 
make: Nothing to be done for 'all'.
12:33:48 **** Incremental Build of configuration Debug for project Lab2.3 ****
make -r -j4 all 
Building file: ../src/main.cpp
Invoking: MCU C++ Compiler
arm-none-eabi-c++ -DDEBUG -D__CODE_RED -D__NEWLIB__ -DCORE_M3 -D__USE_LPCOPEN -DCPP_USE_HEAP -D__LPC15XX__ -I"C:\Users\vovan\Documents\MCUXpressoIDE_11.0.0_2516\workspace\lpc_board_nxp_lpcxpresso_1549\inc" -I"C:\Users\vovan\Documents\MCUXpressoIDE_11.0.0_2516\workspace\lpc_chip_15xx\inc" -I"C:\Users\vovan\Documents\MCUXpressoIDE_11.0.0_2516\workspace\FreeRTOS\inc" -I"C:\Users\vovan\Documents\MCUXpressoIDE_11.0.0_2516\workspace\FreeRTOS\src\include" -I"C:\Users\vovan\Documents\MCUXpressoIDE_11.0.0_2516\workspace\FreeRTOS\src\portable\GCC\ARM_CM3" -O0 -fno-common -g3 -Wall -c -fmessage-length=0 -fno-builtin -ffunction-sections -fdata-sections -fno-rtti -fno-exceptions -mcpu=cortex-m3 -mthumb -fstack-usage -MMD -MP -MF"src/main.d" -MT"src/main.o" -MT"src/main.d" -o "src/main.o" "../src/main.cpp"
In file included from C:\Users\vovan\Documents\MCUXpressoIDE_11.0.0_2516\workspace\lpc_board_nxp_lpcxpresso_1549\inc/board.h:105,
                 from ../src/main.cpp:16:
../src/main.cpp: In function 'void OracleTask(void*)':
../src/main.cpp:113:54: warning: format '%s' expects a matching 'char*' argument [-Wformat=]
    if(xSemaphoreTake(mutx, portMAX_DELAY)) {DEBUGOUT("\r\n%s%s\r\n", oracle.c_str()), hm.c_str(); xSemaphoreGive(mutx);}
                                                      ^~~~~~~~~~~~~~
C:\Users\vovan\Documents\MCUXpressoIDE_11.0.0_2516\workspace\lpc_board_nxp_lpcxpresso_1549\inc/board_api.h:176:30: note: in definition of macro 'DEBUGOUT'
 #define DEBUGOUT(...) printf(__VA_ARGS__)
                              ^~~~~~~~~~~
Finished building: ../src/main.cpp
 
Building target: Lab2.3.axf
Invoking: MCU C++ Linker
arm-none-eabi-c++ -nostdlib -L"C:\Users\vovan\Documents\MCUXpressoIDE_11.0.0_2516\workspace\lpc_board_nxp_lpcxpresso_1549\Debug" -L"C:\Users\vovan\Documents\MCUXpressoIDE_11.0.0_2516\workspace\lpc_chip_15xx\Debug" -L"C:\Users\vovan\Documents\MCUXpressoIDE_11.0.0_2516\workspace\FreeRTOS\Debug" -Xlinker -Map="Lab2.3.map" -Xlinker --cref -Xlinker --gc-sections -Xlinker -print-memory-usage -mcpu=cortex-m3 -mthumb -T "Lab2_3_Debug.ld" -o "Lab2.3.axf"  ./src/cr_cpp_config.o ./src/cr_startup_lpc15xx.o ./src/crp.o ./src/main.o ./src/sysinit.o   -llpc_board_nxp_lpcxpresso_1549 -llpc_chip_15xx -lFreeRTOS
Memory region         Used Size  Region Size  %age Used
       MFlash256:       50388 B       256 KB     19.22%
         Ram0_16:        2992 B        16 KB     18.26%
         Ram1_16:          0 GB        16 KB      0.00%
          Ram2_4:          0 GB         4 KB      0.00%
Finished building target: Lab2.3.axf
 
C:/nxp/MCUXpressoIDE_11.0.0_2516/ide/plugins/com.nxp.mcuxpresso.tools.win32_11.0.0.201905131304/buildtools/bin/make --no-print-directory post-build
Performing post-build steps
arm-none-eabi-size "Lab2.3.axf"; # arm-none-eabi-objcopy -v -O binary "Lab2.3.axf" "Lab2.3.bin" ; # checksum -p LPC1549 -d "Lab2.3.bin";
   text	   data	    bss	    dec	    hex	filename
  47904	   2484	    508	  50896	   c6d0	Lab2.3.axf
 
12:33:51 **** Incremental Build of configuration Debug for project Lab2.3 ****
make -r -j4 all 
make: Nothing to be done for 'all'.
12:34:36 **** Incremental Build of configuration Debug for project lpc_board_nxp_lpcxpresso_1549 ****
make -r all 
make: Nothing to be done for 'all'.
12:34:36 **** Incremental Build of configuration Debug for project lpc_chip_15xx ****
make -r all 
make: Nothing to be done for 'all'.
12:34:36 **** Incremental Build of configuration Debug for project FreeRTOS ****
make -r all 
make: Nothing to be done for 'all'.
12:34:37 **** Incremental Build of configuration Debug for project Lab2.3 ****
make -r -j4 all 
Building file: ../src/main.cpp
Invoking: MCU C++ Compiler
arm-none-eabi-c++ -DDEBUG -D__CODE_RED -D__NEWLIB__ -DCORE_M3 -D__USE_LPCOPEN -DCPP_USE_HEAP -D__LPC15XX__ -I"C:\Users\vovan\Documents\MCUXpressoIDE_11.0.0_2516\workspace\lpc_board_nxp_lpcxpresso_1549\inc" -I"C:\Users\vovan\Documents\MCUXpressoIDE_11.0.0_2516\workspace\lpc_chip_15xx\inc" -I"C:\Users\vovan\Documents\MCUXpressoIDE_11.0.0_2516\workspace\FreeRTOS\inc" -I"C:\Users\vovan\Documents\MCUXpressoIDE_11.0.0_2516\workspace\FreeRTOS\src\include" -I"C:\Users\vovan\Documents\MCUXpressoIDE_11.0.0_2516\workspace\FreeRTOS\src\portable\GCC\ARM_CM3" -O0 -fno-common -g3 -Wall -c -fmessage-length=0 -fno-builtin -ffunction-sections -fdata-sections -fno-rtti -fno-exceptions -mcpu=cortex-m3 -mthumb -fstack-usage -MMD -MP -MF"src/main.d" -MT"src/main.o" -MT"src/main.d" -o "src/main.o" "../src/main.cpp"
In file included from C:\Users\vovan\Documents\MCUXpressoIDE_11.0.0_2516\workspace\lpc_board_nxp_lpcxpresso_1549\inc/board.h:105,
                 from ../src/main.cpp:16:
../src/main.cpp: In function 'void OracleTask(void*)':
../src/main.cpp:111:54: warning: format '%s' expects a matching 'char*' argument [-Wformat=]
    if(xSemaphoreTake(mutx, portMAX_DELAY)) {DEBUGOUT("\r\n%s%s\r\n", oracle.c_str()), hm.c_str(); xSemaphoreGive(mutx);}
                                                      ^~~~~~~~~~~~~~
C:\Users\vovan\Documents\MCUXpressoIDE_11.0.0_2516\workspace\lpc_board_nxp_lpcxpresso_1549\inc/board_api.h:176:30: note: in definition of macro 'DEBUGOUT'
 #define DEBUGOUT(...) printf(__VA_ARGS__)
                              ^~~~~~~~~~~
Finished building: ../src/main.cpp
 
Building target: Lab2.3.axf
Invoking: MCU C++ Linker
arm-none-eabi-c++ -nostdlib -L"C:\Users\vovan\Documents\MCUXpressoIDE_11.0.0_2516\workspace\lpc_board_nxp_lpcxpresso_1549\Debug" -L"C:\Users\vovan\Documents\MCUXpressoIDE_11.0.0_2516\workspace\lpc_chip_15xx\Debug" -L"C:\Users\vovan\Documents\MCUXpressoIDE_11.0.0_2516\workspace\FreeRTOS\Debug" -Xlinker -Map="Lab2.3.map" -Xlinker --cref -Xlinker --gc-sections -Xlinker -print-memory-usage -mcpu=cortex-m3 -mthumb -T "Lab2_3_Debug.ld" -o "Lab2.3.axf"  ./src/cr_cpp_config.o ./src/cr_startup_lpc15xx.o ./src/crp.o ./src/main.o ./src/sysinit.o   -llpc_board_nxp_lpcxpresso_1549 -llpc_chip_15xx -lFreeRTOS
Memory region         Used Size  Region Size  %age Used
       MFlash256:       50388 B       256 KB     19.22%
         Ram0_16:        2992 B        16 KB     18.26%
         Ram1_16:          0 GB        16 KB      0.00%
          Ram2_4:          0 GB         4 KB      0.00%
Finished building target: Lab2.3.axf
 
C:/nxp/MCUXpressoIDE_11.0.0_2516/ide/plugins/com.nxp.mcuxpresso.tools.win32_11.0.0.201905131304/buildtools/bin/make --no-print-directory post-build
Performing post-build steps
arm-none-eabi-size "Lab2.3.axf"; # arm-none-eabi-objcopy -v -O binary "Lab2.3.axf" "Lab2.3.bin" ; # checksum -p LPC1549 -d "Lab2.3.bin";
   text	   data	    bss	    dec	    hex	filename
  47904	   2484	    508	  50896	   c6d0	Lab2.3.axf
 
12:34:39 **** Incremental Build of configuration Debug for project Lab2.3 ****
make -r -j4 all 
make: Nothing to be done for 'all'.
