22:21:54 **** Incremental Build of configuration Debug for project lpc_board_nxp_lpcxpresso_1549 ****
make -r all 
make: Nothing to be done for 'all'.
22:21:54 **** Incremental Build of configuration Debug for project lpc_chip_15xx ****
make -r all 
make: Nothing to be done for 'all'.
22:21:54 **** Incremental Build of configuration Debug for project FreeRTOS ****
make -r all 
make: Nothing to be done for 'all'.
22:21:55 **** Incremental Build of configuration Debug for project Lab4.3 ****
make -r -j4 all 
make: Nothing to be done for 'all'.
22:22:01 **** Incremental Build of configuration Debug for project lpc_board_nxp_lpcxpresso_1549 ****
make -r all 
make: Nothing to be done for 'all'.
22:22:01 **** Incremental Build of configuration Debug for project lpc_chip_15xx ****
make -r all 
make: Nothing to be done for 'all'.
22:22:01 **** Incremental Build of configuration Debug for project FreeRTOS ****
make -r all 
make: Nothing to be done for 'all'.
22:22:01 **** Incremental Build of configuration Debug for project Lab4.3 ****
make -r -j4 all 
make: Nothing to be done for 'all'.
22:22:02 **** Incremental Build of configuration Debug for project Lab4.3 ****
make -r -j4 all 
make: Nothing to be done for 'all'.
22:23:42 **** Incremental Build of configuration Debug for project lpc_board_nxp_lpcxpresso_1549 ****
make -r all 
make: Nothing to be done for 'all'.
22:23:42 **** Incremental Build of configuration Debug for project lpc_chip_15xx ****
make -r all 
make: Nothing to be done for 'all'.
22:23:42 **** Incremental Build of configuration Debug for project FreeRTOS ****
make -r all 
make: Nothing to be done for 'all'.
22:23:42 **** Incremental Build of configuration Debug for project Lab8.1 ****
make -r -j4 all 
make: Nothing to be done for 'all'.
22:23:50 **** Incremental Build of configuration Debug for project lpc_board_nxp_lpcxpresso_1549 ****
make -r all 
make: Nothing to be done for 'all'.
22:23:50 **** Incremental Build of configuration Debug for project lpc_chip_15xx ****
make -r all 
make: Nothing to be done for 'all'.
22:23:50 **** Incremental Build of configuration Debug for project FreeRTOS ****
make -r all 
make: Nothing to be done for 'all'.
22:23:51 **** Incremental Build of configuration Debug for project Lab8.1 ****
make -r -j4 all 
make: Nothing to be done for 'all'.
22:23:52 **** Incremental Build of configuration Debug for project Lab8.1 ****
make -r -j4 all 
make: Nothing to be done for 'all'.
22:25:12 **** Incremental Build of configuration Debug for project lpc_board_nxp_lpcxpresso_1549 ****
make -r all 
make: Nothing to be done for 'all'.
22:25:12 **** Incremental Build of configuration Debug for project lpc_chip_15xx ****
make -r all 
make: Nothing to be done for 'all'.
22:25:12 **** Incremental Build of configuration Debug for project FreeRTOS ****
make -r all 
make: Nothing to be done for 'all'.
22:25:13 **** Incremental Build of configuration Debug for project Lab8.1 ****
make -r -j4 all 
Building file: ../src/Lab8.1.cpp
Invoking: MCU C++ Compiler
arm-none-eabi-c++ -DDEBUG -D__CODE_RED -D__NEWLIB__ -DCORE_M3 -D__USE_LPCOPEN -DCPP_USE_HEAP -D__LPC15XX__ -I"C:\Users\vovan\Documents\MCUXpressoIDE_11.0.0_2516\workspace\lpc_board_nxp_lpcxpresso_1549\inc" -I"C:\Users\vovan\Documents\MCUXpressoIDE_11.0.0_2516\workspace\lpc_chip_15xx\inc" -I"C:\Users\vovan\Documents\MCUXpressoIDE_11.0.0_2516\workspace\FreeRTOS\inc" -I"C:\Users\vovan\Documents\MCUXpressoIDE_11.0.0_2516\workspace\FreeRTOS\src\include" -I"C:\Users\vovan\Documents\MCUXpressoIDE_11.0.0_2516\workspace\FreeRTOS\src\portable\GCC\ARM_CM3" -O0 -fno-common -g3 -Wall -c -fmessage-length=0 -fno-builtin -ffunction-sections -fdata-sections -fno-rtti -fno-exceptions -mcpu=cortex-m3 -mthumb -fstack-usage -MMD -MP -MF"src/Lab8.1.d" -MT"src/Lab8.1.o" -MT"src/Lab8.1.d" -o "src/Lab8.1.o" "../src/Lab8.1.cpp"
../src/Lab8.1.cpp:120:13: warning: 'void Receive_Task(void*)' defined but not used [-Wunused-function]
 static void Receive_Task(void *pvParameters)
             ^~~~~~~~~~~~
Finished building: ../src/Lab8.1.cpp
 
Building target: Lab8.1.axf
Invoking: MCU C++ Linker
arm-none-eabi-c++ -nostdlib -L"C:\Users\vovan\Documents\MCUXpressoIDE_11.0.0_2516\workspace\lpc_board_nxp_lpcxpresso_1549\Debug" -L"C:\Users\vovan\Documents\MCUXpressoIDE_11.0.0_2516\workspace\lpc_chip_15xx\Debug" -L"C:\Users\vovan\Documents\MCUXpressoIDE_11.0.0_2516\workspace\FreeRTOS\Debug" -Xlinker -Map="Lab8.1.map" -Xlinker --cref -Xlinker --gc-sections -Xlinker -print-memory-usage -mcpu=cortex-m3 -mthumb -T "Lab8_1_Debug.ld" -o "Lab8.1.axf"  ./src/DigitalIoPin.o ./src/ITM_write.o ./src/Lab8.1.o ./src/cr_cpp_config.o ./src/cr_startup_lpc15xx.o ./src/crp.o ./src/sysinit.o   -llpc_board_nxp_lpcxpresso_1549 -llpc_chip_15xx -lFreeRTOS
Memory region         Used Size  Region Size  %age Used
       MFlash256:       15408 B       256 KB      5.88%
         Ram0_16:        2572 B        16 KB     15.70%
         Ram1_16:          0 GB        16 KB      0.00%
          Ram2_4:          0 GB         4 KB      0.00%
Finished building target: Lab8.1.axf
 
C:/nxp/MCUXpressoIDE_11.0.0_2516/ide/plugins/com.nxp.mcuxpresso.tools.win32_11.0.0.201905131304/buildtools/bin/make --no-print-directory post-build
Performing post-build steps
arm-none-eabi-size "Lab8.1.axf"; # arm-none-eabi-objcopy -v -O binary "Lab8.1.axf" "Lab8.1.bin" ; # checksum -p LPC1549 -d "Lab8.1.bin";
   text	   data	    bss	    dec	    hex	filename
  13296	   2112	    460	  15868	   3dfc	Lab8.1.axf
 
22:25:14 **** Incremental Build of configuration Debug for project Lab8.1 ****
make -r -j4 all 
make: Nothing to be done for 'all'.
22:26:19 **** Incremental Build of configuration Debug for project lpc_board_nxp_lpcxpresso_1549 ****
make -r all 
make: Nothing to be done for 'all'.
22:26:19 **** Incremental Build of configuration Debug for project lpc_chip_15xx ****
make -r all 
make: Nothing to be done for 'all'.
22:26:19 **** Incremental Build of configuration Debug for project FreeRTOS ****
make -r all 
make: Nothing to be done for 'all'.
22:26:20 **** Incremental Build of configuration Debug for project Lab8.1 ****
make -r -j4 all 
Building file: ../src/Lab8.1.cpp
Invoking: MCU C++ Compiler
arm-none-eabi-c++ -DDEBUG -D__CODE_RED -D__NEWLIB__ -DCORE_M3 -D__USE_LPCOPEN -DCPP_USE_HEAP -D__LPC15XX__ -I"C:\Users\vovan\Documents\MCUXpressoIDE_11.0.0_2516\workspace\lpc_board_nxp_lpcxpresso_1549\inc" -I"C:\Users\vovan\Documents\MCUXpressoIDE_11.0.0_2516\workspace\lpc_chip_15xx\inc" -I"C:\Users\vovan\Documents\MCUXpressoIDE_11.0.0_2516\workspace\FreeRTOS\inc" -I"C:\Users\vovan\Documents\MCUXpressoIDE_11.0.0_2516\workspace\FreeRTOS\src\include" -I"C:\Users\vovan\Documents\MCUXpressoIDE_11.0.0_2516\workspace\FreeRTOS\src\portable\GCC\ARM_CM3" -O0 -fno-common -g3 -Wall -c -fmessage-length=0 -fno-builtin -ffunction-sections -fdata-sections -fno-rtti -fno-exceptions -mcpu=cortex-m3 -mthumb -fstack-usage -MMD -MP -MF"src/Lab8.1.d" -MT"src/Lab8.1.o" -MT"src/Lab8.1.d" -o "src/Lab8.1.o" "../src/Lab8.1.cpp"
../src/Lab8.1.cpp:120:13: warning: 'void Receive_Task(void*)' defined but not used [-Wunused-function]
 static void Receive_Task(void *pvParameters)
             ^~~~~~~~~~~~
Finished building: ../src/Lab8.1.cpp
 
Building target: Lab8.1.axf
Invoking: MCU C++ Linker
arm-none-eabi-c++ -nostdlib -L"C:\Users\vovan\Documents\MCUXpressoIDE_11.0.0_2516\workspace\lpc_board_nxp_lpcxpresso_1549\Debug" -L"C:\Users\vovan\Documents\MCUXpressoIDE_11.0.0_2516\workspace\lpc_chip_15xx\Debug" -L"C:\Users\vovan\Documents\MCUXpressoIDE_11.0.0_2516\workspace\FreeRTOS\Debug" -Xlinker -Map="Lab8.1.map" -Xlinker --cref -Xlinker --gc-sections -Xlinker -print-memory-usage -mcpu=cortex-m3 -mthumb -T "Lab8_1_Debug.ld" -o "Lab8.1.axf"  ./src/DigitalIoPin.o ./src/ITM_write.o ./src/Lab8.1.o ./src/cr_cpp_config.o ./src/cr_startup_lpc15xx.o ./src/crp.o ./src/sysinit.o   -llpc_board_nxp_lpcxpresso_1549 -llpc_chip_15xx -lFreeRTOS
Memory region         Used Size  Region Size  %age Used
       MFlash256:       15408 B       256 KB      5.88%
         Ram0_16:        2572 B        16 KB     15.70%
         Ram1_16:          0 GB        16 KB      0.00%
          Ram2_4:          0 GB         4 KB      0.00%
Finished building target: Lab8.1.axf
 
C:/nxp/MCUXpressoIDE_11.0.0_2516/ide/plugins/com.nxp.mcuxpresso.tools.win32_11.0.0.201905131304/buildtools/bin/make --no-print-directory post-build
Performing post-build steps
arm-none-eabi-size "Lab8.1.axf"; # arm-none-eabi-objcopy -v -O binary "Lab8.1.axf" "Lab8.1.bin" ; # checksum -p LPC1549 -d "Lab8.1.bin";
   text	   data	    bss	    dec	    hex	filename
  13296	   2112	    460	  15868	   3dfc	Lab8.1.axf
 
22:26:28 **** Incremental Build of configuration Debug for project lpc_board_nxp_lpcxpresso_1549 ****
make -r all 
make: Nothing to be done for 'all'.
22:26:28 **** Incremental Build of configuration Debug for project lpc_chip_15xx ****
make -r all 
make: Nothing to be done for 'all'.
22:26:29 **** Incremental Build of configuration Debug for project FreeRTOS ****
make -r all 
make: Nothing to be done for 'all'.
22:26:29 **** Incremental Build of configuration Debug for project Lab8.1 ****
make -r -j4 all 
make: Nothing to be done for 'all'.
22:26:30 **** Incremental Build of configuration Debug for project Lab8.1 ****
make -r -j4 all 
make: Nothing to be done for 'all'.
22:26:50 **** Incremental Build of configuration Debug for project lpc_board_nxp_lpcxpresso_1549 ****
make -r all 
make: Nothing to be done for 'all'.
22:26:50 **** Incremental Build of configuration Debug for project lpc_chip_15xx ****
make -r all 
make: Nothing to be done for 'all'.
22:26:50 **** Incremental Build of configuration Debug for project FreeRTOS ****
make -r all 
make: Nothing to be done for 'all'.
22:26:51 **** Incremental Build of configuration Debug for project Lab8.1 ****
make -r -j4 all 
make: Nothing to be done for 'all'.
22:26:57 **** Incremental Build of configuration Debug for project lpc_board_nxp_lpcxpresso_1549 ****
make -r all 
make: Nothing to be done for 'all'.
22:26:57 **** Incremental Build of configuration Debug for project lpc_chip_15xx ****
make -r all 
make: Nothing to be done for 'all'.
22:26:57 **** Incremental Build of configuration Debug for project FreeRTOS ****
make -r all 
make: Nothing to be done for 'all'.
22:26:57 **** Incremental Build of configuration Debug for project Lab8.1 ****
make -r -j4 all 
make: Nothing to be done for 'all'.
22:26:58 **** Incremental Build of configuration Debug for project Lab8.1 ****
make -r -j4 all 
make: Nothing to be done for 'all'.
22:27:11 **** Incremental Build of configuration Debug for project lpc_board_nxp_lpcxpresso_1549 ****
make -r all 
make: Nothing to be done for 'all'.
22:27:11 **** Incremental Build of configuration Debug for project lpc_chip_15xx ****
make -r all 
make: Nothing to be done for 'all'.
22:27:11 **** Incremental Build of configuration Debug for project FreeRTOS ****
make -r all 
make: Nothing to be done for 'all'.
22:27:12 **** Incremental Build of configuration Debug for project Lab8.1 ****
make -r -j4 all 
make: Nothing to be done for 'all'.
22:27:21 **** Incremental Build of configuration Debug for project lpc_board_nxp_lpcxpresso_1549 ****
make -r all 
make: Nothing to be done for 'all'.
22:27:21 **** Incremental Build of configuration Debug for project lpc_chip_15xx ****
make -r all 
make: Nothing to be done for 'all'.
22:27:21 **** Incremental Build of configuration Debug for project FreeRTOS ****
make -r all 
make: Nothing to be done for 'all'.
22:27:21 **** Incremental Build of configuration Debug for project Lab8.1 ****
make -r -j4 all 
make: Nothing to be done for 'all'.
22:27:22 **** Incremental Build of configuration Debug for project Lab8.1 ****
make -r -j4 all 
make: Nothing to be done for 'all'.
22:27:45 **** Incremental Build of configuration Debug for project lpc_board_nxp_lpcxpresso_1549 ****
make -r all 
make: Nothing to be done for 'all'.
22:27:45 **** Incremental Build of configuration Debug for project lpc_chip_15xx ****
make -r all 
make: Nothing to be done for 'all'.
22:27:46 **** Incremental Build of configuration Debug for project FreeRTOS ****
make -r all 
make: Nothing to be done for 'all'.
22:27:46 **** Incremental Build of configuration Debug for project Lab8.1 ****
make -r -j4 all 
make: Nothing to be done for 'all'.
22:27:51 **** Incremental Build of configuration Debug for project lpc_board_nxp_lpcxpresso_1549 ****
make -r all 
make: Nothing to be done for 'all'.
22:27:51 **** Incremental Build of configuration Debug for project lpc_chip_15xx ****
make -r all 
make: Nothing to be done for 'all'.
22:27:52 **** Incremental Build of configuration Debug for project FreeRTOS ****
make -r all 
make: Nothing to be done for 'all'.
22:27:52 **** Incremental Build of configuration Debug for project Lab8.1 ****
make -r -j4 all 
make: Nothing to be done for 'all'.
22:27:52 **** Incremental Build of configuration Debug for project Lab8.1 ****
make -r -j4 all 
make: Nothing to be done for 'all'.
22:30:30 **** Incremental Build of configuration Debug for project lpc_board_nxp_lpcxpresso_1549 ****
make -r all 
make: Nothing to be done for 'all'.
22:30:30 **** Incremental Build of configuration Debug for project lpc_chip_15xx ****
make -r all 
make: Nothing to be done for 'all'.
22:30:31 **** Incremental Build of configuration Debug for project FreeRTOS ****
make -r all 
make: Nothing to be done for 'all'.
22:30:31 **** Incremental Build of configuration Debug for project Lab8.1 ****
make -r -j4 all 
Building file: ../src/Lab8.1.cpp
Invoking: MCU C++ Compiler
arm-none-eabi-c++ -DDEBUG -D__CODE_RED -D__NEWLIB__ -DCORE_M3 -D__USE_LPCOPEN -DCPP_USE_HEAP -D__LPC15XX__ -I"C:\Users\vovan\Documents\MCUXpressoIDE_11.0.0_2516\workspace\lpc_board_nxp_lpcxpresso_1549\inc" -I"C:\Users\vovan\Documents\MCUXpressoIDE_11.0.0_2516\workspace\lpc_chip_15xx\inc" -I"C:\Users\vovan\Documents\MCUXpressoIDE_11.0.0_2516\workspace\FreeRTOS\inc" -I"C:\Users\vovan\Documents\MCUXpressoIDE_11.0.0_2516\workspace\FreeRTOS\src\include" -I"C:\Users\vovan\Documents\MCUXpressoIDE_11.0.0_2516\workspace\FreeRTOS\src\portable\GCC\ARM_CM3" -O0 -fno-common -g3 -Wall -c -fmessage-length=0 -fno-builtin -ffunction-sections -fdata-sections -fno-rtti -fno-exceptions -mcpu=cortex-m3 -mthumb -fstack-usage -MMD -MP -MF"src/Lab8.1.d" -MT"src/Lab8.1.o" -MT"src/Lab8.1.d" -o "src/Lab8.1.o" "../src/Lab8.1.cpp"
../src/Lab8.1.cpp: In function 'void Button_Task(void*)':
../src/Lab8.1.cpp:111:52: error: expected primary-expression before ')' token
   if(Chip_PININT_GetIntStatus(LPC_GPIO_PIN_INT) == )
                                                    ^
../src/Lab8.1.cpp: At global scope:
../src/Lab8.1.cpp:120:13: warning: 'void Receive_Task(void*)' defined but not used [-Wunused-function]
 static void Receive_Task(void *pvParameters)
             ^~~~~~~~~~~~
make: *** [src/subdir.mk:42: src/Lab8.1.o] Error 1
"make -r -j4 all" terminated with exit code 2. Build might be incomplete.
22:30:38 **** Incremental Build of configuration Debug for project lpc_board_nxp_lpcxpresso_1549 ****
make -r all 
make: Nothing to be done for 'all'.
22:30:38 **** Incremental Build of configuration Debug for project lpc_chip_15xx ****
make -r all 
make: Nothing to be done for 'all'.
22:30:38 **** Incremental Build of configuration Debug for project FreeRTOS ****
make -r all 
make: Nothing to be done for 'all'.
22:30:39 **** Incremental Build of configuration Debug for project Lab8.1 ****
make -r -j4 all 
Building file: ../src/Lab8.1.cpp
Invoking: MCU C++ Compiler
arm-none-eabi-c++ -DDEBUG -D__CODE_RED -D__NEWLIB__ -DCORE_M3 -D__USE_LPCOPEN -DCPP_USE_HEAP -D__LPC15XX__ -I"C:\Users\vovan\Documents\MCUXpressoIDE_11.0.0_2516\workspace\lpc_board_nxp_lpcxpresso_1549\inc" -I"C:\Users\vovan\Documents\MCUXpressoIDE_11.0.0_2516\workspace\lpc_chip_15xx\inc" -I"C:\Users\vovan\Documents\MCUXpressoIDE_11.0.0_2516\workspace\FreeRTOS\inc" -I"C:\Users\vovan\Documents\MCUXpressoIDE_11.0.0_2516\workspace\FreeRTOS\src\include" -I"C:\Users\vovan\Documents\MCUXpressoIDE_11.0.0_2516\workspace\FreeRTOS\src\portable\GCC\ARM_CM3" -O0 -fno-common -g3 -Wall -c -fmessage-length=0 -fno-builtin -ffunction-sections -fdata-sections -fno-rtti -fno-exceptions -mcpu=cortex-m3 -mthumb -fstack-usage -MMD -MP -MF"src/Lab8.1.d" -MT"src/Lab8.1.o" -MT"src/Lab8.1.d" -o "src/Lab8.1.o" "../src/Lab8.1.cpp"
../src/Lab8.1.cpp: In function 'void Button_Task(void*)':
../src/Lab8.1.cpp:111:52: error: expected primary-expression before ')' token
   if(Chip_PININT_GetIntStatus(LPC_GPIO_PIN_INT) == )
                                                    ^
../src/Lab8.1.cpp: At global scope:
../src/Lab8.1.cpp:120:13: warning: 'void Receive_Task(void*)' defined but not used [-Wunused-function]
 static void Receive_Task(void *pvParameters)
             ^~~~~~~~~~~~
make: *** [src/subdir.mk:42: src/Lab8.1.o] Error 1
"make -r -j4 all" terminated with exit code 2. Build might be incomplete.
22:30:40 **** Incremental Build of configuration Debug for project Lab8.1 ****
make -r -j4 all 
Building file: ../src/Lab8.1.cpp
Invoking: MCU C++ Compiler
arm-none-eabi-c++ -DDEBUG -D__CODE_RED -D__NEWLIB__ -DCORE_M3 -D__USE_LPCOPEN -DCPP_USE_HEAP -D__LPC15XX__ -I"C:\Users\vovan\Documents\MCUXpressoIDE_11.0.0_2516\workspace\lpc_board_nxp_lpcxpresso_1549\inc" -I"C:\Users\vovan\Documents\MCUXpressoIDE_11.0.0_2516\workspace\lpc_chip_15xx\inc" -I"C:\Users\vovan\Documents\MCUXpressoIDE_11.0.0_2516\workspace\FreeRTOS\inc" -I"C:\Users\vovan\Documents\MCUXpressoIDE_11.0.0_2516\workspace\FreeRTOS\src\include" -I"C:\Users\vovan\Documents\MCUXpressoIDE_11.0.0_2516\workspace\FreeRTOS\src\portable\GCC\ARM_CM3" -O0 -fno-common -g3 -Wall -c -fmessage-length=0 -fno-builtin -ffunction-sections -fdata-sections -fno-rtti -fno-exceptions -mcpu=cortex-m3 -mthumb -fstack-usage -MMD -MP -MF"src/Lab8.1.d" -MT"src/Lab8.1.o" -MT"src/Lab8.1.d" -o "src/Lab8.1.o" "../src/Lab8.1.cpp"
../src/Lab8.1.cpp: In function 'void Button_Task(void*)':
../src/Lab8.1.cpp:111:52: error: expected primary-expression before ')' token
   if(Chip_PININT_GetIntStatus(LPC_GPIO_PIN_INT) == )
                                                    ^
../src/Lab8.1.cpp: At global scope:
../src/Lab8.1.cpp:120:13: warning: 'void Receive_Task(void*)' defined but not used [-Wunused-function]
 static void Receive_Task(void *pvParameters)
             ^~~~~~~~~~~~
make: *** [src/subdir.mk:42: src/Lab8.1.o] Error 1
"make -r -j4 all" terminated with exit code 2. Build might be incomplete.
22:30:45 **** Incremental Build of configuration Debug for project lpc_board_nxp_lpcxpresso_1549 ****
make -r all 
make: Nothing to be done for 'all'.
22:30:45 **** Incremental Build of configuration Debug for project lpc_chip_15xx ****
make -r all 
make: Nothing to be done for 'all'.
22:30:45 **** Incremental Build of configuration Debug for project FreeRTOS ****
make -r all 
make: Nothing to be done for 'all'.
22:30:46 **** Incremental Build of configuration Debug for project Lab8.1 ****
make -r -j4 all 
Building file: ../src/Lab8.1.cpp
Invoking: MCU C++ Compiler
arm-none-eabi-c++ -DDEBUG -D__CODE_RED -D__NEWLIB__ -DCORE_M3 -D__USE_LPCOPEN -DCPP_USE_HEAP -D__LPC15XX__ -I"C:\Users\vovan\Documents\MCUXpressoIDE_11.0.0_2516\workspace\lpc_board_nxp_lpcxpresso_1549\inc" -I"C:\Users\vovan\Documents\MCUXpressoIDE_11.0.0_2516\workspace\lpc_chip_15xx\inc" -I"C:\Users\vovan\Documents\MCUXpressoIDE_11.0.0_2516\workspace\FreeRTOS\inc" -I"C:\Users\vovan\Documents\MCUXpressoIDE_11.0.0_2516\workspace\FreeRTOS\src\include" -I"C:\Users\vovan\Documents\MCUXpressoIDE_11.0.0_2516\workspace\FreeRTOS\src\portable\GCC\ARM_CM3" -O0 -fno-common -g3 -Wall -c -fmessage-length=0 -fno-builtin -ffunction-sections -fdata-sections -fno-rtti -fno-exceptions -mcpu=cortex-m3 -mthumb -fstack-usage -MMD -MP -MF"src/Lab8.1.d" -MT"src/Lab8.1.o" -MT"src/Lab8.1.d" -o "src/Lab8.1.o" "../src/Lab8.1.cpp"
../src/Lab8.1.cpp:120:13: warning: 'void Receive_Task(void*)' defined but not used [-Wunused-function]
 static void Receive_Task(void *pvParameters)
             ^~~~~~~~~~~~
Finished building: ../src/Lab8.1.cpp
 
Building target: Lab8.1.axf
Invoking: MCU C++ Linker
arm-none-eabi-c++ -nostdlib -L"C:\Users\vovan\Documents\MCUXpressoIDE_11.0.0_2516\workspace\lpc_board_nxp_lpcxpresso_1549\Debug" -L"C:\Users\vovan\Documents\MCUXpressoIDE_11.0.0_2516\workspace\lpc_chip_15xx\Debug" -L"C:\Users\vovan\Documents\MCUXpressoIDE_11.0.0_2516\workspace\FreeRTOS\Debug" -Xlinker -Map="Lab8.1.map" -Xlinker --cref -Xlinker --gc-sections -Xlinker -print-memory-usage -mcpu=cortex-m3 -mthumb -T "Lab8_1_Debug.ld" -o "Lab8.1.axf"  ./src/DigitalIoPin.o ./src/ITM_write.o ./src/Lab8.1.o ./src/cr_cpp_config.o ./src/cr_startup_lpc15xx.o ./src/crp.o ./src/sysinit.o   -llpc_board_nxp_lpcxpresso_1549 -llpc_chip_15xx -lFreeRTOS
Memory region         Used Size  Region Size  %age Used
       MFlash256:       15408 B       256 KB      5.88%
         Ram0_16:        2572 B        16 KB     15.70%
         Ram1_16:          0 GB        16 KB      0.00%
          Ram2_4:          0 GB         4 KB      0.00%
Finished building target: Lab8.1.axf
 
C:/nxp/MCUXpressoIDE_11.0.0_2516/ide/plugins/com.nxp.mcuxpresso.tools.win32_11.0.0.201905131304/buildtools/bin/make --no-print-directory post-build
Performing post-build steps
arm-none-eabi-size "Lab8.1.axf"; # arm-none-eabi-objcopy -v -O binary "Lab8.1.axf" "Lab8.1.bin" ; # checksum -p LPC1549 -d "Lab8.1.bin";
   text	   data	    bss	    dec	    hex	filename
  13296	   2112	    460	  15868	   3dfc	Lab8.1.axf
 
22:30:51 **** Incremental Build of configuration Debug for project lpc_board_nxp_lpcxpresso_1549 ****
make -r all 
make: Nothing to be done for 'all'.
22:30:51 **** Incremental Build of configuration Debug for project lpc_chip_15xx ****
make -r all 
make: Nothing to be done for 'all'.
22:30:52 **** Incremental Build of configuration Debug for project FreeRTOS ****
make -r all 
make: Nothing to be done for 'all'.
22:30:52 **** Incremental Build of configuration Debug for project Lab8.1 ****
make -r -j4 all 
make: Nothing to be done for 'all'.
22:30:53 **** Incremental Build of configuration Debug for project Lab8.1 ****
make -r -j4 all 
make: Nothing to be done for 'all'.
22:31:25 **** Incremental Build of configuration Debug for project lpc_board_nxp_lpcxpresso_1549 ****
make -r all 
make: Nothing to be done for 'all'.
22:31:26 **** Incremental Build of configuration Debug for project lpc_chip_15xx ****
make -r all 
make: Nothing to be done for 'all'.
22:31:26 **** Incremental Build of configuration Debug for project FreeRTOS ****
make -r all 
make: Nothing to be done for 'all'.
22:31:26 **** Incremental Build of configuration Debug for project Lab8.1 ****
make -r -j4 all 
make: Nothing to be done for 'all'.
22:31:33 **** Incremental Build of configuration Debug for project lpc_board_nxp_lpcxpresso_1549 ****
make -r all 
make: Nothing to be done for 'all'.
22:31:33 **** Incremental Build of configuration Debug for project lpc_chip_15xx ****
make -r all 
make: Nothing to be done for 'all'.
22:31:33 **** Incremental Build of configuration Debug for project FreeRTOS ****
make -r all 
make: Nothing to be done for 'all'.
22:31:33 **** Incremental Build of configuration Debug for project Lab8.1 ****
make -r -j4 all 
make: Nothing to be done for 'all'.
22:31:34 **** Incremental Build of configuration Debug for project Lab8.1 ****
make -r -j4 all 
make: Nothing to be done for 'all'.
22:32:17 **** Incremental Build of configuration Debug for project lpc_board_nxp_lpcxpresso_1549 ****
make -r all 
make: Nothing to be done for 'all'.
22:32:17 **** Incremental Build of configuration Debug for project lpc_chip_15xx ****
make -r all 
make: Nothing to be done for 'all'.
22:32:17 **** Incremental Build of configuration Debug for project FreeRTOS ****
make -r all 
make: Nothing to be done for 'all'.
22:32:18 **** Incremental Build of configuration Debug for project Lab8.1 ****
make -r -j4 all 
make: Nothing to be done for 'all'.
22:32:27 **** Incremental Build of configuration Debug for project lpc_board_nxp_lpcxpresso_1549 ****
make -r all 
make: Nothing to be done for 'all'.
22:32:27 **** Incremental Build of configuration Debug for project lpc_chip_15xx ****
make -r all 
make: Nothing to be done for 'all'.
22:32:27 **** Incremental Build of configuration Debug for project FreeRTOS ****
make -r all 
make: Nothing to be done for 'all'.
22:32:28 **** Incremental Build of configuration Debug for project Lab8.1 ****
make -r -j4 all 
make: Nothing to be done for 'all'.
22:32:29 **** Incremental Build of configuration Debug for project Lab8.1 ****
make -r -j4 all 
make: Nothing to be done for 'all'.
22:35:08 **** Incremental Build of configuration Debug for project lpc_board_nxp_lpcxpresso_1549 ****
make -r all 
make: Nothing to be done for 'all'.
22:35:08 **** Incremental Build of configuration Debug for project lpc_chip_15xx ****
make -r all 
make: Nothing to be done for 'all'.
22:35:09 **** Incremental Build of configuration Debug for project FreeRTOS ****
make -r all 
make: Nothing to be done for 'all'.
22:35:09 **** Incremental Build of configuration Debug for project Lab8.1 ****
make -r -j4 all 
make: Nothing to be done for 'all'.
22:35:33 **** Incremental Build of configuration Debug for project lpc_board_nxp_lpcxpresso_1549 ****
make -r all 
make: Nothing to be done for 'all'.
22:35:33 **** Incremental Build of configuration Debug for project lpc_chip_15xx ****
make -r all 
make: Nothing to be done for 'all'.
22:35:33 **** Incremental Build of configuration Debug for project FreeRTOS ****
make -r all 
make: Nothing to be done for 'all'.
22:35:33 **** Incremental Build of configuration Debug for project Lab8.1 ****
make -r -j4 all 
make: Nothing to be done for 'all'.
22:35:40 **** Incremental Build of configuration Debug for project lpc_board_nxp_lpcxpresso_1549 ****
make -r all 
make: Nothing to be done for 'all'.
22:35:40 **** Incremental Build of configuration Debug for project lpc_chip_15xx ****
make -r all 
make: Nothing to be done for 'all'.
22:35:40 **** Incremental Build of configuration Debug for project FreeRTOS ****
make -r all 
make: Nothing to be done for 'all'.
22:35:40 **** Incremental Build of configuration Debug for project Lab8.1 ****
make -r -j4 all 
make: Nothing to be done for 'all'.
22:35:41 **** Incremental Build of configuration Debug for project Lab8.1 ****
make -r -j4 all 
make: Nothing to be done for 'all'.
22:37:01 **** Incremental Build of configuration Debug for project lpc_board_nxp_lpcxpresso_1549 ****
make -r all 
make: Nothing to be done for 'all'.
22:37:01 **** Incremental Build of configuration Debug for project lpc_chip_15xx ****
make -r all 
make: Nothing to be done for 'all'.
22:37:02 **** Incremental Build of configuration Debug for project FreeRTOS ****
make -r all 
make: Nothing to be done for 'all'.
22:37:02 **** Incremental Build of configuration Debug for project Lab8.1 ****
make -r -j4 all 
Building file: ../src/Lab8.1.cpp
Invoking: MCU C++ Compiler
arm-none-eabi-c++ -DDEBUG -D__CODE_RED -D__NEWLIB__ -DCORE_M3 -D__USE_LPCOPEN -DCPP_USE_HEAP -D__LPC15XX__ -I"C:\Users\vovan\Documents\MCUXpressoIDE_11.0.0_2516\workspace\lpc_board_nxp_lpcxpresso_1549\inc" -I"C:\Users\vovan\Documents\MCUXpressoIDE_11.0.0_2516\workspace\lpc_chip_15xx\inc" -I"C:\Users\vovan\Documents\MCUXpressoIDE_11.0.0_2516\workspace\FreeRTOS\inc" -I"C:\Users\vovan\Documents\MCUXpressoIDE_11.0.0_2516\workspace\FreeRTOS\src\include" -I"C:\Users\vovan\Documents\MCUXpressoIDE_11.0.0_2516\workspace\FreeRTOS\src\portable\GCC\ARM_CM3" -O0 -fno-common -g3 -Wall -c -fmessage-length=0 -fno-builtin -ffunction-sections -fdata-sections -fno-rtti -fno-exceptions -mcpu=cortex-m3 -mthumb -fstack-usage -MMD -MP -MF"src/Lab8.1.d" -MT"src/Lab8.1.o" -MT"src/Lab8.1.d" -o "src/Lab8.1.o" "../src/Lab8.1.cpp"
../src/Lab8.1.cpp:120:13: warning: 'void Receive_Task(void*)' defined but not used [-Wunused-function]
 static void Receive_Task(void *pvParameters)
             ^~~~~~~~~~~~
Finished building: ../src/Lab8.1.cpp
 
Building target: Lab8.1.axf
Invoking: MCU C++ Linker
arm-none-eabi-c++ -nostdlib -L"C:\Users\vovan\Documents\MCUXpressoIDE_11.0.0_2516\workspace\lpc_board_nxp_lpcxpresso_1549\Debug" -L"C:\Users\vovan\Documents\MCUXpressoIDE_11.0.0_2516\workspace\lpc_chip_15xx\Debug" -L"C:\Users\vovan\Documents\MCUXpressoIDE_11.0.0_2516\workspace\FreeRTOS\Debug" -Xlinker -Map="Lab8.1.map" -Xlinker --cref -Xlinker --gc-sections -Xlinker -print-memory-usage -mcpu=cortex-m3 -mthumb -T "Lab8_1_Debug.ld" -o "Lab8.1.axf"  ./src/DigitalIoPin.o ./src/ITM_write.o ./src/Lab8.1.o ./src/cr_cpp_config.o ./src/cr_startup_lpc15xx.o ./src/crp.o ./src/sysinit.o   -llpc_board_nxp_lpcxpresso_1549 -llpc_chip_15xx -lFreeRTOS
Memory region         Used Size  Region Size  %age Used
       MFlash256:       15328 B       256 KB      5.85%
         Ram0_16:        2572 B        16 KB     15.70%
         Ram1_16:          0 GB        16 KB      0.00%
          Ram2_4:          0 GB         4 KB      0.00%
Finished building target: Lab8.1.axf
 
C:/nxp/MCUXpressoIDE_11.0.0_2516/ide/plugins/com.nxp.mcuxpresso.tools.win32_11.0.0.201905131304/buildtools/bin/make --no-print-directory post-build
Performing post-build steps
arm-none-eabi-size "Lab8.1.axf"; # arm-none-eabi-objcopy -v -O binary "Lab8.1.axf" "Lab8.1.bin" ; # checksum -p LPC1549 -d "Lab8.1.bin";
   text	   data	    bss	    dec	    hex	filename
  13216	   2112	    460	  15788	   3dac	Lab8.1.axf
 
22:37:09 **** Incremental Build of configuration Debug for project lpc_board_nxp_lpcxpresso_1549 ****
make -r all 
make: Nothing to be done for 'all'.
22:37:10 **** Incremental Build of configuration Debug for project lpc_chip_15xx ****
make -r all 
make: Nothing to be done for 'all'.
22:37:10 **** Incremental Build of configuration Debug for project FreeRTOS ****
make -r all 
make: Nothing to be done for 'all'.
22:37:10 **** Incremental Build of configuration Debug for project Lab8.1 ****
make -r -j4 all 
make: Nothing to be done for 'all'.
22:37:11 **** Incremental Build of configuration Debug for project Lab8.1 ****
make -r -j4 all 
make: Nothing to be done for 'all'.
22:38:00 **** Incremental Build of configuration Debug for project lpc_board_nxp_lpcxpresso_1549 ****
make -r all 
make: Nothing to be done for 'all'.
22:38:01 **** Incremental Build of configuration Debug for project lpc_chip_15xx ****
make -r all 
make: Nothing to be done for 'all'.
22:38:01 **** Incremental Build of configuration Debug for project FreeRTOS ****
make -r all 
make: Nothing to be done for 'all'.
22:38:01 **** Incremental Build of configuration Debug for project Lab8.1 ****
make -r -j4 all 
Building file: ../src/Lab8.1.cpp
Invoking: MCU C++ Compiler
arm-none-eabi-c++ -DDEBUG -D__CODE_RED -D__NEWLIB__ -DCORE_M3 -D__USE_LPCOPEN -DCPP_USE_HEAP -D__LPC15XX__ -I"C:\Users\vovan\Documents\MCUXpressoIDE_11.0.0_2516\workspace\lpc_board_nxp_lpcxpresso_1549\inc" -I"C:\Users\vovan\Documents\MCUXpressoIDE_11.0.0_2516\workspace\lpc_chip_15xx\inc" -I"C:\Users\vovan\Documents\MCUXpressoIDE_11.0.0_2516\workspace\FreeRTOS\inc" -I"C:\Users\vovan\Documents\MCUXpressoIDE_11.0.0_2516\workspace\FreeRTOS\src\include" -I"C:\Users\vovan\Documents\MCUXpressoIDE_11.0.0_2516\workspace\FreeRTOS\src\portable\GCC\ARM_CM3" -O0 -fno-common -g3 -Wall -c -fmessage-length=0 -fno-builtin -ffunction-sections -fdata-sections -fno-rtti -fno-exceptions -mcpu=cortex-m3 -mthumb -fstack-usage -MMD -MP -MF"src/Lab8.1.d" -MT"src/Lab8.1.o" -MT"src/Lab8.1.d" -o "src/Lab8.1.o" "../src/Lab8.1.cpp"
../src/Lab8.1.cpp:120:13: warning: 'void Receive_Task(void*)' defined but not used [-Wunused-function]
 static void Receive_Task(void *pvParameters)
             ^~~~~~~~~~~~
Finished building: ../src/Lab8.1.cpp
 
Building target: Lab8.1.axf
Invoking: MCU C++ Linker
arm-none-eabi-c++ -nostdlib -L"C:\Users\vovan\Documents\MCUXpressoIDE_11.0.0_2516\workspace\lpc_board_nxp_lpcxpresso_1549\Debug" -L"C:\Users\vovan\Documents\MCUXpressoIDE_11.0.0_2516\workspace\lpc_chip_15xx\Debug" -L"C:\Users\vovan\Documents\MCUXpressoIDE_11.0.0_2516\workspace\FreeRTOS\Debug" -Xlinker -Map="Lab8.1.map" -Xlinker --cref -Xlinker --gc-sections -Xlinker -print-memory-usage -mcpu=cortex-m3 -mthumb -T "Lab8_1_Debug.ld" -o "Lab8.1.axf"  ./src/DigitalIoPin.o ./src/ITM_write.o ./src/Lab8.1.o ./src/cr_cpp_config.o ./src/cr_startup_lpc15xx.o ./src/crp.o ./src/sysinit.o   -llpc_board_nxp_lpcxpresso_1549 -llpc_chip_15xx -lFreeRTOS
Memory region         Used Size  Region Size  %age Used
       MFlash256:       15408 B       256 KB      5.88%
         Ram0_16:        2572 B        16 KB     15.70%
         Ram1_16:          0 GB        16 KB      0.00%
          Ram2_4:          0 GB         4 KB      0.00%
Finished building target: Lab8.1.axf
 
C:/nxp/MCUXpressoIDE_11.0.0_2516/ide/plugins/com.nxp.mcuxpresso.tools.win32_11.0.0.201905131304/buildtools/bin/make --no-print-directory post-build
Performing post-build steps
arm-none-eabi-size "Lab8.1.axf"; # arm-none-eabi-objcopy -v -O binary "Lab8.1.axf" "Lab8.1.bin" ; # checksum -p LPC1549 -d "Lab8.1.bin";
   text	   data	    bss	    dec	    hex	filename
  13296	   2112	    460	  15868	   3dfc	Lab8.1.axf
 
22:38:11 **** Incremental Build of configuration Debug for project lpc_board_nxp_lpcxpresso_1549 ****
make -r all 
make: Nothing to be done for 'all'.
22:38:11 **** Incremental Build of configuration Debug for project lpc_chip_15xx ****
make -r all 
make: Nothing to be done for 'all'.
22:38:11 **** Incremental Build of configuration Debug for project FreeRTOS ****
make -r all 
make: Nothing to be done for 'all'.
22:38:12 **** Incremental Build of configuration Debug for project Lab8.1 ****
make -r -j4 all 
make: Nothing to be done for 'all'.
22:38:13 **** Incremental Build of configuration Debug for project Lab8.1 ****
make -r -j4 all 
make: Nothing to be done for 'all'.
22:39:04 **** Incremental Build of configuration Debug for project lpc_board_nxp_lpcxpresso_1549 ****
make -r all 
make: Nothing to be done for 'all'.
22:39:04 **** Incremental Build of configuration Debug for project lpc_chip_15xx ****
make -r all 
make: Nothing to be done for 'all'.
22:39:04 **** Incremental Build of configuration Debug for project FreeRTOS ****
make -r all 
make: Nothing to be done for 'all'.
22:39:04 **** Incremental Build of configuration Debug for project Lab8.1 ****
make -r -j4 all 
Building file: ../src/Lab8.1.cpp
Invoking: MCU C++ Compiler
arm-none-eabi-c++ -DDEBUG -D__CODE_RED -D__NEWLIB__ -DCORE_M3 -D__USE_LPCOPEN -DCPP_USE_HEAP -D__LPC15XX__ -I"C:\Users\vovan\Documents\MCUXpressoIDE_11.0.0_2516\workspace\lpc_board_nxp_lpcxpresso_1549\inc" -I"C:\Users\vovan\Documents\MCUXpressoIDE_11.0.0_2516\workspace\lpc_chip_15xx\inc" -I"C:\Users\vovan\Documents\MCUXpressoIDE_11.0.0_2516\workspace\FreeRTOS\inc" -I"C:\Users\vovan\Documents\MCUXpressoIDE_11.0.0_2516\workspace\FreeRTOS\src\include" -I"C:\Users\vovan\Documents\MCUXpressoIDE_11.0.0_2516\workspace\FreeRTOS\src\portable\GCC\ARM_CM3" -O0 -fno-common -g3 -Wall -c -fmessage-length=0 -fno-builtin -ffunction-sections -fdata-sections -fno-rtti -fno-exceptions -mcpu=cortex-m3 -mthumb -fstack-usage -MMD -MP -MF"src/Lab8.1.d" -MT"src/Lab8.1.o" -MT"src/Lab8.1.d" -o "src/Lab8.1.o" "../src/Lab8.1.cpp"
../src/Lab8.1.cpp:120:13: warning: 'void Receive_Task(void*)' defined but not used [-Wunused-function]
 static void Receive_Task(void *pvParameters)
             ^~~~~~~~~~~~
Finished building: ../src/Lab8.1.cpp
 
Building target: Lab8.1.axf
Invoking: MCU C++ Linker
arm-none-eabi-c++ -nostdlib -L"C:\Users\vovan\Documents\MCUXpressoIDE_11.0.0_2516\workspace\lpc_board_nxp_lpcxpresso_1549\Debug" -L"C:\Users\vovan\Documents\MCUXpressoIDE_11.0.0_2516\workspace\lpc_chip_15xx\Debug" -L"C:\Users\vovan\Documents\MCUXpressoIDE_11.0.0_2516\workspace\FreeRTOS\Debug" -Xlinker -Map="Lab8.1.map" -Xlinker --cref -Xlinker --gc-sections -Xlinker -print-memory-usage -mcpu=cortex-m3 -mthumb -T "Lab8_1_Debug.ld" -o "Lab8.1.axf"  ./src/DigitalIoPin.o ./src/ITM_write.o ./src/Lab8.1.o ./src/cr_cpp_config.o ./src/cr_startup_lpc15xx.o ./src/crp.o ./src/sysinit.o   -llpc_board_nxp_lpcxpresso_1549 -llpc_chip_15xx -lFreeRTOS
Memory region         Used Size  Region Size  %age Used
       MFlash256:       15408 B       256 KB      5.88%
         Ram0_16:        2572 B        16 KB     15.70%
         Ram1_16:          0 GB        16 KB      0.00%
          Ram2_4:          0 GB         4 KB      0.00%
Finished building target: Lab8.1.axf
 
C:/nxp/MCUXpressoIDE_11.0.0_2516/ide/plugins/com.nxp.mcuxpresso.tools.win32_11.0.0.201905131304/buildtools/bin/make --no-print-directory post-build
Performing post-build steps
arm-none-eabi-size "Lab8.1.axf"; # arm-none-eabi-objcopy -v -O binary "Lab8.1.axf" "Lab8.1.bin" ; # checksum -p LPC1549 -d "Lab8.1.bin";
   text	   data	    bss	    dec	    hex	filename
  13296	   2112	    460	  15868	   3dfc	Lab8.1.axf
 
22:39:06 **** Incremental Build of configuration Debug for project Lab8.1 ****
make -r -j4 all 
make: Nothing to be done for 'all'.
22:39:29 **** Incremental Build of configuration Debug for project lpc_board_nxp_lpcxpresso_1549 ****
make -r all 
make: Nothing to be done for 'all'.
22:39:29 **** Incremental Build of configuration Debug for project lpc_chip_15xx ****
make -r all 
make: Nothing to be done for 'all'.
22:39:29 **** Incremental Build of configuration Debug for project FreeRTOS ****
make -r all 
make: Nothing to be done for 'all'.
22:39:29 **** Incremental Build of configuration Debug for project Lab8.1 ****
make -r -j4 all 
make: Nothing to be done for 'all'.
22:39:35 **** Incremental Build of configuration Debug for project lpc_board_nxp_lpcxpresso_1549 ****
make -r all 
make: Nothing to be done for 'all'.
22:39:35 **** Incremental Build of configuration Debug for project lpc_chip_15xx ****
make -r all 
make: Nothing to be done for 'all'.
22:39:35 **** Incremental Build of configuration Debug for project FreeRTOS ****
make -r all 
make: Nothing to be done for 'all'.
22:39:35 **** Incremental Build of configuration Debug for project Lab8.1 ****
make -r -j4 all 
make: Nothing to be done for 'all'.
22:39:36 **** Incremental Build of configuration Debug for project Lab8.1 ****
make -r -j4 all 
make: Nothing to be done for 'all'.
07:54:11 **** Incremental Build of configuration Debug for project lpc_board_nxp_lpcxpresso_1549 ****
make -r all 
make: Nothing to be done for 'all'.
07:54:12 **** Incremental Build of configuration Debug for project lpc_chip_15xx ****
make -r all 
make: Nothing to be done for 'all'.
07:54:12 **** Incremental Build of configuration Debug for project FreeRTOS ****
make -r all 
make: Nothing to be done for 'all'.
07:54:12 **** Incremental Build of configuration Debug for project Lab8.1 ****
make -r -j4 all 
make: Nothing to be done for 'all'.
07:54:20 **** Incremental Build of configuration Debug for project lpc_board_nxp_lpcxpresso_1549 ****
make -r all 
make: Nothing to be done for 'all'.
07:54:20 **** Incremental Build of configuration Debug for project lpc_chip_15xx ****
make -r all 
make: Nothing to be done for 'all'.
07:54:20 **** Incremental Build of configuration Debug for project FreeRTOS ****
make -r all 
make: Nothing to be done for 'all'.
07:54:21 **** Incremental Build of configuration Debug for project Lab8.1 ****
make -r -j4 all 
make: Nothing to be done for 'all'.
07:54:22 **** Incremental Build of configuration Debug for project Lab8.1 ****
make -r -j4 all 
make: Nothing to be done for 'all'.
07:55:38 **** Incremental Build of configuration Debug for project lpc_board_nxp_lpcxpresso_1549 ****
make -r all 
make: Nothing to be done for 'all'.
07:55:38 **** Incremental Build of configuration Debug for project lpc_chip_15xx ****
make -r all 
make: Nothing to be done for 'all'.
07:55:39 **** Incremental Build of configuration Debug for project FreeRTOS ****
make -r all 
make: Nothing to be done for 'all'.
07:55:39 **** Incremental Build of configuration Debug for project Lab8.1 ****
make -r -j4 all 
make: Nothing to be done for 'all'.
07:55:45 **** Incremental Build of configuration Debug for project lpc_board_nxp_lpcxpresso_1549 ****
make -r all 
make: Nothing to be done for 'all'.
07:55:45 **** Incremental Build of configuration Debug for project lpc_chip_15xx ****
make -r all 
make: Nothing to be done for 'all'.
07:55:45 **** Incremental Build of configuration Debug for project FreeRTOS ****
make -r all 
make: Nothing to be done for 'all'.
07:55:46 **** Incremental Build of configuration Debug for project Lab8.1 ****
make -r -j4 all 
make: Nothing to be done for 'all'.
07:55:46 **** Incremental Build of configuration Debug for project Lab8.1 ****
make -r -j4 all 
make: Nothing to be done for 'all'.
07:59:19 **** Incremental Build of configuration Debug for project lpc_board_nxp_lpcxpresso_1549 ****
make -r all 
make: Nothing to be done for 'all'.
07:59:20 **** Incremental Build of configuration Debug for project lpc_chip_15xx ****
make -r all 
make: Nothing to be done for 'all'.
07:59:20 **** Incremental Build of configuration Debug for project FreeRTOS ****
make -r all 
make: Nothing to be done for 'all'.
07:59:21 **** Incremental Build of configuration Debug for project Lab8.1 ****
make -r -j4 all 
make: Nothing to be done for 'all'.
07:59:22 **** Incremental Build of configuration Debug for project Lab8.1 ****
make -r -j4 all 
make: Nothing to be done for 'all'.
07:59:41 **** Incremental Build of configuration Debug for project lpc_board_nxp_lpcxpresso_1549 ****
make -r all 
make: Nothing to be done for 'all'.
07:59:41 **** Incremental Build of configuration Debug for project lpc_chip_15xx ****
make -r all 
make: Nothing to be done for 'all'.
07:59:41 **** Incremental Build of configuration Debug for project FreeRTOS ****
make -r all 
make: Nothing to be done for 'all'.
07:59:42 **** Incremental Build of configuration Debug for project Lab8.1 ****
make -r -j4 all 
make: Nothing to be done for 'all'.
07:59:43 **** Incremental Build of configuration Debug for project Lab8.1 ****
make -r -j4 all 
make: Nothing to be done for 'all'.
08:03:38 **** Incremental Build of configuration Debug for project lpc_board_nxp_lpcxpresso_1549 ****
make -r all 
make: Nothing to be done for 'all'.
08:03:38 **** Incremental Build of configuration Debug for project lpc_chip_15xx ****
make -r all 
make: Nothing to be done for 'all'.
08:03:39 **** Incremental Build of configuration Debug for project FreeRTOS ****
make -r all 
make: Nothing to be done for 'all'.
08:03:39 **** Incremental Build of configuration Debug for project Lab8.1 ****
make -r -j4 all 
Building file: ../src/Lab8.1.cpp
Invoking: MCU C++ Compiler
arm-none-eabi-c++ -DDEBUG -D__CODE_RED -D__NEWLIB__ -DCORE_M3 -D__USE_LPCOPEN -DCPP_USE_HEAP -D__LPC15XX__ -I"C:\Users\vovan\Documents\MCUXpressoIDE_11.0.0_2516\workspace\lpc_board_nxp_lpcxpresso_1549\inc" -I"C:\Users\vovan\Documents\MCUXpressoIDE_11.0.0_2516\workspace\lpc_chip_15xx\inc" -I"C:\Users\vovan\Documents\MCUXpressoIDE_11.0.0_2516\workspace\FreeRTOS\inc" -I"C:\Users\vovan\Documents\MCUXpressoIDE_11.0.0_2516\workspace\FreeRTOS\src\include" -I"C:\Users\vovan\Documents\MCUXpressoIDE_11.0.0_2516\workspace\FreeRTOS\src\portable\GCC\ARM_CM3" -O0 -fno-common -g3 -Wall -c -fmessage-length=0 -fno-builtin -ffunction-sections -fdata-sections -fno-rtti -fno-exceptions -mcpu=cortex-m3 -mthumb -fstack-usage -MMD -MP -MF"src/Lab8.1.d" -MT"src/Lab8.1.o" -MT"src/Lab8.1.d" -o "src/Lab8.1.o" "../src/Lab8.1.cpp"
../src/Lab8.1.cpp: In function 'void prvSetupHardware()':
../src/Lab8.1.cpp:83:52: error: cannot convert 'IRQn' to 'CHIP_SWM_PIN_MOVABLE_T' {aka 'CHIP_SWM_PIN_MOVABLE'}
  Chip_SWM_MovablePortPinAssign(PIN_INT1_IRQn, 0, 17);
                                                    ^
In file included from C:\Users\vovan\Documents\MCUXpressoIDE_11.0.0_2516\workspace\lpc_chip_15xx\inc/chip.h:162,
                 from C:\Users\vovan\Documents\MCUXpressoIDE_11.0.0_2516\workspace\lpc_board_nxp_lpcxpresso_1549\inc/board.h:35,
                 from ../src/Lab8.1.cpp:16:
C:\Users\vovan\Documents\MCUXpressoIDE_11.0.0_2516\workspace\lpc_chip_15xx\inc/swm_15xx.h:232:73: note:   initializing argument 1 of 'void Chip_SWM_MovablePortPinAssign(CHIP_SWM_PIN_MOVABLE_T, uint8_t, uint8_t)'
 STATIC INLINE void Chip_SWM_MovablePortPinAssign(CHIP_SWM_PIN_MOVABLE_T movable, uint8_t port, uint8_t pin)
                                                  ~~~~~~~~~~~~~~~~~~~~~~~^~~~~~~
../src/Lab8.1.cpp:84:52: error: cannot convert 'IRQn' to 'CHIP_SWM_PIN_MOVABLE_T' {aka 'CHIP_SWM_PIN_MOVABLE'}
  Chip_SWM_MovablePortPinAssign(PIN_INT1_IRQn, 1, 11);
                                                    ^
In file included from C:\Users\vovan\Documents\MCUXpressoIDE_11.0.0_2516\workspace\lpc_chip_15xx\inc/chip.h:162,
                 from C:\Users\vovan\Documents\MCUXpressoIDE_11.0.0_2516\workspace\lpc_board_nxp_lpcxpresso_1549\inc/board.h:35,
                 from ../src/Lab8.1.cpp:16:
C:\Users\vovan\Documents\MCUXpressoIDE_11.0.0_2516\workspace\lpc_chip_15xx\inc/swm_15xx.h:232:73: note:   initializing argument 1 of 'void Chip_SWM_MovablePortPinAssign(CHIP_SWM_PIN_MOVABLE_T, uint8_t, uint8_t)'
 STATIC INLINE void Chip_SWM_MovablePortPinAssign(CHIP_SWM_PIN_MOVABLE_T movable, uint8_t port, uint8_t pin)
                                                  ~~~~~~~~~~~~~~~~~~~~~~~^~~~~~~
../src/Lab8.1.cpp:85:51: error: cannot convert 'IRQn' to 'CHIP_SWM_PIN_MOVABLE_T' {aka 'CHIP_SWM_PIN_MOVABLE'}
  Chip_SWM_MovablePortPinAssign(PIN_INT1_IRQn, 1, 9);
                                                   ^
In file included from C:\Users\vovan\Documents\MCUXpressoIDE_11.0.0_2516\workspace\lpc_chip_15xx\inc/chip.h:162,
                 from C:\Users\vovan\Documents\MCUXpressoIDE_11.0.0_2516\workspace\lpc_board_nxp_lpcxpresso_1549\inc/board.h:35,
                 from ../src/Lab8.1.cpp:16:
C:\Users\vovan\Documents\MCUXpressoIDE_11.0.0_2516\workspace\lpc_chip_15xx\inc/swm_15xx.h:232:73: note:   initializing argument 1 of 'void Chip_SWM_MovablePortPinAssign(CHIP_SWM_PIN_MOVABLE_T, uint8_t, uint8_t)'
 STATIC INLINE void Chip_SWM_MovablePortPinAssign(CHIP_SWM_PIN_MOVABLE_T movable, uint8_t port, uint8_t pin)
                                                  ~~~~~~~~~~~~~~~~~~~~~~~^~~~~~~
../src/Lab8.1.cpp: At global scope:
../src/Lab8.1.cpp:120:13: warning: 'void Receive_Task(void*)' defined but not used [-Wunused-function]
 static void Receive_Task(void *pvParameters)
             ^~~~~~~~~~~~
make: *** [src/subdir.mk:42: src/Lab8.1.o] Error 1
"make -r -j4 all" terminated with exit code 2. Build might be incomplete.
08:13:59 **** Incremental Build of configuration Debug for project lpc_board_nxp_lpcxpresso_1549 ****
make -r all 
make: Nothing to be done for 'all'.
08:13:59 **** Incremental Build of configuration Debug for project lpc_chip_15xx ****
make -r all 
make: Nothing to be done for 'all'.
08:14:00 **** Incremental Build of configuration Debug for project FreeRTOS ****
make -r all 
make: Nothing to be done for 'all'.
08:14:00 **** Incremental Build of configuration Debug for project Lab8.1 ****
make -r -j4 all 
Building file: ../src/Lab8.1.cpp
Invoking: MCU C++ Compiler
arm-none-eabi-c++ -DDEBUG -D__CODE_RED -D__NEWLIB__ -DCORE_M3 -D__USE_LPCOPEN -DCPP_USE_HEAP -D__LPC15XX__ -I"C:\Users\vovan\Documents\MCUXpressoIDE_11.0.0_2516\workspace\lpc_board_nxp_lpcxpresso_1549\inc" -I"C:\Users\vovan\Documents\MCUXpressoIDE_11.0.0_2516\workspace\lpc_chip_15xx\inc" -I"C:\Users\vovan\Documents\MCUXpressoIDE_11.0.0_2516\workspace\FreeRTOS\inc" -I"C:\Users\vovan\Documents\MCUXpressoIDE_11.0.0_2516\workspace\FreeRTOS\src\include" -I"C:\Users\vovan\Documents\MCUXpressoIDE_11.0.0_2516\workspace\FreeRTOS\src\portable\GCC\ARM_CM3" -O0 -fno-common -g3 -Wall -c -fmessage-length=0 -fno-builtin -ffunction-sections -fdata-sections -fno-rtti -fno-exceptions -mcpu=cortex-m3 -mthumb -fstack-usage -MMD -MP -MF"src/Lab8.1.d" -MT"src/Lab8.1.o" -MT"src/Lab8.1.d" -o "src/Lab8.1.o" "../src/Lab8.1.cpp"
../src/Lab8.1.cpp:118:13: warning: 'void Receive_Task(void*)' defined but not used [-Wunused-function]
 static void Receive_Task(void *pvParameters)
             ^~~~~~~~~~~~
Finished building: ../src/Lab8.1.cpp
 
Building target: Lab8.1.axf
Invoking: MCU C++ Linker
arm-none-eabi-c++ -nostdlib -L"C:\Users\vovan\Documents\MCUXpressoIDE_11.0.0_2516\workspace\lpc_board_nxp_lpcxpresso_1549\Debug" -L"C:\Users\vovan\Documents\MCUXpressoIDE_11.0.0_2516\workspace\lpc_chip_15xx\Debug" -L"C:\Users\vovan\Documents\MCUXpressoIDE_11.0.0_2516\workspace\FreeRTOS\Debug" -Xlinker -Map="Lab8.1.map" -Xlinker --cref -Xlinker --gc-sections -Xlinker -print-memory-usage -mcpu=cortex-m3 -mthumb -T "Lab8_1_Debug.ld" -o "Lab8.1.axf"  ./src/DigitalIoPin.o ./src/ITM_write.o ./src/Lab8.1.o ./src/cr_cpp_config.o ./src/cr_startup_lpc15xx.o ./src/crp.o ./src/sysinit.o   -llpc_board_nxp_lpcxpresso_1549 -llpc_chip_15xx -lFreeRTOS
Memory region         Used Size  Region Size  %age Used
       MFlash256:       15328 B       256 KB      5.85%
         Ram0_16:        2572 B        16 KB     15.70%
         Ram1_16:          0 GB        16 KB      0.00%
          Ram2_4:          0 GB         4 KB      0.00%
Finished building target: Lab8.1.axf
 
C:/nxp/MCUXpressoIDE_11.0.0_2516/ide/plugins/com.nxp.mcuxpresso.tools.win32_11.0.0.201905131304/buildtools/bin/make --no-print-directory post-build
Performing post-build steps
arm-none-eabi-size "Lab8.1.axf"; # arm-none-eabi-objcopy -v -O binary "Lab8.1.axf" "Lab8.1.bin" ; # checksum -p LPC1549 -d "Lab8.1.bin";
   text	   data	    bss	    dec	    hex	filename
  13216	   2112	    460	  15788	   3dac	Lab8.1.axf
 
08:14:04 **** Incremental Build of configuration Debug for project Lab8.1 ****
make -r -j4 all 
make: Nothing to be done for 'all'.
08:15:03 **** Incremental Build of configuration Debug for project lpc_board_nxp_lpcxpresso_1549 ****
make -r all 
make: Nothing to be done for 'all'.
08:15:03 **** Incremental Build of configuration Debug for project lpc_chip_15xx ****
make -r all 
make: Nothing to be done for 'all'.
08:15:03 **** Incremental Build of configuration Debug for project FreeRTOS ****
make -r all 
make: Nothing to be done for 'all'.
08:15:04 **** Incremental Build of configuration Debug for project Lab8.1 ****
make -r -j4 all 
make: Nothing to be done for 'all'.
08:15:05 **** Incremental Build of configuration Debug for project Lab8.1 ****
make -r -j4 all 
make: Nothing to be done for 'all'.
08:16:04 **** Incremental Build of configuration Debug for project lpc_board_nxp_lpcxpresso_1549 ****
make -r all 
make: Nothing to be done for 'all'.
08:16:04 **** Incremental Build of configuration Debug for project lpc_chip_15xx ****
make -r all 
make: Nothing to be done for 'all'.
08:16:04 **** Incremental Build of configuration Debug for project FreeRTOS ****
make -r all 
make: Nothing to be done for 'all'.
08:16:05 **** Incremental Build of configuration Debug for project Lab8.1 ****
make -r -j4 all 
make: Nothing to be done for 'all'.
08:16:06 **** Incremental Build of configuration Debug for project Lab8.1 ****
make -r -j4 all 
make: Nothing to be done for 'all'.
08:19:40 **** Incremental Build of configuration Debug for project lpc_board_nxp_lpcxpresso_1549 ****
make -r all 
make: Nothing to be done for 'all'.
08:19:41 **** Incremental Build of configuration Debug for project lpc_chip_15xx ****
make -r all 
make: Nothing to be done for 'all'.
08:19:41 **** Incremental Build of configuration Debug for project FreeRTOS ****
make -r all 
make: Nothing to be done for 'all'.
08:19:41 **** Incremental Build of configuration Debug for project Lab8.1 ****
make -r -j4 all 
Building file: ../src/Lab8.1.cpp
Invoking: MCU C++ Compiler
arm-none-eabi-c++ -DDEBUG -D__CODE_RED -D__NEWLIB__ -DCORE_M3 -D__USE_LPCOPEN -DCPP_USE_HEAP -D__LPC15XX__ -I"C:\Users\vovan\Documents\MCUXpressoIDE_11.0.0_2516\workspace\lpc_board_nxp_lpcxpresso_1549\inc" -I"C:\Users\vovan\Documents\MCUXpressoIDE_11.0.0_2516\workspace\lpc_chip_15xx\inc" -I"C:\Users\vovan\Documents\MCUXpressoIDE_11.0.0_2516\workspace\FreeRTOS\inc" -I"C:\Users\vovan\Documents\MCUXpressoIDE_11.0.0_2516\workspace\FreeRTOS\src\include" -I"C:\Users\vovan\Documents\MCUXpressoIDE_11.0.0_2516\workspace\FreeRTOS\src\portable\GCC\ARM_CM3" -O0 -fno-common -g3 -Wall -c -fmessage-length=0 -fno-builtin -ffunction-sections -fdata-sections -fno-rtti -fno-exceptions -mcpu=cortex-m3 -mthumb -fstack-usage -MMD -MP -MF"src/Lab8.1.d" -MT"src/Lab8.1.o" -MT"src/Lab8.1.d" -o "src/Lab8.1.o" "../src/Lab8.1.cpp"
../src/Lab8.1.cpp:121:13: warning: 'void Receive_Task(void*)' defined but not used [-Wunused-function]
 static void Receive_Task(void *pvParameters)
             ^~~~~~~~~~~~
Finished building: ../src/Lab8.1.cpp
 
Building target: Lab8.1.axf
Invoking: MCU C++ Linker
arm-none-eabi-c++ -nostdlib -L"C:\Users\vovan\Documents\MCUXpressoIDE_11.0.0_2516\workspace\lpc_board_nxp_lpcxpresso_1549\Debug" -L"C:\Users\vovan\Documents\MCUXpressoIDE_11.0.0_2516\workspace\lpc_chip_15xx\Debug" -L"C:\Users\vovan\Documents\MCUXpressoIDE_11.0.0_2516\workspace\FreeRTOS\Debug" -Xlinker -Map="Lab8.1.map" -Xlinker --cref -Xlinker --gc-sections -Xlinker -print-memory-usage -mcpu=cortex-m3 -mthumb -T "Lab8_1_Debug.ld" -o "Lab8.1.axf"  ./src/DigitalIoPin.o ./src/ITM_write.o ./src/Lab8.1.o ./src/cr_cpp_config.o ./src/cr_startup_lpc15xx.o ./src/crp.o ./src/sysinit.o   -llpc_board_nxp_lpcxpresso_1549 -llpc_chip_15xx -lFreeRTOS
Memory region         Used Size  Region Size  %age Used
       MFlash256:       15408 B       256 KB      5.88%
         Ram0_16:        2572 B        16 KB     15.70%
         Ram1_16:          0 GB        16 KB      0.00%
          Ram2_4:          0 GB         4 KB      0.00%
Finished building target: Lab8.1.axf
 
C:/nxp/MCUXpressoIDE_11.0.0_2516/ide/plugins/com.nxp.mcuxpresso.tools.win32_11.0.0.201905131304/buildtools/bin/make --no-print-directory post-build
Performing post-build steps
arm-none-eabi-size "Lab8.1.axf"; # arm-none-eabi-objcopy -v -O binary "Lab8.1.axf" "Lab8.1.bin" ; # checksum -p LPC1549 -d "Lab8.1.bin";
   text	   data	    bss	    dec	    hex	filename
  13296	   2112	    460	  15868	   3dfc	Lab8.1.axf
 
08:19:43 **** Incremental Build of configuration Debug for project Lab8.1 ****
make -r -j4 all 
make: Nothing to be done for 'all'.
08:23:01 **** Incremental Build of configuration Debug for project lpc_board_nxp_lpcxpresso_1549 ****
make -r all 
make: Nothing to be done for 'all'.
08:23:01 **** Incremental Build of configuration Debug for project lpc_chip_15xx ****
make -r all 
make: Nothing to be done for 'all'.
08:23:02 **** Incremental Build of configuration Debug for project FreeRTOS ****
make -r all 
make: Nothing to be done for 'all'.
08:23:02 **** Incremental Build of configuration Debug for project Lab8.1 ****
make -r -j4 all 
make: Nothing to be done for 'all'.
08:23:03 **** Incremental Build of configuration Debug for project Lab8.1 ****
make -r -j4 all 
make: Nothing to be done for 'all'.
08:23:55 **** Incremental Build of configuration Debug for project lpc_board_nxp_lpcxpresso_1549 ****
make -r all 
make: Nothing to be done for 'all'.
08:23:55 **** Incremental Build of configuration Debug for project lpc_chip_15xx ****
make -r all 
make: Nothing to be done for 'all'.
08:23:56 **** Incremental Build of configuration Debug for project FreeRTOS ****
make -r all 
make: Nothing to be done for 'all'.
08:23:56 **** Incremental Build of configuration Debug for project Lab8.1 ****
make -r -j4 all 
Building file: ../src/Lab8.1.cpp
Invoking: MCU C++ Compiler
arm-none-eabi-c++ -DDEBUG -D__CODE_RED -D__NEWLIB__ -DCORE_M3 -D__USE_LPCOPEN -DCPP_USE_HEAP -D__LPC15XX__ -I"C:\Users\vovan\Documents\MCUXpressoIDE_11.0.0_2516\workspace\lpc_board_nxp_lpcxpresso_1549\inc" -I"C:\Users\vovan\Documents\MCUXpressoIDE_11.0.0_2516\workspace\lpc_chip_15xx\inc" -I"C:\Users\vovan\Documents\MCUXpressoIDE_11.0.0_2516\workspace\FreeRTOS\inc" -I"C:\Users\vovan\Documents\MCUXpressoIDE_11.0.0_2516\workspace\FreeRTOS\src\include" -I"C:\Users\vovan\Documents\MCUXpressoIDE_11.0.0_2516\workspace\FreeRTOS\src\portable\GCC\ARM_CM3" -O0 -fno-common -g3 -Wall -c -fmessage-length=0 -fno-builtin -ffunction-sections -fdata-sections -fno-rtti -fno-exceptions -mcpu=cortex-m3 -mthumb -fstack-usage -MMD -MP -MF"src/Lab8.1.d" -MT"src/Lab8.1.o" -MT"src/Lab8.1.d" -o "src/Lab8.1.o" "../src/Lab8.1.cpp"
../src/Lab8.1.cpp:121:13: warning: 'void Receive_Task(void*)' defined but not used [-Wunused-function]
 static void Receive_Task(void *pvParameters)
             ^~~~~~~~~~~~
Finished building: ../src/Lab8.1.cpp
 
Building target: Lab8.1.axf
Invoking: MCU C++ Linker
arm-none-eabi-c++ -nostdlib -L"C:\Users\vovan\Documents\MCUXpressoIDE_11.0.0_2516\workspace\lpc_board_nxp_lpcxpresso_1549\Debug" -L"C:\Users\vovan\Documents\MCUXpressoIDE_11.0.0_2516\workspace\lpc_chip_15xx\Debug" -L"C:\Users\vovan\Documents\MCUXpressoIDE_11.0.0_2516\workspace\FreeRTOS\Debug" -Xlinker -Map="Lab8.1.map" -Xlinker --cref -Xlinker --gc-sections -Xlinker -print-memory-usage -mcpu=cortex-m3 -mthumb -T "Lab8_1_Debug.ld" -o "Lab8.1.axf"  ./src/DigitalIoPin.o ./src/ITM_write.o ./src/Lab8.1.o ./src/cr_cpp_config.o ./src/cr_startup_lpc15xx.o ./src/crp.o ./src/sysinit.o   -llpc_board_nxp_lpcxpresso_1549 -llpc_chip_15xx -lFreeRTOS
Memory region         Used Size  Region Size  %age Used
       MFlash256:       15408 B       256 KB      5.88%
         Ram0_16:        2572 B        16 KB     15.70%
         Ram1_16:          0 GB        16 KB      0.00%
          Ram2_4:          0 GB         4 KB      0.00%
Finished building target: Lab8.1.axf
 
C:/nxp/MCUXpressoIDE_11.0.0_2516/ide/plugins/com.nxp.mcuxpresso.tools.win32_11.0.0.201905131304/buildtools/bin/make --no-print-directory post-build
Performing post-build steps
arm-none-eabi-size "Lab8.1.axf"; # arm-none-eabi-objcopy -v -O binary "Lab8.1.axf" "Lab8.1.bin" ; # checksum -p LPC1549 -d "Lab8.1.bin";
   text	   data	    bss	    dec	    hex	filename
  13296	   2112	    460	  15868	   3dfc	Lab8.1.axf
 
08:23:58 **** Incremental Build of configuration Debug for project Lab8.1 ****
make -r -j4 all 
make: Nothing to be done for 'all'.
08:28:02 **** Incremental Build of configuration Debug for project lpc_board_nxp_lpcxpresso_1549 ****
make -r all 
make: Nothing to be done for 'all'.
08:28:02 **** Incremental Build of configuration Debug for project lpc_chip_15xx ****
make -r all 
make: Nothing to be done for 'all'.
08:28:02 **** Incremental Build of configuration Debug for project FreeRTOS ****
make -r all 
make: Nothing to be done for 'all'.
08:28:03 **** Incremental Build of configuration Debug for project Lab8.1 ****
make -r -j4 all 
Building file: ../src/Lab8.1.cpp
Invoking: MCU C++ Compiler
arm-none-eabi-c++ -DDEBUG -D__CODE_RED -D__NEWLIB__ -DCORE_M3 -D__USE_LPCOPEN -DCPP_USE_HEAP -D__LPC15XX__ -I"C:\Users\vovan\Documents\MCUXpressoIDE_11.0.0_2516\workspace\lpc_board_nxp_lpcxpresso_1549\inc" -I"C:\Users\vovan\Documents\MCUXpressoIDE_11.0.0_2516\workspace\lpc_chip_15xx\inc" -I"C:\Users\vovan\Documents\MCUXpressoIDE_11.0.0_2516\workspace\FreeRTOS\inc" -I"C:\Users\vovan\Documents\MCUXpressoIDE_11.0.0_2516\workspace\FreeRTOS\src\include" -I"C:\Users\vovan\Documents\MCUXpressoIDE_11.0.0_2516\workspace\FreeRTOS\src\portable\GCC\ARM_CM3" -O0 -fno-common -g3 -Wall -c -fmessage-length=0 -fno-builtin -ffunction-sections -fdata-sections -fno-rtti -fno-exceptions -mcpu=cortex-m3 -mthumb -fstack-usage -MMD -MP -MF"src/Lab8.1.d" -MT"src/Lab8.1.o" -MT"src/Lab8.1.d" -o "src/Lab8.1.o" "../src/Lab8.1.cpp"
../src/Lab8.1.cpp:127:13: warning: 'void Receive_Task(void*)' defined but not used [-Wunused-function]
 static void Receive_Task(void *pvParameters)
             ^~~~~~~~~~~~
Finished building: ../src/Lab8.1.cpp
 
Building target: Lab8.1.axf
Invoking: MCU C++ Linker
arm-none-eabi-c++ -nostdlib -L"C:\Users\vovan\Documents\MCUXpressoIDE_11.0.0_2516\workspace\lpc_board_nxp_lpcxpresso_1549\Debug" -L"C:\Users\vovan\Documents\MCUXpressoIDE_11.0.0_2516\workspace\lpc_chip_15xx\Debug" -L"C:\Users\vovan\Documents\MCUXpressoIDE_11.0.0_2516\workspace\FreeRTOS\Debug" -Xlinker -Map="Lab8.1.map" -Xlinker --cref -Xlinker --gc-sections -Xlinker -print-memory-usage -mcpu=cortex-m3 -mthumb -T "Lab8_1_Debug.ld" -o "Lab8.1.axf"  ./src/DigitalIoPin.o ./src/ITM_write.o ./src/Lab8.1.o ./src/cr_cpp_config.o ./src/cr_startup_lpc15xx.o ./src/crp.o ./src/sysinit.o   -llpc_board_nxp_lpcxpresso_1549 -llpc_chip_15xx -lFreeRTOS
Memory region         Used Size  Region Size  %age Used
       MFlash256:       15456 B       256 KB      5.90%
         Ram0_16:        2572 B        16 KB     15.70%
         Ram1_16:          0 GB        16 KB      0.00%
          Ram2_4:          0 GB         4 KB      0.00%
Finished building target: Lab8.1.axf
 
C:/nxp/MCUXpressoIDE_11.0.0_2516/ide/plugins/com.nxp.mcuxpresso.tools.win32_11.0.0.201905131304/buildtools/bin/make --no-print-directory post-build
Performing post-build steps
arm-none-eabi-size "Lab8.1.axf"; # arm-none-eabi-objcopy -v -O binary "Lab8.1.axf" "Lab8.1.bin" ; # checksum -p LPC1549 -d "Lab8.1.bin";
   text	   data	    bss	    dec	    hex	filename
  13344	   2112	    460	  15916	   3e2c	Lab8.1.axf
 
08:28:05 **** Incremental Build of configuration Debug for project Lab8.1 ****
make -r -j4 all 
make: Nothing to be done for 'all'.
08:33:08 **** Incremental Build of configuration Debug for project lpc_board_nxp_lpcxpresso_1549 ****
make -r all 
make: Nothing to be done for 'all'.
08:33:08 **** Incremental Build of configuration Debug for project lpc_chip_15xx ****
make -r all 
make: Nothing to be done for 'all'.
08:33:08 **** Incremental Build of configuration Debug for project FreeRTOS ****
make -r all 
make: Nothing to be done for 'all'.
08:33:08 **** Incremental Build of configuration Debug for project Lab8.1 ****
make -r -j4 all 
Building file: ../src/Lab8.1.cpp
Invoking: MCU C++ Compiler
arm-none-eabi-c++ -DDEBUG -D__CODE_RED -D__NEWLIB__ -DCORE_M3 -D__USE_LPCOPEN -DCPP_USE_HEAP -D__LPC15XX__ -I"C:\Users\vovan\Documents\MCUXpressoIDE_11.0.0_2516\workspace\lpc_board_nxp_lpcxpresso_1549\inc" -I"C:\Users\vovan\Documents\MCUXpressoIDE_11.0.0_2516\workspace\lpc_chip_15xx\inc" -I"C:\Users\vovan\Documents\MCUXpressoIDE_11.0.0_2516\workspace\FreeRTOS\inc" -I"C:\Users\vovan\Documents\MCUXpressoIDE_11.0.0_2516\workspace\FreeRTOS\src\include" -I"C:\Users\vovan\Documents\MCUXpressoIDE_11.0.0_2516\workspace\FreeRTOS\src\portable\GCC\ARM_CM3" -O0 -fno-common -g3 -Wall -c -fmessage-length=0 -fno-builtin -ffunction-sections -fdata-sections -fno-rtti -fno-exceptions -mcpu=cortex-m3 -mthumb -fstack-usage -MMD -MP -MF"src/Lab8.1.d" -MT"src/Lab8.1.o" -MT"src/Lab8.1.d" -o "src/Lab8.1.o" "../src/Lab8.1.cpp"
../src/Lab8.1.cpp:129:13: warning: 'void Receive_Task(void*)' defined but not used [-Wunused-function]
 static void Receive_Task(void *pvParameters)
             ^~~~~~~~~~~~
Finished building: ../src/Lab8.1.cpp
 
Building target: Lab8.1.axf
Invoking: MCU C++ Linker
arm-none-eabi-c++ -nostdlib -L"C:\Users\vovan\Documents\MCUXpressoIDE_11.0.0_2516\workspace\lpc_board_nxp_lpcxpresso_1549\Debug" -L"C:\Users\vovan\Documents\MCUXpressoIDE_11.0.0_2516\workspace\lpc_chip_15xx\Debug" -L"C:\Users\vovan\Documents\MCUXpressoIDE_11.0.0_2516\workspace\FreeRTOS\Debug" -Xlinker -Map="Lab8.1.map" -Xlinker --cref -Xlinker --gc-sections -Xlinker -print-memory-usage -mcpu=cortex-m3 -mthumb -T "Lab8_1_Debug.ld" -o "Lab8.1.axf"  ./src/DigitalIoPin.o ./src/ITM_write.o ./src/Lab8.1.o ./src/cr_cpp_config.o ./src/cr_startup_lpc15xx.o ./src/crp.o ./src/sysinit.o   -llpc_board_nxp_lpcxpresso_1549 -llpc_chip_15xx -lFreeRTOS
Memory region         Used Size  Region Size  %age Used
       MFlash256:       15472 B       256 KB      5.90%
         Ram0_16:        2572 B        16 KB     15.70%
         Ram1_16:          0 GB        16 KB      0.00%
          Ram2_4:          0 GB         4 KB      0.00%
Finished building target: Lab8.1.axf
 
C:/nxp/MCUXpressoIDE_11.0.0_2516/ide/plugins/com.nxp.mcuxpresso.tools.win32_11.0.0.201905131304/buildtools/bin/make --no-print-directory post-build
Performing post-build steps
arm-none-eabi-size "Lab8.1.axf"; # arm-none-eabi-objcopy -v -O binary "Lab8.1.axf" "Lab8.1.bin" ; # checksum -p LPC1549 -d "Lab8.1.bin";
   text	   data	    bss	    dec	    hex	filename
  13360	   2112	    460	  15932	   3e3c	Lab8.1.axf
 
08:33:10 **** Incremental Build of configuration Debug for project Lab8.1 ****
make -r -j4 all 
make: Nothing to be done for 'all'.
08:44:06 **** Incremental Build of configuration Debug for project lpc_board_nxp_lpcxpresso_1549 ****
make -r all 
make: Nothing to be done for 'all'.
08:44:06 **** Incremental Build of configuration Debug for project lpc_chip_15xx ****
make -r all 
make: Nothing to be done for 'all'.
08:44:06 **** Incremental Build of configuration Debug for project FreeRTOS ****
make -r all 
make: Nothing to be done for 'all'.
08:44:07 **** Incremental Build of configuration Debug for project Lab8.1 ****
make -r -j4 all 
Building file: ../src/Lab8.1.cpp
Invoking: MCU C++ Compiler
arm-none-eabi-c++ -DDEBUG -D__CODE_RED -D__NEWLIB__ -DCORE_M3 -D__USE_LPCOPEN -DCPP_USE_HEAP -D__LPC15XX__ -I"C:\Users\vovan\Documents\MCUXpressoIDE_11.0.0_2516\workspace\lpc_board_nxp_lpcxpresso_1549\inc" -I"C:\Users\vovan\Documents\MCUXpressoIDE_11.0.0_2516\workspace\lpc_chip_15xx\inc" -I"C:\Users\vovan\Documents\MCUXpressoIDE_11.0.0_2516\workspace\FreeRTOS\inc" -I"C:\Users\vovan\Documents\MCUXpressoIDE_11.0.0_2516\workspace\FreeRTOS\src\include" -I"C:\Users\vovan\Documents\MCUXpressoIDE_11.0.0_2516\workspace\FreeRTOS\src\portable\GCC\ARM_CM3" -O0 -fno-common -g3 -Wall -c -fmessage-length=0 -fno-builtin -ffunction-sections -fdata-sections -fno-rtti -fno-exceptions -mcpu=cortex-m3 -mthumb -fstack-usage -MMD -MP -MF"src/Lab8.1.d" -MT"src/Lab8.1.o" -MT"src/Lab8.1.d" -o "src/Lab8.1.o" "../src/Lab8.1.cpp"
../src/Lab8.1.cpp:129:13: warning: 'void Receive_Task(void*)' defined but not used [-Wunused-function]
 static void Receive_Task(void *pvParameters)
             ^~~~~~~~~~~~
Finished building: ../src/Lab8.1.cpp
 
Building target: Lab8.1.axf
Invoking: MCU C++ Linker
arm-none-eabi-c++ -nostdlib -L"C:\Users\vovan\Documents\MCUXpressoIDE_11.0.0_2516\workspace\lpc_board_nxp_lpcxpresso_1549\Debug" -L"C:\Users\vovan\Documents\MCUXpressoIDE_11.0.0_2516\workspace\lpc_chip_15xx\Debug" -L"C:\Users\vovan\Documents\MCUXpressoIDE_11.0.0_2516\workspace\FreeRTOS\Debug" -Xlinker -Map="Lab8.1.map" -Xlinker --cref -Xlinker --gc-sections -Xlinker -print-memory-usage -mcpu=cortex-m3 -mthumb -T "Lab8_1_Debug.ld" -o "Lab8.1.axf"  ./src/DigitalIoPin.o ./src/ITM_write.o ./src/Lab8.1.o ./src/cr_cpp_config.o ./src/cr_startup_lpc15xx.o ./src/crp.o ./src/sysinit.o   -llpc_board_nxp_lpcxpresso_1549 -llpc_chip_15xx -lFreeRTOS
Memory region         Used Size  Region Size  %age Used
       MFlash256:       15472 B       256 KB      5.90%
         Ram0_16:        2572 B        16 KB     15.70%
         Ram1_16:          0 GB        16 KB      0.00%
          Ram2_4:          0 GB         4 KB      0.00%
Finished building target: Lab8.1.axf
 
C:/nxp/MCUXpressoIDE_11.0.0_2516/ide/plugins/com.nxp.mcuxpresso.tools.win32_11.0.0.201905131304/buildtools/bin/make --no-print-directory post-build
Performing post-build steps
arm-none-eabi-size "Lab8.1.axf"; # arm-none-eabi-objcopy -v -O binary "Lab8.1.axf" "Lab8.1.bin" ; # checksum -p LPC1549 -d "Lab8.1.bin";
   text	   data	    bss	    dec	    hex	filename
  13360	   2112	    460	  15932	   3e3c	Lab8.1.axf
 
08:44:08 **** Incremental Build of configuration Debug for project Lab8.1 ****
make -r -j4 all 
make: Nothing to be done for 'all'.
08:52:55 **** Incremental Build of configuration Debug for project lpc_board_nxp_lpcxpresso_1549 ****
make -r all 
make: Nothing to be done for 'all'.
08:52:55 **** Incremental Build of configuration Debug for project lpc_chip_15xx ****
make -r all 
make: Nothing to be done for 'all'.
08:52:55 **** Incremental Build of configuration Debug for project FreeRTOS ****
make -r all 
make: Nothing to be done for 'all'.
08:52:56 **** Incremental Build of configuration Debug for project Lab8.1 ****
make -r -j4 all 
Building file: ../src/Lab8.1.cpp
Invoking: MCU C++ Compiler
arm-none-eabi-c++ -DDEBUG -D__CODE_RED -D__NEWLIB__ -DCORE_M3 -D__USE_LPCOPEN -DCPP_USE_HEAP -D__LPC15XX__ -I"C:\Users\vovan\Documents\MCUXpressoIDE_11.0.0_2516\workspace\lpc_board_nxp_lpcxpresso_1549\inc" -I"C:\Users\vovan\Documents\MCUXpressoIDE_11.0.0_2516\workspace\lpc_chip_15xx\inc" -I"C:\Users\vovan\Documents\MCUXpressoIDE_11.0.0_2516\workspace\FreeRTOS\inc" -I"C:\Users\vovan\Documents\MCUXpressoIDE_11.0.0_2516\workspace\FreeRTOS\src\include" -I"C:\Users\vovan\Documents\MCUXpressoIDE_11.0.0_2516\workspace\FreeRTOS\src\portable\GCC\ARM_CM3" -O0 -fno-common -g3 -Wall -c -fmessage-length=0 -fno-builtin -ffunction-sections -fdata-sections -fno-rtti -fno-exceptions -mcpu=cortex-m3 -mthumb -fstack-usage -MMD -MP -MF"src/Lab8.1.d" -MT"src/Lab8.1.o" -MT"src/Lab8.1.d" -o "src/Lab8.1.o" "../src/Lab8.1.cpp"
../src/Lab8.1.cpp:134:13: warning: 'void Receive_Task(void*)' defined but not used [-Wunused-function]
 static void Receive_Task(void *pvParameters)
             ^~~~~~~~~~~~
Finished building: ../src/Lab8.1.cpp
 
Building target: Lab8.1.axf
Invoking: MCU C++ Linker
arm-none-eabi-c++ -nostdlib -L"C:\Users\vovan\Documents\MCUXpressoIDE_11.0.0_2516\workspace\lpc_board_nxp_lpcxpresso_1549\Debug" -L"C:\Users\vovan\Documents\MCUXpressoIDE_11.0.0_2516\workspace\lpc_chip_15xx\Debug" -L"C:\Users\vovan\Documents\MCUXpressoIDE_11.0.0_2516\workspace\FreeRTOS\Debug" -Xlinker -Map="Lab8.1.map" -Xlinker --cref -Xlinker --gc-sections -Xlinker -print-memory-usage -mcpu=cortex-m3 -mthumb -T "Lab8_1_Debug.ld" -o "Lab8.1.axf"  ./src/DigitalIoPin.o ./src/ITM_write.o ./src/Lab8.1.o ./src/cr_cpp_config.o ./src/cr_startup_lpc15xx.o ./src/crp.o ./src/sysinit.o   -llpc_board_nxp_lpcxpresso_1549 -llpc_chip_15xx -lFreeRTOS
Memory region         Used Size  Region Size  %age Used
       MFlash256:       16776 B       256 KB      6.40%
         Ram0_16:        2576 B        16 KB     15.72%
         Ram1_16:          0 GB        16 KB      0.00%
          Ram2_4:          0 GB         4 KB      0.00%
Finished building target: Lab8.1.axf
 
C:/nxp/MCUXpressoIDE_11.0.0_2516/ide/plugins/com.nxp.mcuxpresso.tools.win32_11.0.0.201905131304/buildtools/bin/make --no-print-directory post-build
Performing post-build steps
arm-none-eabi-size "Lab8.1.axf"; # arm-none-eabi-objcopy -v -O binary "Lab8.1.axf" "Lab8.1.bin" ; # checksum -p LPC1549 -d "Lab8.1.bin";
   text	   data	    bss	    dec	    hex	filename
  14664	   2112	    464	  17240	   4358	Lab8.1.axf
 
08:52:58 **** Incremental Build of configuration Debug for project Lab8.1 ****
make -r -j4 all 
make: Nothing to be done for 'all'.
09:15:04 **** Clean-only build of configuration Debug for project lpc_board_nxp_lpcxpresso_1549 ****
make -r clean 
rm -rf  ./src/board.o ./src/board_sysinit.o  ./src/board.d ./src/board_sysinit.d  liblpc_board_nxp_lpcxpresso_1549.a
 
09:15:04 **** Clean-only build of configuration Debug for project lpc_chip_15xx ****
make -r clean 
rm -rf  ./src/acmp_15xx.o ./src/adc_15xx.o ./src/chip_15xx.o ./src/clock_15xx.o ./src/crc_15xx.o ./src/dac_15xx.o ./src/dma_15xx.o ./src/eeprom.o ./src/gpio_15xx.o ./src/i2c_common_15xx.o ./src/i2cm_15xx.o ./src/i2cs_15xx.o ./src/iap.o ./src/iocon_15xx.o ./src/pinint_15xx.o ./src/pmu_15xx.o ./src/ring_buffer.o ./src/ritimer_15xx.o ./src/rtc_15xx.o ./src/sct_15xx.o ./src/sct_pwm_15xx.o ./src/sctipu_15xx.o ./src/spi_15xx.o ./src/stopwatch_15xx.o ./src/swm_15xx.o ./src/sysctl_15xx.o ./src/sysinit_15xx.o ./src/uart_15xx.o ./src/wwdt_15xx.o  ./src/acmp_15xx.d ./src/adc_15xx.d ./src/chip_15xx.d ./src/clock_15xx.d ./src/crc_15xx.d ./src/dac_15xx.d ./src/dma_15xx.d ./src/eeprom.d ./src/gpio_15xx.d ./src/i2c_common_15xx.d ./src/i2cm_15xx.d ./src/i2cs_15xx.d ./src/iap.d ./src/iocon_15xx.d ./src/pinint_15xx.d ./src/pmu_15xx.d ./src/ring_buffer.d ./src/ritimer_15xx.d ./src/rtc_15xx.d ./src/sct_15xx.d ./src/sct_pwm_15xx.d ./src/sctipu_15xx.d ./src/spi_15xx.d ./src/stopwatch_15xx.d ./src/swm_15xx.d ./src/sysctl_15xx.d ./src/sysinit_15xx.d ./src/uart_15xx.d ./src/wwdt_15xx.d  liblpc_chip_15xx.a
 
09:15:04 **** Clean-only build of configuration Debug for project FreeRTOS ****
make -r clean 
rm -rf  ./src/portable/MemMang/heap_3.o  ./src/portable/GCC/ARM_CM3/port.o  ./src/FreeRTOSCommonHooks.o ./src/croutine.o ./src/event_groups.o ./src/list.o ./src/queue.o ./src/stream_buffer.o ./src/tasks.o ./src/timers.o  ./src/portable/MemMang/heap_3.d  ./src/portable/GCC/ARM_CM3/port.d  ./src/FreeRTOSCommonHooks.d ./src/croutine.d ./src/event_groups.d ./src/list.d ./src/queue.d ./src/stream_buffer.d ./src/tasks.d ./src/timers.d  libFreeRTOS.a
 
09:15:04 **** Clean-only build of configuration Debug for project Lab8.1 ****
make -r -j4 clean 
rm -rf  ./src/DigitalIoPin.o ./src/ITM_write.o ./src/Lab8.1.o ./src/cr_cpp_config.o ./src/cr_startup_lpc15xx.o ./src/crp.o ./src/sysinit.o  ./src/DigitalIoPin.d ./src/Lab8.1.d ./src/cr_cpp_config.d ./src/cr_startup_lpc15xx.d  ./src/ITM_write.d ./src/crp.d ./src/sysinit.d  Lab8.1.axf
rm: can't remove 'Lab8.1.axf': Permission denied
make: [makefile:54: clean] Error 1 (ignored)
 
09:23:23 **** Build of configuration Debug for project lpc_board_nxp_lpcxpresso_1549 ****
make -r all 
Building file: ../src/board.c
Invoking: MCU C Compiler
arm-none-eabi-gcc -DDEBUG -D__CODE_RED -D__USE_LPCOPEN -DCORE_M3 -D__NEWLIB__ -I"C:\Users\vovan\Documents\MCUXpressoIDE_11.0.0_2516\workspace\lpc_chip_15xx\inc" -I"C:\Users\vovan\Documents\MCUXpressoIDE_11.0.0_2516\workspace\lpc_board_nxp_lpcxpresso_1549\inc" -O0 -g3 -Wall -c -fmessage-length=0 -fno-builtin -ffunction-sections -fdata-sections -mcpu=cortex-m3 -mthumb -D__NEWLIB__ -fstack-usage -MMD -MP -MF"src/board.d" -MT"src/board.o" -MT"src/board.d" -o "src/board.o" "../src/board.c"
Finished building: ../src/board.c
 
Building file: ../src/board_sysinit.c
Invoking: MCU C Compiler
arm-none-eabi-gcc -DDEBUG -D__CODE_RED -D__USE_LPCOPEN -DCORE_M3 -D__NEWLIB__ -I"C:\Users\vovan\Documents\MCUXpressoIDE_11.0.0_2516\workspace\lpc_chip_15xx\inc" -I"C:\Users\vovan\Documents\MCUXpressoIDE_11.0.0_2516\workspace\lpc_board_nxp_lpcxpresso_1549\inc" -O0 -g3 -Wall -c -fmessage-length=0 -fno-builtin -ffunction-sections -fdata-sections -mcpu=cortex-m3 -mthumb -D__NEWLIB__ -fstack-usage -MMD -MP -MF"src/board_sysinit.d" -MT"src/board_sysinit.o" -MT"src/board_sysinit.d" -o "src/board_sysinit.o" "../src/board_sysinit.c"
Finished building: ../src/board_sysinit.c
 
Building target: liblpc_board_nxp_lpcxpresso_1549.a
Invoking: MCU Archiver
arm-none-eabi-ar -r  "liblpc_board_nxp_lpcxpresso_1549.a"  ./src/board.o ./src/board_sysinit.o   
arm-none-eabi-ar: creating liblpc_board_nxp_lpcxpresso_1549.a
Finished building target: liblpc_board_nxp_lpcxpresso_1549.a
 
C:/nxp/MCUXpressoIDE_11.0.0_2516/ide/plugins/com.nxp.mcuxpresso.tools.win32_11.0.0.201905131304/buildtools/bin/make --no-print-directory post-build
Performing post-build steps
arm-none-eabi-size "liblpc_board_nxp_lpcxpresso_1549.a" ; # arm-none-eabi-objdump -h -S "liblpc_board_nxp_lpcxpresso_1549.a" >"liblpc_board_nxp_lpcxpresso_1549.lss"
   text	   data	    bss	    dec	    hex	filename
   1357	      0	      0	   1357	    54d	board.o (ex liblpc_board_nxp_lpcxpresso_1549.a)
    570	      0	      0	    570	    23a	board_sysinit.o (ex liblpc_board_nxp_lpcxpresso_1549.a)
 
09:23:24 **** Build of configuration Debug for project lpc_chip_15xx ****
make -r all 
Building file: ../src/acmp_15xx.c
Invoking: MCU C Compiler
arm-none-eabi-gcc -DDEBUG -D__CODE_RED -D__USE_LPCOPEN -DCORE_M3 -D__NEWLIB__ -I"C:\Users\vovan\Documents\MCUXpressoIDE_11.0.0_2516\workspace\lpc_chip_15xx\inc" -O0 -g3 -Wall -c -fmessage-length=0 -fno-builtin -ffunction-sections -fdata-sections -mcpu=cortex-m3 -mthumb -D__NEWLIB__ -fstack-usage -MMD -MP -MF"src/acmp_15xx.d" -MT"src/acmp_15xx.o" -MT"src/acmp_15xx.d" -o "src/acmp_15xx.o" "../src/acmp_15xx.c"
Finished building: ../src/acmp_15xx.c
 
Building file: ../src/adc_15xx.c
Invoking: MCU C Compiler
arm-none-eabi-gcc -DDEBUG -D__CODE_RED -D__USE_LPCOPEN -DCORE_M3 -D__NEWLIB__ -I"C:\Users\vovan\Documents\MCUXpressoIDE_11.0.0_2516\workspace\lpc_chip_15xx\inc" -O0 -g3 -Wall -c -fmessage-length=0 -fno-builtin -ffunction-sections -fdata-sections -mcpu=cortex-m3 -mthumb -D__NEWLIB__ -fstack-usage -MMD -MP -MF"src/adc_15xx.d" -MT"src/adc_15xx.o" -MT"src/adc_15xx.d" -o "src/adc_15xx.o" "../src/adc_15xx.c"
Finished building: ../src/adc_15xx.c
 
Building file: ../src/chip_15xx.c
Invoking: MCU C Compiler
arm-none-eabi-gcc -DDEBUG -D__CODE_RED -D__USE_LPCOPEN -DCORE_M3 -D__NEWLIB__ -I"C:\Users\vovan\Documents\MCUXpressoIDE_11.0.0_2516\workspace\lpc_chip_15xx\inc" -O0 -g3 -Wall -c -fmessage-length=0 -fno-builtin -ffunction-sections -fdata-sections -mcpu=cortex-m3 -mthumb -D__NEWLIB__ -fstack-usage -MMD -MP -MF"src/chip_15xx.d" -MT"src/chip_15xx.o" -MT"src/chip_15xx.d" -o "src/chip_15xx.o" "../src/chip_15xx.c"
Finished building: ../src/chip_15xx.c
 
Building file: ../src/clock_15xx.c
Invoking: MCU C Compiler
arm-none-eabi-gcc -DDEBUG -D__CODE_RED -D__USE_LPCOPEN -DCORE_M3 -D__NEWLIB__ -I"C:\Users\vovan\Documents\MCUXpressoIDE_11.0.0_2516\workspace\lpc_chip_15xx\inc" -O0 -g3 -Wall -c -fmessage-length=0 -fno-builtin -ffunction-sections -fdata-sections -mcpu=cortex-m3 -mthumb -D__NEWLIB__ -fstack-usage -MMD -MP -MF"src/clock_15xx.d" -MT"src/clock_15xx.o" -MT"src/clock_15xx.d" -o "src/clock_15xx.o" "../src/clock_15xx.c"
Finished building: ../src/clock_15xx.c
 
Building file: ../src/crc_15xx.c
Invoking: MCU C Compiler
arm-none-eabi-gcc -DDEBUG -D__CODE_RED -D__USE_LPCOPEN -DCORE_M3 -D__NEWLIB__ -I"C:\Users\vovan\Documents\MCUXpressoIDE_11.0.0_2516\workspace\lpc_chip_15xx\inc" -O0 -g3 -Wall -c -fmessage-length=0 -fno-builtin -ffunction-sections -fdata-sections -mcpu=cortex-m3 -mthumb -D__NEWLIB__ -fstack-usage -MMD -MP -MF"src/crc_15xx.d" -MT"src/crc_15xx.o" -MT"src/crc_15xx.d" -o "src/crc_15xx.o" "../src/crc_15xx.c"
Finished building: ../src/crc_15xx.c
 
Building file: ../src/dac_15xx.c
Invoking: MCU C Compiler
arm-none-eabi-gcc -DDEBUG -D__CODE_RED -D__USE_LPCOPEN -DCORE_M3 -D__NEWLIB__ -I"C:\Users\vovan\Documents\MCUXpressoIDE_11.0.0_2516\workspace\lpc_chip_15xx\inc" -O0 -g3 -Wall -c -fmessage-length=0 -fno-builtin -ffunction-sections -fdata-sections -mcpu=cortex-m3 -mthumb -D__NEWLIB__ -fstack-usage -MMD -MP -MF"src/dac_15xx.d" -MT"src/dac_15xx.o" -MT"src/dac_15xx.d" -o "src/dac_15xx.o" "../src/dac_15xx.c"
Finished building: ../src/dac_15xx.c
 
Building file: ../src/dma_15xx.c
Invoking: MCU C Compiler
arm-none-eabi-gcc -DDEBUG -D__CODE_RED -D__USE_LPCOPEN -DCORE_M3 -D__NEWLIB__ -I"C:\Users\vovan\Documents\MCUXpressoIDE_11.0.0_2516\workspace\lpc_chip_15xx\inc" -O0 -g3 -Wall -c -fmessage-length=0 -fno-builtin -ffunction-sections -fdata-sections -mcpu=cortex-m3 -mthumb -D__NEWLIB__ -fstack-usage -MMD -MP -MF"src/dma_15xx.d" -MT"src/dma_15xx.o" -MT"src/dma_15xx.d" -o "src/dma_15xx.o" "../src/dma_15xx.c"
Finished building: ../src/dma_15xx.c
 
Building file: ../src/eeprom.c
Invoking: MCU C Compiler
arm-none-eabi-gcc -DDEBUG -D__CODE_RED -D__USE_LPCOPEN -DCORE_M3 -D__NEWLIB__ -I"C:\Users\vovan\Documents\MCUXpressoIDE_11.0.0_2516\workspace\lpc_chip_15xx\inc" -O0 -g3 -Wall -c -fmessage-length=0 -fno-builtin -ffunction-sections -fdata-sections -mcpu=cortex-m3 -mthumb -D__NEWLIB__ -fstack-usage -MMD -MP -MF"src/eeprom.d" -MT"src/eeprom.o" -MT"src/eeprom.d" -o "src/eeprom.o" "../src/eeprom.c"
../src/eeprom.c: In function 'Chip_EEPROM_Write':
../src/eeprom.c:61:12: warning: passing argument 1 of 'iap_entry' from incompatible pointer type [-Wincompatible-pointer-types]
  iap_entry(command, result);
            ^~~~~~~
In file included from C:\Users\vovan\Documents\MCUXpressoIDE_11.0.0_2516\workspace\lpc_chip_15xx\inc/chip.h:158,
                 from ../src/eeprom.c:32:
[...]
Memory region         Used Size  Region Size  %age Used
       MFlash256:       49592 B       256 KB     18.92%
         Ram0_16:        3028 B        16 KB     18.48%
         Ram1_16:          0 GB        16 KB      0.00%
          Ram2_4:          0 GB         4 KB      0.00%
Finished building target: Lab8.2.axf
 
C:/nxp/MCUXpressoIDE_11.0.0_2516/ide/plugins/com.nxp.mcuxpresso.tools.win32_11.0.0.201905131304/buildtools/bin/make --no-print-directory post-build
Performing post-build steps
arm-none-eabi-size "Lab8.2.axf"; # arm-none-eabi-objcopy -v -O binary "Lab8.2.axf" "Lab8.2.bin" ; # checksum -p LPC1549 -d "Lab8.2.bin";
   text	   data	    bss	    dec	    hex	filename
  47100	   2492	    532	  50124	   c3cc	Lab8.2.axf
 
10:29:58 **** Incremental Build of configuration Debug for project lpc_board_nxp_lpcxpresso_1549 ****
make -r all 
make: Nothing to be done for 'all'.
10:29:59 **** Incremental Build of configuration Debug for project lpc_chip_15xx ****
make -r all 
make: Nothing to be done for 'all'.
10:29:59 **** Incremental Build of configuration Debug for project FreeRTOS ****
make -r all 
make: Nothing to be done for 'all'.
10:30:00 **** Incremental Build of configuration Debug for project Lab8.2 ****
make -r -j4 all 
make: Nothing to be done for 'all'.
10:30:01 **** Incremental Build of configuration Debug for project Lab8.2 ****
make -r -j4 all 
make: Nothing to be done for 'all'.
10:36:43 **** Incremental Build of configuration Debug for project lpc_board_nxp_lpcxpresso_1549 ****
make -r all 
make: Nothing to be done for 'all'.
10:36:43 **** Incremental Build of configuration Debug for project lpc_chip_15xx ****
make -r all 
make: Nothing to be done for 'all'.
10:36:43 **** Incremental Build of configuration Debug for project FreeRTOS ****
make -r all 
make: Nothing to be done for 'all'.
10:36:44 **** Incremental Build of configuration Debug for project Lab8.2 ****
make -r -j4 all 
Building file: ../src/Lab8.2.cpp
Invoking: MCU C++ Compiler
arm-none-eabi-c++ -DDEBUG -D__CODE_RED -D__NEWLIB__ -DCORE_M3 -D__USE_LPCOPEN -DCPP_USE_HEAP -D__LPC15XX__ -I"C:\Users\vovan\Documents\MCUXpressoIDE_11.0.0_2516\workspace\lpc_board_nxp_lpcxpresso_1549\inc" -I"C:\Users\vovan\Documents\MCUXpressoIDE_11.0.0_2516\workspace\lpc_chip_15xx\inc" -I"C:\Users\vovan\Documents\MCUXpressoIDE_11.0.0_2516\workspace\FreeRTOS\inc" -I"C:\Users\vovan\Documents\MCUXpressoIDE_11.0.0_2516\workspace\FreeRTOS\src\include" -I"C:\Users\vovan\Documents\MCUXpressoIDE_11.0.0_2516\workspace\FreeRTOS\src\portable\GCC\ARM_CM3" -O0 -fno-common -g3 -Wall -c -fmessage-length=0 -fno-builtin -ffunction-sections -fdata-sections -fno-rtti -fno-exceptions -mcpu=cortex-m3 -mthumb -fstack-usage -MMD -MP -MF"src/Lab8.2.d" -MT"src/Lab8.2.o" -MT"src/Lab8.2.d" -o "src/Lab8.2.o" "../src/Lab8.2.cpp"
Finished building: ../src/Lab8.2.cpp
 
Building target: Lab8.2.axf
Invoking: MCU C++ Linker
arm-none-eabi-c++ -nostdlib -L"C:\Users\vovan\Documents\MCUXpressoIDE_11.0.0_2516\workspace\lpc_board_nxp_lpcxpresso_1549\Debug" -L"C:\Users\vovan\Documents\MCUXpressoIDE_11.0.0_2516\workspace\lpc_chip_15xx\Debug" -L"C:\Users\vovan\Documents\MCUXpressoIDE_11.0.0_2516\workspace\FreeRTOS\Debug" -Xlinker -Map="Lab8.2.map" -Xlinker --cref -Xlinker --gc-sections -Xlinker -print-memory-usage -mcpu=cortex-m3 -mthumb -T "Lab8_2_Debug.ld" -o "Lab8.2.axf"  ./src/DigitalIoPin.o ./src/Lab8.2.o ./src/cr_cpp_config.o ./src/cr_startup_lpc15xx.o ./src/crp.o ./src/sysinit.o   -llpc_board_nxp_lpcxpresso_1549 -llpc_chip_15xx -lFreeRTOS
Memory region         Used Size  Region Size  %age Used
       MFlash256:       49824 B       256 KB     19.01%
         Ram0_16:        3028 B        16 KB     18.48%
         Ram1_16:          0 GB        16 KB      0.00%
          Ram2_4:          0 GB         4 KB      0.00%
Finished building target: Lab8.2.axf
 
C:/nxp/MCUXpressoIDE_11.0.0_2516/ide/plugins/com.nxp.mcuxpresso.tools.win32_11.0.0.201905131304/buildtools/bin/make --no-print-directory post-build
Performing post-build steps
arm-none-eabi-size "Lab8.2.axf"; # arm-none-eabi-objcopy -v -O binary "Lab8.2.axf" "Lab8.2.bin" ; # checksum -p LPC1549 -d "Lab8.2.bin";
   text	   data	    bss	    dec	    hex	filename
  47332	   2492	    532	  50356	   c4b4	Lab8.2.axf
 
10:36:46 **** Incremental Build of configuration Debug for project Lab8.2 ****
make -r -j4 all 
make: Nothing to be done for 'all'.
10:39:36 **** Incremental Build of configuration Debug for project lpc_board_nxp_lpcxpresso_1549 ****
make -r all 
make: Nothing to be done for 'all'.
10:39:36 **** Incremental Build of configuration Debug for project lpc_chip_15xx ****
make -r all 
make: Nothing to be done for 'all'.
10:39:36 **** Incremental Build of configuration Debug for project FreeRTOS ****
make -r all 
make: Nothing to be done for 'all'.
10:39:36 **** Incremental Build of configuration Debug for project Lab8.2 ****
make -r -j4 all 
Building file: ../src/Lab8.2.cpp
Invoking: MCU C++ Compiler
arm-none-eabi-c++ -DDEBUG -D__CODE_RED -D__NEWLIB__ -DCORE_M3 -D__USE_LPCOPEN -DCPP_USE_HEAP -D__LPC15XX__ -I"C:\Users\vovan\Documents\MCUXpressoIDE_11.0.0_2516\workspace\lpc_board_nxp_lpcxpresso_1549\inc" -I"C:\Users\vovan\Documents\MCUXpressoIDE_11.0.0_2516\workspace\lpc_chip_15xx\inc" -I"C:\Users\vovan\Documents\MCUXpressoIDE_11.0.0_2516\workspace\FreeRTOS\inc" -I"C:\Users\vovan\Documents\MCUXpressoIDE_11.0.0_2516\workspace\FreeRTOS\src\include" -I"C:\Users\vovan\Documents\MCUXpressoIDE_11.0.0_2516\workspace\FreeRTOS\src\portable\GCC\ARM_CM3" -O0 -fno-common -g3 -Wall -c -fmessage-length=0 -fno-builtin -ffunction-sections -fdata-sections -fno-rtti -fno-exceptions -mcpu=cortex-m3 -mthumb -fstack-usage -MMD -MP -MF"src/Lab8.2.d" -MT"src/Lab8.2.o" -MT"src/Lab8.2.d" -o "src/Lab8.2.o" "../src/Lab8.2.cpp"
Finished building: ../src/Lab8.2.cpp
 
Building target: Lab8.2.axf
Invoking: MCU C++ Linker
arm-none-eabi-c++ -nostdlib -L"C:\Users\vovan\Documents\MCUXpressoIDE_11.0.0_2516\workspace\lpc_board_nxp_lpcxpresso_1549\Debug" -L"C:\Users\vovan\Documents\MCUXpressoIDE_11.0.0_2516\workspace\lpc_chip_15xx\Debug" -L"C:\Users\vovan\Documents\MCUXpressoIDE_11.0.0_2516\workspace\FreeRTOS\Debug" -Xlinker -Map="Lab8.2.map" -Xlinker --cref -Xlinker --gc-sections -Xlinker -print-memory-usage -mcpu=cortex-m3 -mthumb -T "Lab8_2_Debug.ld" -o "Lab8.2.axf"  ./src/DigitalIoPin.o ./src/Lab8.2.o ./src/cr_cpp_config.o ./src/cr_startup_lpc15xx.o ./src/crp.o ./src/sysinit.o   -llpc_board_nxp_lpcxpresso_1549 -llpc_chip_15xx -lFreeRTOS
Memory region         Used Size  Region Size  %age Used
       MFlash256:       49824 B       256 KB     19.01%
         Ram0_16:        3028 B        16 KB     18.48%
         Ram1_16:          0 GB        16 KB      0.00%
          Ram2_4:          0 GB         4 KB      0.00%
Finished building target: Lab8.2.axf
 
C:/nxp/MCUXpressoIDE_11.0.0_2516/ide/plugins/com.nxp.mcuxpresso.tools.win32_11.0.0.201905131304/buildtools/bin/make --no-print-directory post-build
Performing post-build steps
arm-none-eabi-size "Lab8.2.axf"; # arm-none-eabi-objcopy -v -O binary "Lab8.2.axf" "Lab8.2.bin" ; # checksum -p LPC1549 -d "Lab8.2.bin";
   text	   data	    bss	    dec	    hex	filename
  47332	   2492	    532	  50356	   c4b4	Lab8.2.axf
 
10:39:38 **** Incremental Build of configuration Debug for project Lab8.2 ****
make -r -j4 all 
make: Nothing to be done for 'all'.
10:40:58 **** Incremental Build of configuration Debug for project lpc_board_nxp_lpcxpresso_1549 ****
make -r all 
make: Nothing to be done for 'all'.
10:40:58 **** Incremental Build of configuration Debug for project lpc_chip_15xx ****
make -r all 
make: Nothing to be done for 'all'.
10:40:59 **** Incremental Build of configuration Debug for project FreeRTOS ****
make -r all 
make: Nothing to be done for 'all'.
10:40:59 **** Incremental Build of configuration Debug for project Lab8.2 ****
make -r -j4 all 
Building file: ../src/Lab8.2.cpp
Invoking: MCU C++ Compiler
arm-none-eabi-c++ -DDEBUG -D__CODE_RED -D__NEWLIB__ -DCORE_M3 -D__USE_LPCOPEN -DCPP_USE_HEAP -D__LPC15XX__ -I"C:\Users\vovan\Documents\MCUXpressoIDE_11.0.0_2516\workspace\lpc_board_nxp_lpcxpresso_1549\inc" -I"C:\Users\vovan\Documents\MCUXpressoIDE_11.0.0_2516\workspace\lpc_chip_15xx\inc" -I"C:\Users\vovan\Documents\MCUXpressoIDE_11.0.0_2516\workspace\FreeRTOS\inc" -I"C:\Users\vovan\Documents\MCUXpressoIDE_11.0.0_2516\workspace\FreeRTOS\src\include" -I"C:\Users\vovan\Documents\MCUXpressoIDE_11.0.0_2516\workspace\FreeRTOS\src\portable\GCC\ARM_CM3" -O0 -fno-common -g3 -Wall -c -fmessage-length=0 -fno-builtin -ffunction-sections -fdata-sections -fno-rtti -fno-exceptions -mcpu=cortex-m3 -mthumb -fstack-usage -MMD -MP -MF"src/Lab8.2.d" -MT"src/Lab8.2.o" -MT"src/Lab8.2.d" -o "src/Lab8.2.o" "../src/Lab8.2.cpp"
Finished building: ../src/Lab8.2.cpp
 
Building target: Lab8.2.axf
Invoking: MCU C++ Linker
arm-none-eabi-c++ -nostdlib -L"C:\Users\vovan\Documents\MCUXpressoIDE_11.0.0_2516\workspace\lpc_board_nxp_lpcxpresso_1549\Debug" -L"C:\Users\vovan\Documents\MCUXpressoIDE_11.0.0_2516\workspace\lpc_chip_15xx\Debug" -L"C:\Users\vovan\Documents\MCUXpressoIDE_11.0.0_2516\workspace\FreeRTOS\Debug" -Xlinker -Map="Lab8.2.map" -Xlinker --cref -Xlinker --gc-sections -Xlinker -print-memory-usage -mcpu=cortex-m3 -mthumb -T "Lab8_2_Debug.ld" -o "Lab8.2.axf"  ./src/DigitalIoPin.o ./src/Lab8.2.o ./src/cr_cpp_config.o ./src/cr_startup_lpc15xx.o ./src/crp.o ./src/sysinit.o   -llpc_board_nxp_lpcxpresso_1549 -llpc_chip_15xx -lFreeRTOS
Memory region         Used Size  Region Size  %age Used
       MFlash256:       49824 B       256 KB     19.01%
         Ram0_16:        3028 B        16 KB     18.48%
         Ram1_16:          0 GB        16 KB      0.00%
          Ram2_4:          0 GB         4 KB      0.00%
Finished building target: Lab8.2.axf
 
C:/nxp/MCUXpressoIDE_11.0.0_2516/ide/plugins/com.nxp.mcuxpresso.tools.win32_11.0.0.201905131304/buildtools/bin/make --no-print-directory post-build
Performing post-build steps
arm-none-eabi-size "Lab8.2.axf"; # arm-none-eabi-objcopy -v -O binary "Lab8.2.axf" "Lab8.2.bin" ; # checksum -p LPC1549 -d "Lab8.2.bin";
   text	   data	    bss	    dec	    hex	filename
  47332	   2492	    532	  50356	   c4b4	Lab8.2.axf
 
10:41:01 **** Incremental Build of configuration Debug for project Lab8.2 ****
make -r -j4 all 
make: Nothing to be done for 'all'.
10:45:28 **** Incremental Build of configuration Debug for project lpc_board_nxp_lpcxpresso_1549 ****
make -r all 
make: Nothing to be done for 'all'.
10:45:28 **** Incremental Build of configuration Debug for project lpc_chip_15xx ****
make -r all 
make: Nothing to be done for 'all'.
10:45:29 **** Incremental Build of configuration Debug for project FreeRTOS ****
make -r all 
make: Nothing to be done for 'all'.
10:45:29 **** Incremental Build of configuration Debug for project Lab8.2 ****
make -r -j4 all 
make: Nothing to be done for 'all'.
10:45:30 **** Incremental Build of configuration Debug for project Lab8.2 ****
make -r -j4 all 
make: Nothing to be done for 'all'.
10:50:20 **** Incremental Build of configuration Debug for project lpc_board_nxp_lpcxpresso_1549 ****
make -r all 
make: Nothing to be done for 'all'.
10:50:20 **** Incremental Build of configuration Debug for project lpc_chip_15xx ****
make -r all 
make: Nothing to be done for 'all'.
10:50:20 **** Incremental Build of configuration Debug for project FreeRTOS ****
make -r all 
make: Nothing to be done for 'all'.
10:50:21 **** Incremental Build of configuration Debug for project Lab8.2 ****
make -r -j4 all 
Building file: ../src/Lab8.2.cpp
Invoking: MCU C++ Compiler
arm-none-eabi-c++ -DDEBUG -D__CODE_RED -D__NEWLIB__ -DCORE_M3 -D__USE_LPCOPEN -DCPP_USE_HEAP -D__LPC15XX__ -I"C:\Users\vovan\Documents\MCUXpressoIDE_11.0.0_2516\workspace\lpc_board_nxp_lpcxpresso_1549\inc" -I"C:\Users\vovan\Documents\MCUXpressoIDE_11.0.0_2516\workspace\lpc_chip_15xx\inc" -I"C:\Users\vovan\Documents\MCUXpressoIDE_11.0.0_2516\workspace\FreeRTOS\inc" -I"C:\Users\vovan\Documents\MCUXpressoIDE_11.0.0_2516\workspace\FreeRTOS\src\include" -I"C:\Users\vovan\Documents\MCUXpressoIDE_11.0.0_2516\workspace\FreeRTOS\src\portable\GCC\ARM_CM3" -O0 -fno-common -g3 -Wall -c -fmessage-length=0 -fno-builtin -ffunction-sections -fdata-sections -fno-rtti -fno-exceptions -mcpu=cortex-m3 -mthumb -fstack-usage -MMD -MP -MF"src/Lab8.2.d" -MT"src/Lab8.2.o" -MT"src/Lab8.2.d" -o "src/Lab8.2.o" "../src/Lab8.2.cpp"
Finished building: ../src/Lab8.2.cpp
 
Building target: Lab8.2.axf
Invoking: MCU C++ Linker
arm-none-eabi-c++ -nostdlib -L"C:\Users\vovan\Documents\MCUXpressoIDE_11.0.0_2516\workspace\lpc_board_nxp_lpcxpresso_1549\Debug" -L"C:\Users\vovan\Documents\MCUXpressoIDE_11.0.0_2516\workspace\lpc_chip_15xx\Debug" -L"C:\Users\vovan\Documents\MCUXpressoIDE_11.0.0_2516\workspace\FreeRTOS\Debug" -Xlinker -Map="Lab8.2.map" -Xlinker --cref -Xlinker --gc-sections -Xlinker -print-memory-usage -mcpu=cortex-m3 -mthumb -T "Lab8_2_Debug.ld" -o "Lab8.2.axf"  ./src/DigitalIoPin.o ./src/Lab8.2.o ./src/cr_cpp_config.o ./src/cr_startup_lpc15xx.o ./src/crp.o ./src/sysinit.o   -llpc_board_nxp_lpcxpresso_1549 -llpc_chip_15xx -lFreeRTOS
Memory region         Used Size  Region Size  %age Used
       MFlash256:       49840 B       256 KB     19.01%
         Ram0_16:        3028 B        16 KB     18.48%
         Ram1_16:          0 GB        16 KB      0.00%
          Ram2_4:          0 GB         4 KB      0.00%
Finished building target: Lab8.2.axf
 
C:/nxp/MCUXpressoIDE_11.0.0_2516/ide/plugins/com.nxp.mcuxpresso.tools.win32_11.0.0.201905131304/buildtools/bin/make --no-print-directory post-build
Performing post-build steps
arm-none-eabi-size "Lab8.2.axf"; # arm-none-eabi-objcopy -v -O binary "Lab8.2.axf" "Lab8.2.bin" ; # checksum -p LPC1549 -d "Lab8.2.bin";
   text	   data	    bss	    dec	    hex	filename
  47348	   2492	    532	  50372	   c4c4	Lab8.2.axf
 
10:50:23 **** Incremental Build of configuration Debug for project Lab8.2 ****
make -r -j4 all 
make: Nothing to be done for 'all'.
10:53:07 **** Incremental Build of configuration Debug for project lpc_board_nxp_lpcxpresso_1549 ****
make -r all 
make: Nothing to be done for 'all'.
10:53:07 **** Incremental Build of configuration Debug for project lpc_chip_15xx ****
make -r all 
make: Nothing to be done for 'all'.
10:53:08 **** Incremental Build of configuration Debug for project FreeRTOS ****
make -r all 
make: Nothing to be done for 'all'.
10:53:08 **** Incremental Build of configuration Debug for project Lab8.2 ****
make -r -j4 all 
Building file: ../src/Lab8.2.cpp
Invoking: MCU C++ Compiler
arm-none-eabi-c++ -DDEBUG -D__CODE_RED -D__NEWLIB__ -DCORE_M3 -D__USE_LPCOPEN -DCPP_USE_HEAP -D__LPC15XX__ -I"C:\Users\vovan\Documents\MCUXpressoIDE_11.0.0_2516\workspace\lpc_board_nxp_lpcxpresso_1549\inc" -I"C:\Users\vovan\Documents\MCUXpressoIDE_11.0.0_2516\workspace\lpc_chip_15xx\inc" -I"C:\Users\vovan\Documents\MCUXpressoIDE_11.0.0_2516\workspace\FreeRTOS\inc" -I"C:\Users\vovan\Documents\MCUXpressoIDE_11.0.0_2516\workspace\FreeRTOS\src\include" -I"C:\Users\vovan\Documents\MCUXpressoIDE_11.0.0_2516\workspace\FreeRTOS\src\portable\GCC\ARM_CM3" -O0 -fno-common -g3 -Wall -c -fmessage-length=0 -fno-builtin -ffunction-sections -fdata-sections -fno-rtti -fno-exceptions -mcpu=cortex-m3 -mthumb -fstack-usage -MMD -MP -MF"src/Lab8.2.d" -MT"src/Lab8.2.o" -MT"src/Lab8.2.d" -o "src/Lab8.2.o" "../src/Lab8.2.cpp"
Finished building: ../src/Lab8.2.cpp
 
Building target: Lab8.2.axf
Invoking: MCU C++ Linker
arm-none-eabi-c++ -nostdlib -L"C:\Users\vovan\Documents\MCUXpressoIDE_11.0.0_2516\workspace\lpc_board_nxp_lpcxpresso_1549\Debug" -L"C:\Users\vovan\Documents\MCUXpressoIDE_11.0.0_2516\workspace\lpc_chip_15xx\Debug" -L"C:\Users\vovan\Documents\MCUXpressoIDE_11.0.0_2516\workspace\FreeRTOS\Debug" -Xlinker -Map="Lab8.2.map" -Xlinker --cref -Xlinker --gc-sections -Xlinker -print-memory-usage -mcpu=cortex-m3 -mthumb -T "Lab8_2_Debug.ld" -o "Lab8.2.axf"  ./src/DigitalIoPin.o ./src/Lab8.2.o ./src/cr_cpp_config.o ./src/cr_startup_lpc15xx.o ./src/crp.o ./src/sysinit.o   -llpc_board_nxp_lpcxpresso_1549 -llpc_chip_15xx -lFreeRTOS
Memory region         Used Size  Region Size  %age Used
       MFlash256:       49864 B       256 KB     19.02%
         Ram0_16:        3028 B        16 KB     18.48%
         Ram1_16:          0 GB        16 KB      0.00%
          Ram2_4:          0 GB         4 KB      0.00%
Finished building target: Lab8.2.axf
 
C:/nxp/MCUXpressoIDE_11.0.0_2516/ide/plugins/com.nxp.mcuxpresso.tools.win32_11.0.0.201905131304/buildtools/bin/make --no-print-directory post-build
Performing post-build steps
arm-none-eabi-size "Lab8.2.axf"; # arm-none-eabi-objcopy -v -O binary "Lab8.2.axf" "Lab8.2.bin" ; # checksum -p LPC1549 -d "Lab8.2.bin";
   text	   data	    bss	    dec	    hex	filename
  47372	   2492	    532	  50396	   c4dc	Lab8.2.axf
 
10:53:10 **** Incremental Build of configuration Debug for project Lab8.2 ****
make -r -j4 all 
make: Nothing to be done for 'all'.
10:58:12 **** Incremental Build of configuration Debug for project lpc_board_nxp_lpcxpresso_1549 ****
make -r all 
make: Nothing to be done for 'all'.
10:58:12 **** Incremental Build of configuration Debug for project lpc_chip_15xx ****
make -r all 
make: Nothing to be done for 'all'.
10:58:12 **** Incremental Build of configuration Debug for project FreeRTOS ****
make -r all 
make: Nothing to be done for 'all'.
10:58:12 **** Incremental Build of configuration Debug for project Lab8.2 ****
make -r -j4 all 
Building file: ../src/Lab8.2.cpp
Invoking: MCU C++ Compiler
arm-none-eabi-c++ -DDEBUG -D__CODE_RED -D__NEWLIB__ -DCORE_M3 -D__USE_LPCOPEN -DCPP_USE_HEAP -D__LPC15XX__ -I"C:\Users\vovan\Documents\MCUXpressoIDE_11.0.0_2516\workspace\lpc_board_nxp_lpcxpresso_1549\inc" -I"C:\Users\vovan\Documents\MCUXpressoIDE_11.0.0_2516\workspace\lpc_chip_15xx\inc" -I"C:\Users\vovan\Documents\MCUXpressoIDE_11.0.0_2516\workspace\FreeRTOS\inc" -I"C:\Users\vovan\Documents\MCUXpressoIDE_11.0.0_2516\workspace\FreeRTOS\src\include" -I"C:\Users\vovan\Documents\MCUXpressoIDE_11.0.0_2516\workspace\FreeRTOS\src\portable\GCC\ARM_CM3" -O0 -fno-common -g3 -Wall -c -fmessage-length=0 -fno-builtin -ffunction-sections -fdata-sections -fno-rtti -fno-exceptions -mcpu=cortex-m3 -mthumb -fstack-usage -MMD -MP -MF"src/Lab8.2.d" -MT"src/Lab8.2.o" -MT"src/Lab8.2.d" -o "src/Lab8.2.o" "../src/Lab8.2.cpp"
Finished building: ../src/Lab8.2.cpp
 
Building target: Lab8.2.axf
Invoking: MCU C++ Linker
arm-none-eabi-c++ -nostdlib -L"C:\Users\vovan\Documents\MCUXpressoIDE_11.0.0_2516\workspace\lpc_board_nxp_lpcxpresso_1549\Debug" -L"C:\Users\vovan\Documents\MCUXpressoIDE_11.0.0_2516\workspace\lpc_chip_15xx\Debug" -L"C:\Users\vovan\Documents\MCUXpressoIDE_11.0.0_2516\workspace\FreeRTOS\Debug" -Xlinker -Map="Lab8.2.map" -Xlinker --cref -Xlinker --gc-sections -Xlinker -print-memory-usage -mcpu=cortex-m3 -mthumb -T "Lab8_2_Debug.ld" -o "Lab8.2.axf"  ./src/DigitalIoPin.o ./src/Lab8.2.o ./src/cr_cpp_config.o ./src/cr_startup_lpc15xx.o ./src/crp.o ./src/sysinit.o   -llpc_board_nxp_lpcxpresso_1549 -llpc_chip_15xx -lFreeRTOS
Memory region         Used Size  Region Size  %age Used
       MFlash256:       49872 B       256 KB     19.02%
         Ram0_16:        3028 B        16 KB     18.48%
         Ram1_16:          0 GB        16 KB      0.00%
          Ram2_4:          0 GB         4 KB      0.00%
Finished building target: Lab8.2.axf
 
C:/nxp/MCUXpressoIDE_11.0.0_2516/ide/plugins/com.nxp.mcuxpresso.tools.win32_11.0.0.201905131304/buildtools/bin/make --no-print-directory post-build
Performing post-build steps
arm-none-eabi-size "Lab8.2.axf"; # arm-none-eabi-objcopy -v -O binary "Lab8.2.axf" "Lab8.2.bin" ; # checksum -p LPC1549 -d "Lab8.2.bin";
   text	   data	    bss	    dec	    hex	filename
  47380	   2492	    532	  50404	   c4e4	Lab8.2.axf
 
10:58:14 **** Incremental Build of configuration Debug for project Lab8.2 ****
make -r -j4 all 
make: Nothing to be done for 'all'.
