09:57:07 **** Incremental Build of configuration Debug for project Lab4.3 ****
make -r -j4 all 
Building file: ../src/Lab4.3.cpp
Invoking: MCU C++ Compiler
arm-none-eabi-c++ -DDEBUG -D__CODE_RED -D__NEWLIB__ -DCORE_M3 -D__USE_LPCOPEN -DCPP_USE_HEAP -D__LPC15XX__ -I"C:\Users\vovan\Documents\MCUXpressoIDE_11.0.0_2516\workspace\lpc_board_nxp_lpcxpresso_1549\inc" -I"C:\Users\vovan\Documents\MCUXpressoIDE_11.0.0_2516\workspace\lpc_chip_15xx\inc" -I"C:\Users\vovan\Documents\MCUXpressoIDE_11.0.0_2516\workspace\FreeRTOS\inc" -I"C:\Users\vovan\Documents\MCUXpressoIDE_11.0.0_2516\workspace\FreeRTOS\src\include" -I"C:\Users\vovan\Documents\MCUXpressoIDE_11.0.0_2516\workspace\FreeRTOS\src\portable\GCC\ARM_CM3" -O0 -fno-common -g3 -Wall -c -fmessage-length=0 -fno-builtin -ffunction-sections -fdata-sections -fno-rtti -fno-exceptions -mcpu=cortex-m3 -mthumb -fstack-usage -MMD -MP -MF"src/Lab4.3.d" -MT"src/Lab4.3.o" -MT"src/Lab4.3.d" -o "src/Lab4.3.o" "../src/Lab4.3.cpp"
Finished building: ../src/Lab4.3.cpp
 
Building target: Lab4.3.axf
Invoking: MCU C++ Linker
arm-none-eabi-c++ -nostdlib -L"C:\Users\vovan\Documents\MCUXpressoIDE_11.0.0_2516\workspace\lpc_board_nxp_lpcxpresso_1549\Debug" -L"C:\Users\vovan\Documents\MCUXpressoIDE_11.0.0_2516\workspace\lpc_chip_15xx\Debug" -L"C:\Users\vovan\Documents\MCUXpressoIDE_11.0.0_2516\workspace\FreeRTOS\Debug" -Xlinker -Map="Lab4.3.map" -Xlinker --cref -Xlinker --gc-sections -Xlinker -print-memory-usage -mcpu=cortex-m3 -mthumb -T "Lab4_3_Debug.ld" -o "Lab4.3.axf"  ./src/DigitalIoPin.o ./src/Lab4.3.o ./src/cr_cpp_config.o ./src/cr_startup_lpc15xx.o ./src/crp.o ./src/sysinit.o   -llpc_board_nxp_lpcxpresso_1549 -llpc_chip_15xx -lFreeRTOS
Memory region         Used Size  Region Size  %age Used
       MFlash256:       39704 B       256 KB     15.15%
         Ram0_16:        2956 B        16 KB     18.04%
         Ram1_16:          0 GB        16 KB      0.00%
          Ram2_4:          0 GB         4 KB      0.00%
Finished building target: Lab4.3.axf
 
C:/nxp/MCUXpressoIDE_11.0.0_2516/ide/plugins/com.nxp.mcuxpresso.tools.win32_11.0.0.201905131304/buildtools/bin/make --no-print-directory post-build
Performing post-build steps
arm-none-eabi-size "Lab4.3.axf"; # arm-none-eabi-objcopy -v -O binary "Lab4.3.axf" "Lab4.3.bin" ; # checksum -p LPC1549 -d "Lab4.3.bin";
   text	   data	    bss	    dec	    hex	filename
  37224	   2480	    476	  40180	   9cf4	Lab4.3.axf
 

09:57:08 Build Finished. 0 errors, 0 warnings. (took 828ms)

